05-14 14:27:39.182 D/ActivityManager( 2603): app = com.amazon.imp, has single user service, setting process record.
05-14 14:27:39.549 D/WifiService( 2603): releaseWifiLockLocked: WifiLock{HTTPMetricsTransport type=3 binder=android.os.BinderProxy@1a026216}
05-14 14:27:39.562 D/WifiService( 2603): acquireWifiLockLocked: WifiLock{HTTPMetricsTransport type=3 binder=android.os.BinderProxy@fca376}
05-14 14:27:39.577 D/ActivityManager( 2603): single user service: com.amazon.imp
05-14 14:27:39.577 D/ActivityManager( 2603): app = com.amazon.imp, has single user service, setting process record.
05-14 14:27:39.916 D/WifiService( 2603): releaseWifiLockLocked: WifiLock{HTTPMetricsTransport type=3 binder=android.os.BinderProxy@fca376}
05-14 14:27:39.929 D/WifiService( 2603): acquireWifiLockLocked: WifiLock{HTTPMetricsTransport type=3 binder=android.os.BinderProxy@ecf3450}
05-14 14:27:39.944 D/ActivityManager( 2603): single user service: com.amazon.imp
05-14 14:27:39.945 D/ActivityManager( 2603): app = com.amazon.imp, has single user service, setting process record.
05-14 14:27:39.954 E/RemotePrintSpooler( 2603): Error removing obsolete print jobs .
05-14 14:27:39.954 E/RemotePrintSpooler( 2603): java.util.concurrent.TimeoutException: Cannot get spooler!
05-14 14:27:39.954 E/RemotePrintSpooler( 2603): 	at com.android.server.print.RemotePrintSpooler.bindLocked(RemotePrintSpooler.java:378)
05-14 14:27:39.954 E/RemotePrintSpooler( 2603): 	at com.android.server.print.RemotePrintSpooler.getRemoteInstanceLazy(RemotePrintSpooler.java:354)
05-14 14:27:39.954 E/RemotePrintSpooler( 2603): 	at com.android.server.print.RemotePrintSpooler.removeObsoletePrintJobs(RemotePrintSpooler.java:289)
05-14 14:27:39.954 E/RemotePrintSpooler( 2603): 	at com.android.server.print.UserState.removeObsoletePrintJobs(UserState.java:165)
05-14 14:27:39.954 E/RemotePrintSpooler( 2603): 	at com.android.server.print.PrintManagerService$PrintManagerImpl$3.run(PrintManagerService.java:649)
05-14 14:27:39.954 E/RemotePrintSpooler( 2603): 	at android.os.Handler.handleCallback(Handler.java:739)
05-14 14:27:39.954 E/RemotePrintSpooler( 2603): 	at android.os.Handler.dispatchMessage(Handler.java:95)
05-14 14:27:39.954 E/RemotePrintSpooler( 2603): 	at android.os.Looper.loop(Looper.java:135)
05-14 14:27:39.954 E/RemotePrintSpooler( 2603): 	at android.os.HandlerThread.run(HandlerThread.java:61)
05-14 14:27:39.954 I/UsageStatsService( 2603): User[0] Flushing usage stats to disk
05-14 14:27:39.983 I/UsageStatsDatabase( 2603): Moving file /data/system/usagestats/0/daily/1538123342860 to /data/system/usagestats/0/daily/1538124127209
05-14 14:27:39.984 I/UsageStatsDatabase( 2603): Moving file /data/system/usagestats/0/weekly/1537777742860 to /data/system/usagestats/0/weekly/1537778527209
05-14 14:27:39.984 I/UsageStatsDatabase( 2603): Moving file /data/system/usagestats/0/monthly/1535963342860 to /data/system/usagestats/0/monthly/1535964127209
05-14 14:27:39.984 I/UsageStatsDatabase( 2603): Moving file /data/system/usagestats/0/yearly/1537462680356 to /data/system/usagestats/0/yearly/1537463464705
05-14 14:27:39.989 I/UsageStatsService( 2603): User[0] Rollover scheduled @ 2018-05-14 17:00:00(1526342400000)
05-14 14:27:40.035 E/ActivityThread( 2603): Failed to find provider info for telephony
05-14 14:27:40.263 D/WifiService( 2603): releaseWifiLockLocked: WifiLock{HTTPMetricsTransport type=3 binder=android.os.BinderProxy@ecf3450}
05-14 14:27:40.277 D/WifiService( 2603): acquireWifiLockLocked: WifiLock{HTTPMetricsTransport type=3 binder=android.os.BinderProxy@3b3f588b}
05-14 14:27:40.291 D/ActivityManager( 2603): single user service: com.amazon.imp
05-14 14:27:40.294 D/ActivityManager( 2603): app = com.amazon.imp, has single user service, setting process record.
05-14 14:27:40.600 D/WifiService( 2603): releaseWifiLockLocked: WifiLock{HTTPMetricsTransport type=3 binder=android.os.BinderProxy@3b3f588b}
05-14 14:27:40.613 D/WifiService( 2603): acquireWifiLockLocked: WifiLock{HTTPMetricsTransport type=3 binder=android.os.BinderProxy@3fc8f267}
05-14 14:27:40.628 D/ActivityManager( 2603): single user service: com.amazon.imp
05-14 14:27:40.629 D/ActivityManager( 2603): app = com.amazon.imp, has single user service, setting process record.
05-14 14:27:40.900 D/WifiService( 2603): releaseWifiLockLocked: WifiLock{HTTPMetricsTransport type=3 binder=android.os.BinderProxy@3fc8f267}
05-14 14:27:40.916 D/WifiService( 2603): acquireWifiLockLocked: WifiLock{HTTPMetricsTransport type=3 binder=android.os.BinderProxy@33684e03}
05-14 14:27:40.928 D/ActivityManager( 2603): single user service: com.amazon.imp
05-14 14:27:40.929 D/ActivityManager( 2603): app = com.amazon.imp, has single user service, setting process record.
05-14 14:27:40.960 I/SystemServiceManager( 2603): Starting phase 1000
05-14 14:27:40.960 E/AmazonInputManagerService( 2603): Could not read the bit button map java.io.FileNotFoundException: /data/system/toggleBitButtonMap.txt: open failed: ENOENT (No such file or directory)
05-14 14:27:40.973 I/ActivityManager( 2603): Start proc 4686:com.android.bluetooth/1002 for on-hold
05-14 14:27:40.984 I/IAMZN_DHA( 4695): iamzn_dha_open called
05-14 14:27:40.984 V/ActivityManager( 2603): Display changed displayId=0
05-14 14:27:40.987 I/IAMZN_DHA( 4695): Connected to amzn_dha service successfully
05-14 14:27:40.987 I/IAMZN_DHA( 4695): iamzn_dha_get_field called
05-14 14:27:40.987 I/        ( 4695): get_hmac called
05-14 14:27:40.998 I/IAMZN_DMRPROV( 4696): iamzn_drmprov_open called
05-14 14:27:40.998 I/IAMZN_DHA( 4696): Connected to amzn_dha service successfully
05-14 14:27:40.998 I/IAMZN_DMRPROV( 4696): iamzn_drmprov_prov_supported_types called
05-14 14:27:40.998 I/        ( 4696): prov_supported_types called
05-14 14:27:41.032 D/VendorDisplayManagerGlobalCallback( 4686): callGetInstance: nil
05-14 14:27:41.040 I/        ( 4695): get_hmac returned successfully
05-14 14:27:41.041 I/IAMZN_DHA( 4695): intel_amzn_dha_close called
05-14 14:27:41.041 I/IAMZN_DHA( 4695): Disconnected from MEI client
05-14 14:27:41.042 I/        ( 4696): prov_supported_types returned successfully
05-14 14:27:41.042 I/IAMZN_DMRPROV( 4696): iamzn_drmprov_prov_check called
05-14 14:27:41.042 I/        ( 4696): prov_check called
05-14 14:27:41.042 I/        ( 4696): prov_check returned successfully
05-14 14:27:41.042 I/IAMZN_DMRPROV( 4696): key 0 is provisioned
05-14 14:27:41.042 I/IAMZN_DMRPROV( 4696): iamzn_drmprov_prov_check called
05-14 14:27:41.042 I/        ( 4696): prov_check called
05-14 14:27:41.045 I/        ( 4696): prov_check returned successfully
05-14 14:27:41.045 I/IAMZN_DMRPROV( 4696): key 0x1 is provisioned
05-14 14:27:41.045 I/IAMZN_DMRPROV( 4696): iamzn_drmprov_prov_check called
05-14 14:27:41.045 I/        ( 4696): prov_check called
05-14 14:27:41.046 I/        ( 4696): prov_check returned successfully
05-14 14:27:41.046 I/IAMZN_DMRPROV( 4696): key 0x8 is provisioned
05-14 14:27:41.046 I/IAMZN_DMRPROV( 4696): iamzn_drmprov_prov_check called
05-14 14:27:41.046 I/        ( 4696): prov_check called
05-14 14:27:41.048 I/        ( 4696): prov_check returned successfully
05-14 14:27:41.048 I/IAMZN_DMRPROV( 4696): key 0x2 is provisioned
05-14 14:27:41.048 I/IAMZN_DMRPROV( 4696): iamzn_drmprov_prov_check called
05-14 14:27:41.048 I/        ( 4696): prov_check called
05-14 14:27:41.048 I/        ( 4696): prov_check returned successfully
05-14 14:27:41.048 I/IAMZN_DMRPROV( 4696): key 0x3 is provisioned
05-14 14:27:41.048 I/IAMZN_DMRPROV( 4696): iamzn_drmprov_prov_check called
05-14 14:27:41.048 I/        ( 4696): prov_check called
05-14 14:27:41.048 I/        ( 4696): prov_check returned successfully
05-14 14:27:41.048 I/IAMZN_DMRPROV( 4696): key 0x4 is provisioned
05-14 14:27:41.048 I/IAMZN_DMRPROV( 4696): iamzn_drmprov_prov_check called
05-14 14:27:41.048 I/        ( 4696): prov_check called
05-14 14:27:41.049 I/        ( 4696): prov_check returned successfully
05-14 14:27:41.049 I/IAMZN_DMRPROV( 4696): key 0x5 is not provisioned
05-14 14:27:41.049 I/IAMZN_DMRPROV( 4696): iamzn_drmprov_prov_check called
05-14 14:27:41.049 I/        ( 4696): prov_check called
05-14 14:27:41.049 I/        ( 4696): prov_check returned successfully
05-14 14:27:41.050 I/IAMZN_DMRPROV( 4696): key 0x6 is not provisioned
05-14 14:27:41.050 I/IAMZN_DMRPROV( 4696): iamzn_drmprov_prov_check called
05-14 14:27:41.050 I/        ( 4696): prov_check called
05-14 14:27:41.050 I/        ( 4696): prov_check returned successfully
05-14 14:27:41.050 I/IAMZN_DMRPROV( 4696): key 0x7 is not provisioned
05-14 14:27:41.050 I/IAMZN_DMRPROV( 4696): DRM restore is not support on this device
05-14 14:27:41.050 I/IAMZN_DMRPROV( 4696): iamzn_drmprov_prov_check called
05-14 14:27:41.050 I/        ( 4696): prov_check called
05-14 14:27:41.050 I/        ( 4696): prov_check returned successfully
05-14 14:27:41.050 I/IAMZN_DMRPROV( 4696): key 0 is provisioned
05-14 14:27:41.053 I/IAMZN_DMRPROV( 4696): iamzn_drmprov_prov_check called
05-14 14:27:41.053 I/        ( 4696): prov_check called
05-14 14:27:41.054 W/ActivityManager( 2603): Unable to start service Intent { cmp=com.amazon.device.smarthome.dshs.headlessux/.SmartHomeHeadlessUxService } U=0: not found
05-14 14:27:41.059 I/        ( 4696): prov_check returned successfully
05-14 14:27:41.059 I/IAMZN_DMRPROV( 4696): key 0x1 is provisioned
05-14 14:27:41.059 I/IAMZN_DMRPROV( 4696): iamzn_drmprov_prov_check called
05-14 14:27:41.059 I/        ( 4696): prov_check called
05-14 14:27:41.061 I/        ( 4696): prov_check returned successfully
05-14 14:27:41.061 I/IAMZN_DMRPROV( 4696): key 0x8 is provisioned
05-14 14:27:41.063 I/IAMZN_DMRPROV( 4696): iamzn_drmprov_prov_check called
05-14 14:27:41.063 I/        ( 4696): prov_check called
05-14 14:27:41.067 I/        ( 4696): prov_check returned successfully
05-14 14:27:41.067 I/IAMZN_DMRPROV( 4696): key 0x2 is provisioned
05-14 14:27:41.067 I/IAMZN_DMRPROV( 4696): iamzn_drmprov_prov_check called
05-14 14:27:41.067 I/        ( 4696): prov_check called
05-14 14:27:41.069 I/        ( 4696): prov_check returned successfully
05-14 14:27:41.069 I/IAMZN_DMRPROV( 4696): key 0x3 is provisioned
05-14 14:27:41.069 I/IAMZN_DMRPROV( 4696): iamzn_drmprov_prov_check called
05-14 14:27:41.069 I/        ( 4696): prov_check called
05-14 14:27:41.071 I/        ( 4696): prov_check returned successfully
05-14 14:27:41.071 I/IAMZN_DMRPROV( 4696): key 0x4 is provisioned
05-14 14:27:41.072 I/IAMZN_DMRPROV( 4696): iamzn_drmprov_prov_check called
05-14 14:27:41.072 I/        ( 4696): prov_check called
05-14 14:27:41.072 I/        ( 4696): prov_check returned successfully
05-14 14:27:41.072 I/IAMZN_DMRPROV( 4696): key 0x5 is not provisioned
05-14 14:27:41.072 I/IAMZN_DMRPROV( 4696): iamzn_drmprov_prov_check called
05-14 14:27:41.072 I/        ( 4696): prov_check called
05-14 14:27:41.073 I/        ( 4696): prov_check returned successfully
05-14 14:27:41.073 I/IAMZN_DMRPROV( 4696): key 0x6 is not provisioned
05-14 14:27:41.073 I/IAMZN_DMRPROV( 4696): iamzn_drmprov_prov_check called
05-14 14:27:41.073 I/        ( 4696): prov_check called
05-14 14:27:41.073 I/        ( 4696): prov_check returned successfully
05-14 14:27:41.073 I/IAMZN_DMRPROV( 4696): key 0x7 is not provisioned
05-14 14:27:41.074 I/IAMZN_DMRPROV( 4696): iamzn_drmprov_close called
05-14 14:27:41.074 I/IAMZN_DHA( 4696): Disconnected from MEI client
05-14 14:27:41.080 I/Vlog    ( 2603): dropbox:SYSTEM_BOOT:fgtracking=false;DV;1,Counter=1.0;CT;1,unit=count;DV;1,metadata=unknown!{"d"#{"app_version"#"unknown"$"source"#"dropbox"}};DV;1:HI
05-14 14:27:41.090 I/BootReceiver( 2603): Copying audit failures to DropBox
05-14 14:27:41.091 I/BootReceiver( 2603): Copying /data/system/SYSTEM_LAST_KMSG to DropBox (SYSTEM_LAST_KMSG)
05-14 14:27:41.094 I/Vlog    ( 2603): LifeCycleReason:LCR_abnormal:fgtracking=false;DV;1,key=Life_Cycle_Reason_Not_Available;DV;1,Counter=1.0;CT;1,unit=count;DV;1,metadata=Life_Cycle_Reason_Not_Available;DV;1:HI
05-14 14:27:41.095 I/CrashDescriptorUtil( 2603): addErrorToCommonLog Hash already present in file
05-14 14:27:41.096 I/Vlog    ( 2603): LifeCycleReason:LCR:fgtracking=false;DV;1,key=Life_Cycle_Reason_Not_Available;DV;1,Counter=1.0;CT;1,unit=count;DV;1,metadata=Life_Cycle_Reason_Not_Available!{"d"#{"app_version"#"unknown"$"source"#"dropbox"}};DV;1:HI
05-14 14:27:41.150 I/BootReceiver( 2603): Checking for fsck errors
05-14 14:27:41.157 D/ECS_CloudPresenceNotifier( 3178): Ignoring event due to quiet mode: HELLO_TTS_DONE
05-14 14:27:41.157 I/ECS_ECService( 3178): Received event: HELLO_TTS_DONE
05-14 14:27:41.157 I/ECS_ECStateMachine( 3178): Received event: HELLO_TTS_DONE
05-14 14:27:41.157 D/ECS_ECStateMachine( 3178): Turning off the screen because the idle property was set
05-14 14:27:41.157 D/ECS_ECStateMachine( 3178): updateContentProvider: 1
05-14 14:27:41.201 E/BootReceiver( 2603): Can't find amazon debug log 
05-14 14:27:41.202 I/LoggerMetricsFactoryImpl( 2603): KnightKeyUsageStats:KeyUsage:PrivacyDisable=1.0;CT;1:NR
05-14 14:27:41.204 W/MountService( 2603): Duplicate state transition (mounted -> mounted) for /storage/emulated/0
05-14 14:27:41.217 I/ECS_ECDeviceModeEventProvider( 3178): Received broadcast intent: amazon.intent.action.PRIVACY_MODE_OFF
05-14 14:27:41.218 D/ECS_CloudPresenceNotifier( 3178): Ignoring event due to quiet mode: PRIVACY_MODE_OFF
05-14 14:27:41.218 I/ECS_ECService( 3178): Received event: PRIVACY_MODE_OFF
05-14 14:27:41.218 I/ECS_ECStateMachine( 3178): Received event: PRIVACY_MODE_OFF
05-14 14:27:41.218 I/ECS_ECStateMachine( 3178): ECS state changed from AWAKE to AWAKE with shouldEnableHDS: true
05-14 14:27:41.218 D/ECS_ECStateMachine( 3178): refreshed screen off timeout to: 300000
05-14 14:27:41.320 I/LoggerMetricsFactoryImpl( 2955): SmartHome:DSHS:MetricNumPairedDevicesPerDay=0.0;CT;1:NR
05-14 14:27:41.320 I/LoggerMetricsFactoryImpl( 2955): SmartHome:DSHS:MetricNumNewPairedDevicesPerDay=0.0;CT;1:NR
05-14 14:27:41.453 I/ActivityManager( 2603): Start proc 4764:com.android.keychain/1000 for service com.android.keychain/.KeyChainService
05-14 14:27:41.473 I/ECS_ECService( 3178): Received event: BOOT_COMPLETE
05-14 14:27:41.473 I/ECS_ECStateMachine( 3178): Received event: BOOT_COMPLETE
05-14 14:27:41.473 D/ECS_ECStateMachine( 3178): now:java.util.GregorianCalendar[time=?,areFieldsSet=false,lenient=true,zone=America/Los_Angeles,firstDayOfWeek=1,minimalDaysInFirstWeek=1,ERA=1,YEAR=2018,MONTH=4,WEEK_OF_YEAR=20,WEEK_OF_MONTH=3,DAY_OF_MONTH=14,DAY_OF_YEAR=134,DAY_OF_WEEK=2,DAY_OF_WEEK_IN_MONTH=2,AM_PM=1,HOUR=2,HOUR_OF_DAY=14,MINUTE=27,SECOND=41,MILLISECOND=473,ZONE_OFFSET=-28800000,DST_OFFSET=3600000] start:java.util.GregorianCalendar[time=?,areFieldsSet=false,lenient=true,zone=America/Los_Angeles,firstDayOfWeek=1,minimalDaysInFirstWeek=1,ERA=1,YEAR=2018,MONTH=4,WEEK_OF_YEAR=20,WEEK_OF_MONTH=3,DAY_OF_MONTH=14,DAY_OF_YEAR=134,DAY_OF_WEEK=2,DAY_OF_WEEK_IN_MONTH=2,AM_PM=1,HOUR=2,HOUR_OF_DAY=22,MINUTE=0,SECOND=41,MILLISECOND=473,ZONE_OFFSET=-28800000,DST_OFFSET=3600000] end:java.util.GregorianCalendar[time=?,areFieldsSet=false,lenient=true,zone=America/Los_Angeles,firstDayOfWeek=1,minimalDaysInFirstWeek=1,ERA=1,YEAR=2018,MONTH=4,WEEK_OF_YEAR=20,WEEK_OF_MONTH=3,DAY_OF_MONTH=14,DAY_OF_YEAR=134,DAY_OF_WEEK=2,DAY_OF_WEEK_IN_MONTH=2,AM_PM=1,HOUR=2,HOUR_OF_DAY=7,MINUTE=0,SECOND=41,MILLISECOND=473,ZONE_OFFSET=-28800000,DST_OFFSET=3600000]
05-14 14:27:41.473 I/ECS_ECStateMachine( 3178): after start: false before end: false
05-14 14:27:41.474 D/ECS_ECStateMachine( 3178): Setting the night alarm at 22:00
05-14 14:27:41.481 I/LoggerMetricsFactoryImpl( 2955): SmartHome:simEventMetricRev3:errorCountAfterStartNoEventsLost=0.0;CT;1:NR
05-14 14:27:41.504 I/location( 2603): location_manager:passive:request_location_updates=1.0;CT;1:NR
05-14 14:27:41.504 I/location( 2603): location_manager:passive:interval=0.0;TI;1:NR
05-14 14:27:41.504 I/location( 2603): location_manager:passive:displacement=0.0;TI;1:NR
05-14 14:27:41.504 I/location( 2603): location_manager:passive:request_location_updates_app=com.android.systemui;DV;1:NR
05-14 14:27:41.518 I/LoggerMetricsFactoryImpl( 2955): SmartHome:simEventMetricRev3:simClientConnected=1.0;CT;1:NR
05-14 14:27:41.578 D/VendorDisplayManagerGlobalCallback( 4764): callGetInstance: nil
05-14 14:27:41.626 I/ECS_ECService( 3178): Received event: HELLO_TTS_DONE
05-14 14:27:41.626 I/ECS_ECStateMachine( 3178): Received event: HELLO_TTS_DONE
05-14 14:27:41.626 D/ECS_ECStateMachine( 3178): Turning off the screen because the idle property was set
05-14 14:27:41.626 D/ECS_ECStateMachine( 3178): updateContentProvider: 1
05-14 14:27:41.687 I/ActivityManager( 2603): Start proc 4799:com.amazon.device.crashmanager/u0a22004 for broadcast com.amazon.device.crashmanager/.CrashManagerSystemReceiver
05-14 14:27:41.714 I/LoggerMetricsFactoryImpl( 3116): SmartHome:WiFi:MetricNumPairedDevices_Protocol_WiFi=0.0;CT;1:NR
05-14 14:27:41.714 I/LoggerMetricsFactoryImpl( 3116): SmartHome:WiFi:MetricNumPairedDevices_Type_UNKNOWN=0.0;CT;1:NR
05-14 14:27:41.714 I/LoggerMetricsFactoryImpl( 3116): SmartHome:WiFi:MetricNumPairedDevices_Type_CONTACT_SENSOR=0.0;CT;1:NR
05-14 14:27:41.714 I/LoggerMetricsFactoryImpl( 3116): SmartHome:WiFi:MetricNumPairedDevices_Type_MOTION_SENSOR=0.0;CT;1:NR
05-14 14:27:41.714 I/LoggerMetricsFactoryImpl( 3116): SmartHome:WiFi:MetricNumPairedDevices_Type_DOOR=0.0;CT;1:NR
05-14 14:27:41.714 I/LoggerMetricsFactoryImpl( 3116): SmartHome:WiFi:MetricNumPairedDevices_Type_ADAPTER=0.0;CT;1:NR
05-14 14:27:41.714 I/LoggerMetricsFactoryImpl( 3116): SmartHome:WiFi:MetricNumPairedDevices_Type_SMARTLOCK=0.0;CT;1:NR
05-14 14:27:41.714 I/LoggerMetricsFactoryImpl( 3116): SmartHome:WiFi:MetricNumPairedDevices_Type_TEMPERATURE_SENSOR=0.0;CT;1:NR
05-14 14:27:41.714 I/LoggerMetricsFactoryImpl( 3116): SmartHome:WiFi:MetricNumPairedDevices_Type_BLIND=0.0;CT;1:NR
05-14 14:27:41.714 I/LoggerMetricsFactoryImpl( 3116): SmartHome:WiFi:MetricNumPairedDevices_Type_SCENE_TRIGGER=0.0;CT;1:NR
05-14 14:27:41.714 I/LoggerMetricsFactoryImpl( 3116): SmartHome:WiFi:MetricNumPairedDevices_Type_SWITCH=0.0;CT;1:NR
05-14 14:27:41.714 I/LoggerMetricsFactoryImpl( 3116): SmartHome:WiFi:MetricNumPairedDevices_Type_ACTIVITY_TRIGGER=0.0;CT;1:NR
05-14 14:27:41.714 I/LoggerMetricsFactoryImpl( 3116): SmartHome:WiFi:MetricNumPairedDevices_Type_LIGHT=0.0;CT;1:NR
05-14 14:27:41.714 I/LoggerMetricsFactoryImpl( 3116): SmartHome:WiFi:MetricNumPairedDevices_Type_CAMERA=0.0;CT;1:NR
05-14 14:27:41.715 I/LoggerMetricsFactoryImpl( 3116): SmartHome:WiFi:MetricNumPairedDevices_Type_OTHER=0.0;CT;1:NR
05-14 14:27:41.715 I/LoggerMetricsFactoryImpl( 3116): SmartHome:WiFi:MetricNumPairedDevices_Type_SMARTPLUG=0.0;CT;1:NR
05-14 14:27:41.715 I/LoggerMetricsFactoryImpl( 3116): SmartHome:WiFi:MetricNumPairedDevices_Type_FAN=0.0;CT;1:NR
05-14 14:27:41.715 I/LoggerMetricsFactoryImpl( 3116): SmartHome:WiFi:MetricNumPairedDevices_Type_THERMOSTAT=0.0;CT;1:NR
05-14 14:27:41.715 I/LoggerMetricsFactoryImpl( 3116): SmartHome:WiFi:MetricNumPairedDevices_Type_BINARY_SENSOR=0.0;CT;1:NR
05-14 14:27:41.715 I/LoggerMetricsFactoryImpl( 3116): SmartHome:WiFi:MetricNumNewPairedDevicesPerDay_Protocol_WiFi=0.0;CT;1:NR
05-14 14:27:41.715 I/LoggerMetricsFactoryImpl( 3116): SmartHome:WiFi:MetricNumNewPairedDevices_Type_UNKNOWN=0.0;CT;1:NR
05-14 14:27:41.715 I/LoggerMetricsFactoryImpl( 3116): SmartHome:WiFi:MetricNumNewPairedDevices_Type_CONTACT_SENSOR=0.0;CT;1:NR
05-14 14:27:41.715 I/LoggerMetricsFactoryImpl( 3116): SmartHome:WiFi:MetricNumNewPairedDevices_Type_MOTION_SENSOR=0.0;CT;1:NR
05-14 14:27:41.715 I/LoggerMetricsFactoryImpl( 3116): SmartHome:WiFi:MetricNumNewPairedDevices_Type_DOOR=0.0;CT;1:NR
05-14 14:27:41.715 I/LoggerMetricsFactoryImpl( 3116): SmartHome:WiFi:MetricNumNewPairedDevices_Type_ADAPTER=0.0;CT;1:NR
05-14 14:27:41.715 I/LoggerMetricsFactoryImpl( 3116): SmartHome:WiFi:MetricNumNewPairedDevices_Type_SMARTLOCK=0.0;CT;1:NR
05-14 14:27:41.715 I/LoggerMetricsFactoryImpl( 3116): SmartHome:WiFi:MetricNumNewPairedDevices_Type_TEMPERATURE_SENSOR=0.0;CT;1:NR
05-14 14:27:41.715 I/LoggerMetricsFactoryImpl( 3116): SmartHome:WiFi:MetricNumNewPairedDevices_Type_BLIND=0.0;CT;1:NR
05-14 14:27:41.715 I/LoggerMetricsFactoryImpl( 3116): SmartHome:WiFi:MetricNumNewPairedDevices_Type_SCENE_TRIGGER=0.0;CT;1:NR
05-14 14:27:41.715 I/LoggerMetricsFactoryImpl( 3116): SmartHome:WiFi:MetricNumNewPairedDevices_Type_SWITCH=0.0;CT;1:NR
05-14 14:27:41.715 I/LoggerMetricsFactoryImpl( 3116): SmartHome:WiFi:MetricNumNewPairedDevices_Type_ACTIVITY_TRIGGER=0.0;CT;1:NR
05-14 14:27:41.715 I/LoggerMetricsFactoryImpl( 3116): SmartHome:WiFi:MetricNumNewPairedDevices_Type_LIGHT=0.0;CT;1:NR
05-14 14:27:41.715 I/LoggerMetricsFactoryImpl( 3116): SmartHome:WiFi:MetricNumNewPairedDevices_Type_CAMERA=0.0;CT;1:NR
05-14 14:27:41.715 I/LoggerMetricsFactoryImpl( 3116): SmartHome:WiFi:MetricNumNewPairedDevices_Type_OTHER=0.0;CT;1:NR
05-14 14:27:41.715 I/LoggerMetricsFactoryImpl( 3116): SmartHome:WiFi:MetricNumNewPairedDevices_Type_SMARTPLUG=0.0;CT;1:NR
05-14 14:27:41.715 I/LoggerMetricsFactoryImpl( 3116): SmartHome:WiFi:MetricNumNewPairedDevices_Type_FAN=0.0;CT;1:NR
05-14 14:27:41.715 I/LoggerMetricsFactoryImpl( 3116): SmartHome:WiFi:MetricNumNewPairedDevices_Type_THERMOSTAT=0.0;CT;1:NR
05-14 14:27:41.715 I/LoggerMetricsFactoryImpl( 3116): SmartHome:WiFi:MetricNumNewPairedDevices_Type_BINARY_SENSOR=0.0;CT;1:NR
05-14 14:27:41.781 D/VendorDisplayManagerGlobalCallback( 4799): callGetInstance: nil
05-14 14:27:42.016 I/PowerManagerService( 2603): Nap time (uid 1000)...
05-14 14:27:42.035 I/DreamManagerService( 2603): Entering dreamland.
05-14 14:27:42.035 I/PowerManagerService( 2603): Dreaming...
05-14 14:27:42.036 I/DreamController( 2603): Starting dream: name=ComponentInfo{com.amazon.displayclockface/com.amazon.displayclockface.dream.ClockDream}, isTest=false, canDoze=false, userId=0
05-14 14:27:42.041 D/ECS_ECScreenStateEventProvider( 3178): interactiveState was unknown; ignoring screen on
05-14 14:27:42.058 D/WifiService( 2603): releaseWifiLockLocked: WifiLock{HTTPMetricsTransport type=3 binder=android.os.BinderProxy@33684e03}
05-14 14:27:42.073 I/ActivityManager( 2603): Start proc 4840:com.amazon.displayclockface/u0a22083 for service com.amazon.displayclockface/.dream.ClockDream
05-14 14:27:42.147 D/VendorDisplayManagerGlobalCallback( 4840): callGetInstance: nil
05-14 14:27:42.164 I/sched_latency( 4865): Sched:sched_latency:type=0;DV;1,key=AudioIn_run_delay_hist.HIST_0_10US.;DV;1,counter=1721;CT;1,unit=count;DV;1:HI 
05-14 14:27:42.192 I/sched_latency( 4873): Sched:sched_latency:type=0;DV;1,key=AudioIn_run_delay_hist.HIST_10US_100US.;DV;1,counter=185;CT;1,unit=count;DV;1:HI 
05-14 14:27:42.201 I/PowerManagerNotifier( 2603): BroadcastedInteractiveState=1 ActualInteractiveState=1
05-14 14:27:42.219 I/sched_latency( 4878): Sched:sched_latency:type=0;DV;1,key=AudioIn_run_delay_hist.HIST_100US_1MS.;DV;1,counter=8;CT;1,unit=count;DV;1:HI 
05-14 14:27:42.240 D/WifiService( 2603): acquireWifiLockLocked: WifiLock{HTTPMetricsTransport type=3 binder=android.os.BinderProxy@182a1ba6}
05-14 14:27:42.248 I/sched_latency( 4883): Sched:sched_latency:type=0;DV;1,key=AudioIn_run_delay_hist.HIST_1MS_10MS.;DV;1,counter=1;CT;1,unit=count;DV;1:HI 
05-14 14:27:42.267 I/sched_latency( 4888): Sched:sched_latency:type=0;DV;1,key=AudioIn_run_delay_hist.HIST_10MS_100MS.;DV;1,counter=0;CT;1,unit=count;DV;1:HI 
05-14 14:27:42.281 D/ActivityManager( 2603): single user service: com.amazon.imp
05-14 14:27:42.282 D/ActivityManager( 2603): app = com.amazon.imp, has single user service, setting process record.
05-14 14:27:42.292 I/sched_latency( 4893): Sched:sched_latency:type=0;DV;1,key=AudioIn_run_delay_hist.HIST_MORE_100MS.;DV;1,counter=0;CT;1,unit=count;DV;1:HI 
05-14 14:27:42.318 I/sched_latency( 4898): Sched:sched_latency:type=0;DV;1,key=AudioIn_exec_hist.HIST_0_10US.;DV;1,counter=149;CT;1,unit=count;DV;1:HI 
05-14 14:27:42.339 I/sched_latency( 4904): Sched:sched_latency:type=0;DV;1,key=AudioIn_exec_hist.HIST_10US_100US.;DV;1,counter=272;CT;1,unit=count;DV;1:HI 
05-14 14:27:42.364 D/ActivityManager( 2603): single user service: com.amazon.device.crashmanager
05-14 14:27:42.365 D/ActivityManager( 2603): app = com.amazon.device.crashmanager, has single user service, setting process record.
05-14 14:27:42.370 I/sched_latency( 4910): Sched:sched_latency:type=0;DV;1,key=AudioIn_exec_hist.HIST_100US_1MS.;DV;1,counter=2043;CT;1,unit=count;DV;1:HI 
05-14 14:27:42.395 I/ECS_ECService( 3178): Received event: SCREEN_OFF
05-14 14:27:42.396 I/ECS_ECStateMachine( 3178): Received event: SCREEN_OFF
05-14 14:27:42.396 I/ECS_ECStateMachine( 3178): ECS state changed from AWAKE to ASLEEP with shouldEnableHDS: true
05-14 14:27:42.397 I/ECS_ECStateMachine( 3178): HDS state should be changed to: DETECT_MOTION
05-14 14:27:42.398 I/sched_latency( 4917): Sched:sched_latency:type=0;DV;1,key=AudioIn_exec_hist.HIST_1MS_10MS.;DV;1,counter=57;CT;1,unit=count;DV;1:HI 
05-14 14:27:42.411 I/FrameworkJumpTable( 4840): Successfully loaded all classes
05-14 14:27:42.417 D/ECS_ECStateMachine( 3178): Got wakelock released for a non-owner pid: 3178
05-14 14:27:42.424 I/sched_latency( 4925): Sched:sched_latency:type=0;DV;1,key=AudioIn_exec_hist.HIST_10MS_100MS.;DV;1,counter=0;CT;1,unit=count;DV;1:HI 
05-14 14:27:42.438 W/KeyguardServiceDelegate( 2603): onScreenTurnedOn(): no keyguard service!
05-14 14:27:42.438 I/FrameworkJumpTable( 4840): Successfully loaded all methods
05-14 14:27:42.441 I/FrameworkJumpTable( 4840): Successfully loaded all fields
05-14 14:27:42.458 I/sched_latency( 4931): Sched:sched_latency:type=0;DV;1,key=AudioIn_exec_hist.HIST_MORE_100MS.;DV;1,counter=0;CT;1,unit=count;DV;1:HI 
05-14 14:27:42.591 I/sched_latency( 4947): Sched:sched_latency:type=0;DV;1,key=AudioOut_run_delay_hist.HIST_0_10US.;DV;1,counter=7396;CT;1,unit=count;DV;1:HI 
05-14 14:27:42.600 I/HDS_CameraDataProvider( 3798): Received event: START_CAMERA_PROVIDER, CameraProviderState: INIT
05-14 14:27:42.602 I/HDS_CameraDataProvider( 3798): Camera not initialized before starting. Initializing now...
05-14 14:27:42.614 I/sched_latency( 4953): Sched:sched_latency:type=0;DV;1,key=AudioOut_run_delay_hist.HIST_10US_100US.;DV;1,counter=92;CT;1,unit=count;DV;1:HI 
05-14 14:27:42.639 I/sched_latency( 4958): Sched:sched_latency:type=0;DV;1,key=AudioOut_run_delay_hist.HIST_100US_1MS.;DV;1,counter=5;CT;1,unit=count;DV;1:HI 
05-14 14:27:42.665 I/sched_latency( 4963): Sched:sched_latency:type=0;DV;1,key=AudioOut_run_delay_hist.HIST_1MS_10MS.;DV;1,counter=0;CT;1,unit=count;DV;1:HI 
05-14 14:27:42.694 I/sched_latency( 4968): Sched:sched_latency:type=0;DV;1,key=AudioOut_run_delay_hist.HIST_10MS_100MS.;DV;1,counter=0;CT;1,unit=count;DV;1:HI 
05-14 14:27:42.735 I/HDS_CameraDataProvider( 3798): Starting the new handler startHandlerThread
05-14 14:27:42.740 I/sched_latency( 4975): Sched:sched_latency:type=0;DV;1,key=AudioOut_run_delay_hist.HIST_MORE_100MS.;DV;1,counter=0;CT;1,unit=count;DV;1:HI 
05-14 14:27:42.752 I/HDS_HDCameraAvailabilityCallback( 3798): Camera 0 has become available!
05-14 14:27:42.769 I/HDS_CameraDataProvider( 3798): Received event: ON_CAMERA_AVAILABLE, CameraProviderState: STARTING
05-14 14:27:42.769 I/HDS_CameraDataProvider( 3798): opening camera...
05-14 14:27:42.773 D/HDS_CameraDataProvider( 3798): Attempting to change state to: DETECT_MOTION
05-14 14:27:42.780 I/sched_latency( 4981): Sched:sched_latency:type=0;DV;1,key=AudioOut_exec_hist.HIST_0_10US.;DV;1,counter=423;CT;1,unit=count;DV;1:HI 
05-14 14:27:42.805 I/sched_latency( 4986): Sched:sched_latency:type=0;DV;1,key=AudioOut_exec_hist.HIST_10US_100US.;DV;1,counter=3825;CT;1,unit=count;DV;1:HI 
05-14 14:27:42.818 D/WifiService( 2603): releaseWifiLockLocked: WifiLock{HTTPMetricsTransport type=3 binder=android.os.BinderProxy@182a1ba6}
05-14 14:27:42.827 I/sched_latency( 4991): Sched:sched_latency:type=0;DV;1,key=AudioOut_exec_hist.HIST_100US_1MS.;DV;1,counter=118;CT;1,unit=count;DV;1:HI 
05-14 14:27:42.837 I/LoggerMetricsFactoryImpl( 2603): PhoneWindowManager:ActivityChanged:com.amazon.displayclockface=1.0;CT;1:NR
05-14 14:27:42.838 I/Vlog    ( 2603): ScreenTime:PackageScreenTime:fgtracking=false;DV;1,key=com.amazon.paladin;DV;1,Timer=0.0016541666666666666;TI;1,unit=hours;DV;1,metadata=!{"d"#{"app_version"#"1757510"}};DV;1:HI
05-14 14:27:42.838 I/LoggerMetricsFactoryImpl( 2603): PhoneWindowManager:ScreenTime:com.amazon.paladin=5955.0;TI;1,endTimeMs=1.526333262837E12;TI;1,startTimeMs=1.526333256883E12;TI;1:NR
05-14 14:27:42.861 I/sched_latency( 4997): Sched:sched_latency:type=0;DV;1,key=AudioOut_exec_hist.HIST_1MS_10MS.;DV;1,counter=0;CT;1,unit=count;DV;1:HI 
05-14 14:27:42.884 I/sched_latency( 5002): Sched:sched_latency:type=0;DV;1,key=AudioOut_exec_hist.HIST_10MS_100MS.;DV;1,counter=0;CT;1,unit=count;DV;1:HI 
05-14 14:27:42.895 W/InputMethodManagerService( 2603): Settings not found for 'safe mode' for current user
05-14 14:27:42.936 I/sched_latency( 5008): Sched:sched_latency:type=0;DV;1,key=AudioOut_exec_hist.HIST_MORE_100MS.;DV;1,counter=0;CT;1,unit=count;DV;1:HI 
05-14 14:27:43.079 I/sched_latency( 5018): Sched:sched_latency:type=0;DV;1,key=irq.29_run_delay_hist.HIST_0_10US.;DV;1,counter=1846;CT;1,unit=count;DV;1:HI 
05-14 14:27:43.115 I/sched_latency( 5023): Sched:sched_latency:type=0;DV;1,key=irq.29_run_delay_hist.HIST_10US_100US.;DV;1,counter=20;CT;1,unit=count;DV;1:HI 
05-14 14:27:43.146 I/sched_latency( 5028): Sched:sched_latency:type=0;DV;1,key=irq.29_run_delay_hist.HIST_100US_1MS.;DV;1,counter=0;CT;1,unit=count;DV;1:HI 
05-14 14:27:43.173 I/sched_latency( 5033): Sched:sched_latency:type=0;DV;1,key=irq.29_run_delay_hist.HIST_1MS_10MS.;DV;1,counter=0;CT;1,unit=count;DV;1:HI 
05-14 14:27:43.200 I/sched_latency( 5038): Sched:sched_latency:type=0;DV;1,key=irq.29_run_delay_hist.HIST_10MS_100MS.;DV;1,counter=0;CT;1,unit=count;DV;1:HI 
05-14 14:27:43.232 I/sched_latency( 5046): Sched:sched_latency:type=0;DV;1,key=irq.29_run_delay_hist.HIST_MORE_100MS.;DV;1,counter=0;CT;1,unit=count;DV;1:HI 
05-14 14:27:43.261 I/sched_latency( 5055): Sched:sched_latency:type=0;DV;1,key=irq.29_exec_hist.HIST_0_10US.;DV;1,counter=630;CT;1,unit=count;DV;1:HI 
05-14 14:27:43.293 I/sched_latency( 5060): Sched:sched_latency:type=0;DV;1,key=irq.29_exec_hist.HIST_10US_100US.;DV;1,counter=1159;CT;1,unit=count;DV;1:HI 
05-14 14:27:43.329 I/sched_latency( 5066): Sched:sched_latency:type=0;DV;1,key=irq.29_exec_hist.HIST_100US_1MS.;DV;1,counter=32;CT;1,unit=count;DV;1:HI 
05-14 14:27:43.361 D/ActivityManager( 2603): single user service: com.amazon.device.software.ota
05-14 14:27:43.364 D/ActivityManager( 2603): app = com.amazon.device.software.ota, has single user service, setting process record.
05-14 14:27:43.374 I/sched_latency( 5072): Sched:sched_latency:type=0;DV;1,key=irq.29_exec_hist.HIST_1MS_10MS.;DV;1,counter=0;CT;1,unit=count;DV;1:HI 
05-14 14:27:43.416 I/sched_latency( 5078): Sched:sched_latency:type=0;DV;1,key=irq.29_exec_hist.HIST_10MS_100MS.;DV;1,counter=0;CT;1,unit=count;DV;1:HI 
05-14 14:27:43.440 W/ContextImpl( 4541): Calling a method in the system process without a qualified user: android.app.ContextImpl.startService:1785 android.content.ContextWrapper.startService:541 android.content.ContextWrapper.startService:541 com.android.settings.PostOOBEReceiver.handleBootCompleted:104 com.android.settings.PostOOBEReceiver.onReceive:65 
05-14 14:27:43.461 I/sched_latency( 5084): Sched:sched_latency:type=0;DV;1,key=irq.29_exec_hist.HIST_MORE_100MS.;DV;1,counter=0;CT;1,unit=count;DV;1:HI 
05-14 14:27:43.474 W/ContextImpl( 4541): Calling a method in the system process without a qualified user: android.app.ContextImpl.startService:1785 android.content.ContextWrapper.startService:541 android.content.ContextWrapper.startService:541 com.android.settings.PostOOBEReceiver.handleBootCompleted:115 com.android.settings.PostOOBEReceiver.onReceive:65 
05-14 14:27:43.509 I/temperature( 5092): Thermal:temperature:type=0;DV;1,key=tmp103_72_temp;DV;1,counter=28000;CT;1,unit=count;DV;1:HI 
05-14 14:27:43.526 I/max_temperature( 5094): Thermal:max_temperature:type=0;DV;1,key=tmp103_72_temp;DV;1,counter=28000;CT;1,unit=count;DV;1:HI 
05-14 14:27:43.528 W/ContextImpl( 4541): Calling a method in the system process without a qualified user: android.app.ContextImpl.startService:1785 android.content.ContextWrapper.startService:541 android.content.ContextWrapper.startService:541 com.android.settings.PostOOBEReceiver.handleBootCompleted:146 com.android.settings.PostOOBEReceiver.onReceive:65 
05-14 14:27:43.549 D/WifiService( 2603): New client listening to asynchronous messages
05-14 14:27:43.595 I/temperature( 5102): Thermal:temperature:type=0;DV;1,key=tmp103_70_temp;DV;1,counter=37000;CT;1,unit=count;DV;1:HI 
05-14 14:27:43.605 I/max_temperature( 5104): Thermal:max_temperature:type=0;DV;1,key=tmp103_70_temp;DV;1,counter=36000;CT;1,unit=count;DV;1:HI 
05-14 14:27:43.668 I/temperature( 5114): Thermal:temperature:type=0;DV;1,key=tmp103_71_temp;DV;1,counter=26000;CT;1,unit=count;DV;1:HI 
05-14 14:27:43.680 I/max_temperature( 5118): Thermal:max_temperature:type=0;DV;1,key=tmp103_71_temp;DV;1,counter=26000;CT;1,unit=count;DV;1:HI 
05-14 14:27:43.711 I/temperature( 5129): Thermal:temperature:type=0;DV;1,key=soc_dts0_temp;DV;1,counter=51000;CT;1,unit=count;DV;1:HI 
05-14 14:27:43.719 I/max_temperature( 5130): Thermal:max_temperature:type=0;DV;1,key=soc_dts0_temp;DV;1,counter=46000;CT;1,unit=count;DV;1:HI 
05-14 14:27:43.727 W/ContextImpl( 4541): Calling a method in the system process without a qualified user: android.app.ContextImpl.sendBroadcast:1420 android.content.ContextWrapper.sendBroadcast:402 com.amazon.settings.device.SettingsInitializationHelperService.sendSettingsUpdatedBroadcast:243 com.amazon.settings.device.SettingsInitializationHelperService.handleOobeComplete:190 com.amazon.settings.device.SettingsInitializationHelperService.onHandleIntent:93 
05-14 14:27:43.755 I/temperature( 5137): Thermal:temperature:type=0;DV;1,key=soc_dts1_temp;DV;1,counter=52000;CT;1,unit=count;DV;1:HI 
05-14 14:27:43.757 I/ActivityManager( 2603): Start proc 5138:com.android.managedprovisioning/u0a22023 for broadcast com.android.managedprovisioning/.BootReminder
05-14 14:27:43.769 I/max_temperature( 5143): Thermal:max_temperature:type=0;DV;1,key=soc_dts1_temp;DV;1,counter=45000;CT;1,unit=count;DV;1:HI 
05-14 14:27:43.805 I/glass_camera_vs_temp( 5163): Thermal:glass_camera_vs_temp:type=0;DV;1,key=temp_above_40000;DV;1,counter=0;CT;1,unit=count;DV;1:HI 
05-14 14:27:43.817 I/glass_camera_vs_temp( 5166): Thermal:glass_camera_vs_temp:type=0;DV;1,key=temp_above_40500;DV;1,counter=0;CT;1,unit=count;DV;1:HI 
05-14 14:27:43.831 I/glass_camera_vs_temp( 5169): Thermal:glass_camera_vs_temp:type=0;DV;1,key=temp_above_45000;DV;1,counter=0;CT;1,unit=count;DV;1:HI 
05-14 14:27:43.836 D/VendorDisplayManagerGlobalCallback( 5138): callGetInstance: nil
05-14 14:27:43.849 I/glass_camera_vs_temp( 5172): Thermal:glass_camera_vs_temp:type=0;DV;1,key=temp_above_47000;DV;1,counter=0;CT;1,unit=count;DV;1:HI 
05-14 14:27:43.860 I/glass_camera_vs_temp( 5177): Thermal:glass_camera_vs_temp:type=0;DV;1,key=temp_above_54000;DV;1,counter=0;CT;1,unit=count;DV;1:HI 
05-14 14:27:43.867 W/ActivityManager( 2603): Unable to start service Intent { cmp=com.amazon.tv.csg.dnwstateservice/.DNWStateService } U=0: not found
05-14 14:27:43.881 I/glass_camera_vs_temp( 5181): Thermal:glass_camera_vs_temp:type=0;DV;1,key=temp_above_55000;DV;1,counter=0;CT;1,unit=count;DV;1:HI 
05-14 14:27:43.891 I/glass_camera_vs_temp( 5185): Thermal:glass_camera_vs_temp:type=0;DV;1,key=temp_above_55900;DV;1,counter=0;CT;1,unit=count;DV;1:HI 
05-14 14:27:43.899 I/temperature( 5186): Thermal:temperature:type=0;DV;1,key=glass_camera_vs_temp;DV;1,counter=29240;CT;1,unit=count;DV;1:HI 
05-14 14:27:43.905 I/max_temperature( 5187): Thermal:max_temperature:type=0;DV;1,key=glass_camera_vs_temp;DV;1,counter=29240;CT;1,unit=count;DV;1:HI 
05-14 14:27:43.911 I/ECS_TimeoutManager( 3178): Task stack changed
05-14 14:27:43.911 D/ECS_TimeoutManager( 3178): reset()
05-14 14:27:43.915 D/ECS_TimeoutManager/reset( 3178): com.amazon.paladin:32 
05-14 14:27:43.918 D/ECS_TimeoutManager( 3178): TimeoutPolicy found for packageName com.amazon.paladin: TimeoutPolicy<2147483647s,1>
05-14 14:27:43.919 D/ECS_TimeoutManager( 3178): resetHeartbeat com.amazon.paladin:TimeoutPolicy<2147483647s,1>
05-14 14:27:43.919 D/ECS_TimeoutManager( 3178): TimeoutManager is stopped
05-14 14:27:43.919 D/ECS_TimeoutManager( 3178): timer rescheduled
05-14 14:27:43.929 I/bottom_vs_temp( 5194): Thermal:bottom_vs_temp:type=0;DV;1,key=temp_above_60000;DV;1,counter=0;CT;1,unit=count;DV;1:HI 
05-14 14:27:43.938 I/temperature( 5195): Thermal:temperature:type=0;DV;1,key=bottom_vs_temp;DV;1,counter=17600;CT;1,unit=count;DV;1:HI 
05-14 14:27:43.948 I/max_temperature( 5198): Thermal:max_temperature:type=0;DV;1,key=bottom_vs_temp;DV;1,counter=17600;CT;1,unit=count;DV;1:HI 
05-14 14:27:43.960 I/temperature( 5202): Thermal:temperature:type=0;DV;1,key=coretemp0;DV;1,counter=60000;CT;1,unit=count;DV;1:HI 
05-14 14:27:43.969 I/max_temperature( 5204): Thermal:max_temperature:type=0;DV;1,key=coretemp0;DV;1,counter=90000;CT;1,unit=count;DV;1:HI 
05-14 14:27:43.984 I/temperature( 5208): Thermal:temperature:type=0;DV;1,key=coretemp1;DV;1,counter=60000;CT;1,unit=count;DV;1:HI 
05-14 14:27:43.990 I/max_temperature( 5210): Thermal:max_temperature:type=0;DV;1,key=coretemp1;DV;1,counter=90000;CT;1,unit=count;DV;1:HI 
05-14 14:27:44.001 I/temperature( 5214): Thermal:temperature:type=0;DV;1,key=coretemp2;DV;1,counter=61000;CT;1,unit=count;DV;1:HI 
05-14 14:27:44.009 I/max_temperature( 5215): Thermal:max_temperature:type=0;DV;1,key=coretemp2;DV;1,counter=90000;CT;1,unit=count;DV;1:HI 
05-14 14:27:44.023 I/temperature( 5221): Thermal:temperature:type=0;DV;1,key=coretemp3;DV;1,counter=59000;CT;1,unit=count;DV;1:HI 
05-14 14:27:44.024 I/ActivityManager( 2603): Start proc 5222:com.android.onetimeinitializer/u0a22027 for broadcast com.android.onetimeinitializer/.OneTimeInitializerReceiver
05-14 14:27:44.040 I/max_temperature( 5231): Thermal:max_temperature:type=0;DV;1,key=coretemp3;DV;1,counter=90000;CT;1,unit=count;DV;1:HI 
05-14 14:27:44.083 D/VendorDisplayManagerGlobalCallback( 5222): callGetInstance: nil
05-14 14:27:44.194 I/cpufreq_residency( 5283): CPU:cpufreq_residency:type=0;DV;1,key=freq_residency_1440000;DV;1,counter=2;CT;1,unit=count;DV;1:HI 
05-14 14:27:44.223 I/cpufreq_residency( 5291): CPU:cpufreq_residency:type=0;DV;1,key=freq_residency_1360000;DV;1,counter=0;CT;1,unit=count;DV;1:HI 
05-14 14:27:44.232 D/ActivityManager( 2603): single user service: com.amazon.device.settings
05-14 14:27:44.233 D/ActivityManager( 2603): app = com.amazon.device.settings, has single user service, setting process record.
05-14 14:27:44.251 I/cpufreq_residency( 5300): CPU:cpufreq_residency:type=0;DV;1,key=freq_residency_1280000;DV;1,counter=0;CT;1,unit=count;DV;1:HI 
05-14 14:27:44.257 I/ActivityManager( 2603): Start proc 5302:com.amazon.whisperlink.core.android/u0a22089 for broadcast com.amazon.whisperlink.core.android/.StartupIntentReceiver
05-14 14:27:44.289 I/cpufreq_residency( 5325): CPU:cpufreq_residency:type=0;DV;1,key=freq_residency_1200000;DV;1,counter=0;CT;1,unit=count;DV;1:HI 
05-14 14:27:44.305 D/VendorDisplayManagerGlobalCallback( 5302): callGetInstance: nil
05-14 14:27:44.322 I/cpufreq_residency( 5334): CPU:cpufreq_residency:type=0;DV;1,key=freq_residency_1120000;DV;1,counter=0;CT;1,unit=count;DV;1:HI 
05-14 14:27:44.348 I/cpufreq_residency( 5342): CPU:cpufreq_residency:type=0;DV;1,key=freq_residency_1040000;DV;1,counter=0;CT;1,unit=count;DV;1:HI 
05-14 14:27:44.377 I/cpufreq_residency( 5349): CPU:cpufreq_residency:type=0;DV;1,key=freq_residency_960000;DV;1,counter=0;CT;1,unit=count;DV;1:HI 
05-14 14:27:44.401 I/cpufreq_residency( 5356): CPU:cpufreq_residency:type=0;DV;1,key=freq_residency_880000;DV;1,counter=0;CT;1,unit=count;DV;1:HI 
05-14 14:27:44.422 I/cpufreq_residency( 5364): CPU:cpufreq_residency:type=0;DV;1,key=freq_residency_800000;DV;1,counter=0;CT;1,unit=count;DV;1:HI 
05-14 14:27:44.442 I/cpufreq_residency( 5371): CPU:cpufreq_residency:type=0;DV;1,key=freq_residency_720000;DV;1,counter=0;CT;1,unit=count;DV;1:HI 
05-14 14:27:44.469 I/cpufreq_residency( 5379): CPU:cpufreq_residency:type=0;DV;1,key=freq_residency_640000;DV;1,counter=0;CT;1,unit=count;DV;1:HI 
05-14 14:27:44.485 D/ActivityManager( 2603): single user service: com.amazon.whisperlink.core.android
05-14 14:27:44.487 D/ActivityManager( 2603): app = com.amazon.whisperlink.core.android, has single user service, setting process record.
05-14 14:27:44.499 I/cpufreq_residency( 5391): CPU:cpufreq_residency:type=0;DV;1,key=freq_residency_560000;DV;1,counter=0;CT;1,unit=count;DV;1:HI 
05-14 14:27:44.530 I/cpufreq_residency( 5399): CPU:cpufreq_residency:type=0;DV;1,key=freq_residency_480000;DV;1,counter=0;CT;1,unit=count;DV;1:HI 
05-14 14:27:44.537 I/cpufreq_residency( 5401): CPU:cpufreq_residency:type=0;DV;1,key=current_cpu_frequency;DV;1,counter=1920000;CT;1,unit=count;DV;1:HI 
05-14 14:27:44.547 I/AtomISP ( 5403): ISP:AtomISP:type=0;DV;1,key=ISP_watchdog_count;DV;1,counter=0;CT;1,unit=count;DV;1:HI 
05-14 14:27:44.665 I/HDS_HDCameraStateCallback( 3798): Camera opened successfully.
05-14 14:27:44.665 I/HDS_CameraDataProvider( 3798): Received event: CAMERA_OPEN_SUCCESS, CameraProviderState: OPENING
05-14 14:27:44.666 I/HDS_CameraDataProvider( 3798): Received event: ON_HDS_STATE_CHANGE, CameraProviderState: OPENED
05-14 14:27:44.666 I/HDS_CameraDataProvider( 3798): Starting the capture session in handleStateChange
05-14 14:27:44.701 I/intel_lpe( 5465): Audio:intel_lpe:type=0;DV;1,key=capture_decreasing_hardware_counter;DV;1,counter=0;CT;1,unit=count;DV;1:HI 
05-14 14:27:44.712 I/intel_lpe( 5466): Audio:intel_lpe:type=0;DV;1,key=capture_decreasing_ring_buffer_counter;DV;1,counter=0;CT;1,unit=count;DV;1:HI 
05-14 14:27:44.719 I/intel_lpe( 5469): Audio:intel_lpe:type=0;DV;1,key=capture_overrun;DV;1,counter=0;CT;1,unit=count;DV;1:HI 
05-14 14:27:44.728 I/intel_lpe( 5470): Audio:intel_lpe:type=0;DV;1,key=playback_decreasing_hardware_counter;DV;1,counter=0;CT;1,unit=count;DV;1:HI 
05-14 14:27:44.741 I/intel_lpe( 5471): Audio:intel_lpe:type=0;DV;1,key=playback_decreasing_ring_buffer_counter;DV;1,counter=0;CT;1,unit=count;DV;1:HI 
05-14 14:27:44.748 I/intel_lpe( 5475): Audio:intel_lpe:type=0;DV;1,key=playback_overrun;DV;1,counter=0;CT;1,unit=count;DV;1:HI 
05-14 14:27:44.802 I/ActivityManager( 2603): Start proc 5490:com.amazon.ava.shopping.android/u0a22042 for broadcast com.amazon.ava.shopping.android/com.amazon.ava.shopping.speech.BootCompleteReceiver
05-14 14:27:44.871 I/semaphore( 5520): I2C6:semaphore:type=0;DV;1,key=i2c6_semaphore_request;DV;1,counter=3;CT;1,unit=count;DV;1:HI 
05-14 14:27:44.872 D/VendorDisplayManagerGlobalCallback( 5490): callGetInstance: nil
05-14 14:27:44.881 I/semaphore( 5521): I2C6:semaphore:type=0;DV;1,key=i2c6_semaphore_acquire;DV;1,counter=3;CT;1,unit=count;DV;1:HI 
05-14 14:27:44.890 I/semaphore( 5522): I2C6:semaphore:type=0;DV;1,key=i2c6_semaphore_abort;DV;1,counter=0;CT;1,unit=count;DV;1:HI 
05-14 14:27:44.900 I/semaphore( 5523): I2C6:semaphore:type=0;DV;1,key=i2c6_semaphore_timeout;DV;1,counter=0;CT;1,unit=count;DV;1:HI 
05-14 14:27:44.910 I/emmc    ( 5525): dev_health:emmc:type=0;DV;1,key=pre_eol_info;DV;1,counter=0x01;CT;1,unit=count;DV;1:HI 
05-14 14:27:44.916 I/emmc    ( 5526): dev_health:emmc:type=0;DV;1,key=est_life_time_type_a;DV;1,counter=0x01;CT;1,unit=count;DV;1:HI 
05-14 14:27:44.919 I/HDS_CameraDataProvider( 3798): Received event: CAPTURE_SESSION_CONFIGURED, CameraProviderState: OPENED
05-14 14:27:44.920 I/HDS_HDService( 3798): HDS State changed to: DETECT_MOTION
05-14 14:27:44.925 I/emmc    ( 5527): dev_health:emmc:type=0;DV;1,key=est_life_time_type_b;DV;1,counter=0x01;CT;1,unit=count;DV;1:HI 
05-14 14:27:44.981 D/WifiService( 2603): New client listening to asynchronous messages
05-14 14:27:44.982 I/HDS_CameraDataProvider( 3798): Received event: CAPTURE_SESSION_READY, CameraProviderState: RUNNING
05-14 14:27:45.313 I/HDS_CameraDataProvider( 3798): Received event: ON_IMAGE_AVAILABLE, CameraProviderState: RUNNING
05-14 14:27:45.377 I/HDS_CameraDataProvider( 3798): Received event: ON_IMAGE_METADATA, CameraProviderState: RUNNING
05-14 14:27:45.504 I/Vitals  ( 2238): VitalsCollectionAgent:heartbeat:KDMv3_Data=[['CPU_uptime'!0.009473!0.009473!0.009473!1.000000!]!['heartbeat_sequence'!0!0!0!1.000000!]!['metrics_sent'!0!0!0!1.000000!]!['screen_on_time'!0.000000!0.000000!0.000000!1.000000!]!['vitals_service_crash'!0!0!0!1.000000!]];DV;1,KDMv3_Unit=count;DV;1:HI
05-14 14:27:45.561 D/WifiService( 2603): New client listening to asynchronous messages
05-14 14:27:45.632 D/NsdService( 2603): startMDnsDaemon
05-14 14:27:45.835 D/NsdService( 2603): New client listening to asynchronous messages
05-14 14:27:45.836 D/NsdService( 2603): New client, channel: com.android.internal.util.AsyncChannel@137b2167 messenger: android.os.Messenger@c44cb14
05-14 14:27:46.111 D/ActivityManager( 2603): single user service: com.amazon.device.software.ota
05-14 14:27:46.113 D/ActivityManager( 2603): app = com.amazon.device.software.ota, has single user service, setting process record.
05-14 14:27:46.162 I/ActivityManager( 2603): Start proc 5585:com.amazon.comms.knightcontacts/u0a22046 for broadcast com.amazon.comms.knightcontacts/com.amazon.comms.contacts.app.receiver.DeviceStatusReceiver
05-14 14:27:46.178 D/ActivityManager( 2603): single user service: com.amazon.device.software.ota
05-14 14:27:46.179 D/ActivityManager( 2603): app = com.amazon.device.software.ota, has single user service, setting process record.
05-14 14:27:46.237 D/VendorDisplayManagerGlobalCallback( 5585): callGetInstance: nil
05-14 14:27:46.394 W/BroadcastQueue( 2603): Permission Denial: receiving Intent { act=com.amazon.dcp.sso.action.AmazonAccountPropertyService.property.changed flg=0x10000030 (has extras) } to ProcessRecord{37a8bb0b 2860:com.amazon.bluestone.keyboard/u0a22039} (pid=2860, uid=32039) requires com.amazon.dcp.sso.permission.AmazonAccountPropertyService.property.changed due to sender com.amazon.imp (uid 32058)
05-14 14:27:46.500 I/ActivityManager( 2603): Start proc 5618:com.amazon.knight.calendar/u0a22063 for broadcast com.amazon.knight.calendar/.receiver.BootReceiver
05-14 14:27:46.560 D/VendorDisplayManagerGlobalCallback( 5618): callGetInstance: nil
05-14 14:27:47.115 I/ActivityManager( 2603): addErrorToDropBox inserted hashcode=62e22e25f0a2d4d827b06401403f6aafdc881287 for eventType wtf.
05-14 14:27:47.117 I/Vlog    ( 2603): 1p_2p:bg_wtf:fgtracking=false;DV;1,key=com.amazon.knight.blink;DV;1,Counter=1.0;CT;1,unit=count;DV;1,metadata=62e22e25f0a2d4d827b06401403f6aafdc881287!{"d"#{"app_version"#"209510"}};DV;1:HI
05-14 14:27:47.120 I/Vlog    ( 2603): 1p_2p:bg_wtf:fgtracking=false;DV;1,key=com.amazon.knight.blink;DV;1,Counter=1.0;CT;1,unit=count;DV;1,metadata=62e22e25f0a2d4d827b06401403f6aafdc881287!{"d"#{"app_version"#"209510"$"source"#"dropbox"}};DV;1:HI
05-14 14:27:47.136 I/ActivityManager( 2603): addErrorToDropBox inserted hashcode=2ad779f056184f72202e84d1dda48b898c8b737 for eventType wtf.
05-14 14:27:47.138 I/Vlog    ( 2603): 1p_2p:bg_wtf:fgtracking=false;DV;1,key=com.amazon.knight.blink;DV;1,Counter=1.0;CT;1,unit=count;DV;1,metadata=2ad779f056184f72202e84d1dda48b898c8b737!{"d"#{"app_version"#"209510"}};DV;1:HI
05-14 14:27:47.140 I/Vlog    ( 2603): 1p_2p:bg_wtf:fgtracking=false;DV;1,key=com.amazon.knight.blink;DV;1,Counter=1.0;CT;1,unit=count;DV;1,metadata=2ad779f056184f72202e84d1dda48b898c8b737!{"d"#{"app_version"#"209510"$"source"#"dropbox"}};DV;1:HI
05-14 14:27:47.178 I/CrashDescriptorUtil( 2603): addErrorToCommonLog Hash already present in file
05-14 14:27:47.235 I/CrashDescriptorUtil( 2603): addErrorToCommonLog Hash already present in file
05-14 14:27:47.290 W/BroadcastQueue( 2603): Permission Denial: broadcasting Intent { act=android.net.conn.CONNECTIVITY_CHANGE flg=0x4000010 (has extras) } from null (pid=-1, uid=-1) requires android.permission.ACCESS_NETWORK_STATE due to registered receiver BroadcastFilter{56c2879 u0 ReceiverList{26bbb140 4172 com.amazon.comms.knighttachyon/32048/u0 remote:277a54c3}}
05-14 14:27:47.432 I/ECS_ECService( 3178): Received event: MOTION
05-14 14:27:47.432 I/ECS_ECStateMachine( 3178): Received event: MOTION
05-14 14:27:47.432 I/ECS_ECStateMachine( 3178): ECS state changed from ASLEEP to WAKING with shouldEnableHDS: true
05-14 14:27:47.433 I/ECS_ECStateMachine( 3178): HDS state should be changed to: DETECT_PRESENCE
05-14 14:27:47.433 I/PowerManagerService( 2603): Waking up from dream (uid 32014)...
05-14 14:27:47.434 I/DreamManagerService( 2603): Gently waking up from dream.
05-14 14:27:47.435 I/DreamManagerService( 2603): Leaving dreamland.
05-14 14:27:47.436 I/DreamController( 2603): Stopping dream: name=ComponentInfo{com.amazon.displayclockface/com.amazon.displayclockface.dream.ClockDream}, isTest=false, canDoze=false, userId=0
05-14 14:27:47.439 D/ECS_ECService( 3178): Recorded metric motion_event_to_screen_on_ms : 54
05-14 14:27:47.440 I/ECS_ECService( 3178): Received event: SCREEN_ON
05-14 14:27:47.440 I/ECS_ECStateMachine( 3178): Received event: SCREEN_ON
05-14 14:27:47.464 I/LoggerMetricsFactoryImpl( 2603): PhoneWindowManager:ActivityChanged:com.amazon.paladin=1.0;CT;1:NR
05-14 14:27:47.464 I/Vlog    ( 2603): ScreenTime:PackageScreenTime:fgtracking=false;DV;1,key=com.amazon.displayclockface;DV;1,Timer=0.001285;TI;1,unit=hours;DV;1,metadata=!{"d"#{"app_version"#"1127610"}};DV;1:HI
05-14 14:27:47.464 I/LoggerMetricsFactoryImpl( 2603): PhoneWindowManager:ScreenTime:com.amazon.displayclockface=4626.0;TI;1,endTimeMs=1.526333267464E12;TI;1,startTimeMs=1.526333262837E12;TI;1:NR
05-14 14:27:47.510 D/HDS_CameraDataProvider( 3798): Attempting to change state to: DETECT_PRESENCE
05-14 14:27:47.513 I/HDS_CameraDataProvider( 3798): Received event: ON_HDS_STATE_CHANGE, CameraProviderState: RUNNING
