--------- beginning of metrics
12-28 04:45:05.255 I/kernel_mmc(   26): card=mmcblk0,name=8GME4R,size=7.27 GiB;CT;1;DV;1:NR
12-28 04:45:13.686 I/LoggerMetricsFactoryImpl( 2603): PackageManager:AppInstalled:PackageVersion=5.1.1-104.6.0.9_user_609654720;DV;1,PackageName=android.amazon.perm;DV;1:NR
12-28 04:45:13.693 I/LoggerMetricsFactoryImpl( 2603): PackageManager:AppInstalled:PackageVersion=5.1.1-104.6.0.9_user_609654720;DV;1,PackageName=amazon.fireos;DV;1:NR
12-28 04:45:13.721 I/LoggerMetricsFactoryImpl( 2603): PackageManager:AppInstalled:PackageVersion=5.1.1-104.6.0.9_user_609654720;DV;1,PackageName=android;DV;1:NR
12-28 04:45:13.736 I/LoggerMetricsFactoryImpl( 2603): PackageManager:AppInstalled:PackageVersion=41.99900.2250.0278;DV;1,PackageName=com.amazon.webview;DV;1:NR
12-28 04:45:13.752 I/LoggerMetricsFactoryImpl( 2603): PackageManager:AppInstalled:PackageVersion=Developer Build;DV;1,PackageName=com.amazon.webview.awvdeploymentservice;DV;1:NR
12-28 04:45:13.762 I/LoggerMetricsFactoryImpl( 2603): PackageManager:AppInstalled:PackageVersion=1.1;DV;1,PackageName=com.amazon.webview.metrics.service;DV;1:NR
12-28 04:45:13.778 I/LoggerMetricsFactoryImpl( 2603): PackageManager:AppInstalled:PackageVersion=5.1.1-104.6.0.9_user_609654720;DV;1,PackageName=com.android.backupconfirm;DV;1:NR
12-28 04:45:13.800 I/LoggerMetricsFactoryImpl( 2603): PackageManager:AppInstalled:PackageVersion=1.0.90.9-amazon_59910;DV;1,PackageName=com.amazon.banyan.core;DV;1:NR
12-28 04:45:13.830 I/LoggerMetricsFactoryImpl( 2603): PackageManager:AppInstalled:PackageVersion=5.1.1-104.6.0.9_user_609654720;DV;1,PackageName=com.amazon.providers.contentsupport;DV;1:NR
12-28 04:45:13.853 I/LoggerMetricsFactoryImpl( 2603): PackageManager:AppInstalled:PackageVersion=1.0.200006.0_87710;DV;1,PackageName=com.amazon.device.crashmanager;DV;1:NR
12-28 04:45:13.872 I/LoggerMetricsFactoryImpl( 2603): PackageManager:AppInstalled:PackageVersion=1.0.57.0-CredentialLockerAndroid-tablet_501023910;DV;1,PackageName=com.amazon.wifilocker;DV;1:NR
12-28 04:45:13.882 I/LoggerMetricsFactoryImpl( 2603): PackageManager:AppInstalled:PackageVersion=5.1.1-104.6.0.9_user_609654720;DV;1,PackageName=com.android.defcontainer;DV;1:NR
12-28 04:45:13.894 I/LoggerMetricsFactoryImpl( 2603): PackageManager:AppInstalled:PackageVersion=5.0.200005.0_2429410;DV;1,PackageName=com.amazon.dcp.contracts.framework.library;DV;1:NR
12-28 04:45:13.935 I/LoggerMetricsFactoryImpl( 2603): PackageManager:AppInstalled:PackageVersion=6.0.200012.0_2175610;DV;1,PackageName=com.amazon.device.messaging;DV;1:NR
12-28 04:45:13.948 I/LoggerMetricsFactoryImpl( 2603): PackageManager:AppInstalled:PackageVersion=6.0.200008.0_14410;DV;1,PackageName=com.amazon.device.messaging.sdk.internal.library;DV;1:NR
12-28 04:45:13.959 I/LoggerMetricsFactoryImpl( 2603): PackageManager:AppInstalled:PackageVersion=6.0.200004.0_10010;DV;1,PackageName=com.amazon.device.messaging.sdk.library;DV;1:NR
12-28 04:45:13.978 I/LoggerMetricsFactoryImpl( 2603): PackageManager:AppInstalled:PackageVersion=6.0.200022.0_6119610;DV;1,PackageName=com.amazon.device.software.ota;DV;1:NR
12-28 04:45:13.989 I/LoggerMetricsFactoryImpl( 2603): PackageManager:AppInstalled:PackageVersion=6.0.200014.0_5120510;DV;1,PackageName=com.amazon.dcp.contracts.library;DV;1:NR
12-28 04:45:14.001 I/LoggerMetricsFactoryImpl( 2603): PackageManager:AppInstalled:PackageVersion=1.0.200006.0_1029210;DV;1,PackageName=com.amazon.device.software.ota.override;DV;1:NR
12-28 04:45:14.038 I/LoggerMetricsFactoryImpl( 2603): PackageManager:AppInstalled:PackageVersion=2.0;DV;1,PackageName=com.android.providers.downloads;DV;1:NR
12-28 04:45:14.100 I/LoggerMetricsFactoryImpl( 2603): PackageManager:AppInstalled:PackageVersion=2.0;DV;1,PackageName=com.android.providers.downloads.ui;DV;1:NR
12-28 04:45:14.131 I/LoggerMetricsFactoryImpl( 2603): PackageManager:AppInstalled:PackageVersion=5.1.1-104.6.0.9_user_609654720;DV;1,PackageName=com.amazon.knight.ecs;DV;1:NR
12-28 04:45:14.145 I/LoggerMetricsFactoryImpl( 2603): PackageManager:AppInstalled:PackageVersion=5.1.1-104.6.0.9_user_609654720;DV;1,PackageName=com.android.externalstorage;DV;1:NR
12-28 04:45:14.162 I/LoggerMetricsFactoryImpl( 2603): PackageManager:AppInstalled:PackageVersion=1.0.200000.0_41510;DV;1,PackageName=com.amazon.application.compatibility.enforcer;DV;1:NR
12-28 04:45:14.171 I/LoggerMetricsFactoryImpl( 2603): PackageManager:AppInstalled:PackageVersion=1.0.75.0_153610;DV;1,PackageName=com.amazon.application.compatibility.enforcer.sdk.library;DV;1:NR
12-28 04:45:14.179 I/LoggerMetricsFactoryImpl( 2603): PackageManager:AppInstalled:PackageVersion=1.0.200003.0_67910;DV;1,PackageName=com.amazon.recess;DV;1:NR
12-28 04:45:14.190 I/LoggerMetricsFactoryImpl( 2603): PackageManager:AppInstalled:PackageVersion=5.1.1-104.6.0.9_user_609654720;DV;1,PackageName=com.android.location.fused;DV;1:NR
12-28 04:45:14.211 I/LoggerMetricsFactoryImpl( 2603): PackageManager:AppInstalled:PackageVersion=5.1.1-104.6.0.9_user_609654720;DV;1,PackageName=com.amazon.device.gadgetscontrolmanager;DV;1:NR
12-28 04:45:14.241 I/LoggerMetricsFactoryImpl( 2603): PackageManager:AppInstalled:PackageVersion=5.1.1-104.6.0.9_user_609654720;DV;1,PackageName=com.amazon.knight.hds;DV;1:NR
12-28 04:45:14.258 I/LoggerMetricsFactoryImpl( 2603): PackageManager:AppInstalled:PackageVersion=5.1.1-104.6.0.9_user_609654720;DV;1,PackageName=com.android.inputdevices;DV;1:NR
12-28 04:45:14.270 I/LoggerMetricsFactoryImpl( 2603): PackageManager:AppInstalled:PackageVersion=79410;DV;1,PackageName=com.ivona.tts.oem;DV;1:NR
12-28 04:45:14.282 I/LoggerMetricsFactoryImpl( 2603): PackageManager:AppInstalled:PackageVersion=5.1.1-104.6.0.9_user_609654720;DV;1,PackageName=com.ivona.orchestrator;DV;1:NR
12-28 04:45:14.380 I/LoggerMetricsFactoryImpl( 2603): PackageManager:AppInstalled:PackageVersion=5.1.1-104.6.0.9_user_609654720;DV;1,PackageName=com.android.settings;DV;1:NR
12-28 04:45:14.404 I/LoggerMetricsFactoryImpl( 2603): PackageManager:AppInstalled:PackageVersion=1.0.200046.0-logd_1135110;DV;1,PackageName=com.amazon.device.logmanager;DV;1:NR
12-28 04:45:14.441 I/LoggerMetricsFactoryImpl( 2603): PackageManager:AppInstalled:PackageVersion=5.1.1-104.6.0.9_user_609654720;DV;1,PackageName=com.android.managedprovisioning;DV;1:NR
12-28 04:45:14.502 I/LoggerMetricsFactoryImpl( 2603): PackageManager:AppInstalled:PackageVersion=5.1.1-104.6.0.9_user_609654720;DV;1,PackageName=com.android.providers.media;DV;1:NR
12-28 04:45:14.515 I/LoggerMetricsFactoryImpl( 2603): PackageManager:AppInstalled:PackageVersion=1.2.396.0_189610;DV;1,PackageName=com.amazon.client.metrics.api;DV;1:NR
12-28 04:45:14.535 I/LoggerMetricsFactoryImpl( 2603): PackageManager:AppInstalled:PackageVersion=1.2.200044.0_115810;DV;1,PackageName=com.amazon.client.metrics;DV;1:NR
12-28 04:45:14.545 I/LoggerMetricsFactoryImpl( 2603): PackageManager:AppInstalled:PackageVersion=5.1.1-104.6.0.9_user_609654720;DV;1,PackageName=com.android.onetimeinitializer;DV;1:NR
12-28 04:45:14.608 I/LoggerMetricsFactoryImpl( 2603): PackageManager:AppInstalled:PackageVersion=5.1.1-104.6.0.9_user_609654720;DV;1,PackageName=com.android.packageinstaller;DV;1:NR
12-28 04:45:14.617 I/LoggerMetricsFactoryImpl( 2603): PackageManager:AppInstalled:PackageVersion=5.1.1-104.6.0.9_user_609654720;DV;1,PackageName=com.android.proxyhandler;DV;1:NR
12-28 04:45:14.635 I/LoggerMetricsFactoryImpl( 2603): PackageManager:AppInstalled:PackageVersion=5.0.140.0_5079610;DV;1,PackageName=com.amazon.device.settings;DV;1:NR
12-28 04:45:14.644 I/LoggerMetricsFactoryImpl( 2603): PackageManager:AppInstalled:PackageVersion=5.1.30.0_5105810;DV;1,PackageName=com.amazon.device.settings.sdk.internal.library;DV;1:NR
12-28 04:45:14.662 I/LoggerMetricsFactoryImpl( 2603): PackageManager:AppInstalled:PackageVersion=5.1.1-104.6.0.9_user_609654720;DV;1,PackageName=com.android.providers.settings;DV;1:NR
12-28 04:45:14.670 I/LoggerMetricsFactoryImpl( 2603): PackageManager:AppInstalled:PackageVersion=5.1.1-104.6.0.9_user_609654720;DV;1,PackageName=com.android.sharedstoragebackup;DV;1:NR
12-28 04:45:14.698 I/LoggerMetricsFactoryImpl( 2603): PackageManager:AppInstalled:PackageVersion=5.1.1-104.6.0.9_user_609654720;DV;1,PackageName=com.android.shell;DV;1:NR
12-28 04:45:14.717 I/LoggerMetricsFactoryImpl( 2603): PackageManager:AppInstalled:PackageVersion=5.1.1-104.6.0.9_user_609654720;DV;1,PackageName=com.amazon.device.smarthome.dshs.services;DV;1:NR
12-28 04:45:14.734 I/LoggerMetricsFactoryImpl( 2603): PackageManager:AppInstalled:PackageVersion=5.1.1-104.6.0.9_user_609654720;DV;1,PackageName=com.amazon.device.smarthome.adapters.wifi;DV;1:NR
12-28 04:45:14.762 I/LoggerMetricsFactoryImpl( 2603): PackageManager:AppInstalled:PackageVersion=5.1.1-104.6.0.9_user_609654720;DV;1,PackageName=amazon.speech.sim;DV;1:NR
12-28 04:45:14.838 I/LoggerMetricsFactoryImpl( 2603): PackageManager:AppInstalled:PackageVersion=5.1.1-104.6.0.9_user_609654720;DV;1,PackageName=com.amazon.speechui;DV;1:NR
12-28 04:45:14.967 I/LoggerMetricsFactoryImpl( 2603): PackageManager:AppInstalled:PackageVersion=5.1.1-104.6.0.9_user_609654720;DV;1,PackageName=com.android.systemui;DV;1:NR
12-28 04:45:14.977 I/LoggerMetricsFactoryImpl( 2603): PackageManager:AppInstalled:PackageVersion=5.1.1-104.6.0.9_user_609654720;DV;1,PackageName=com.android.vpndialogs;DV;1:NR
12-28 04:45:15.005 I/LoggerMetricsFactoryImpl( 2603): PackageManager:AppInstalled:PackageVersion=5.1.1-104.6.0.9_user_609654720;DV;1,PackageName=com.android.wallpapercropper;DV;1:NR
12-28 04:45:15.022 I/LoggerMetricsFactoryImpl( 2603): PackageManager:AppInstalled:PackageVersion=2.5.250042.00;DV;1,PackageName=com.amazon.whisperplay.contracts;DV;1:NR
12-28 04:45:15.042 I/LoggerMetricsFactoryImpl( 2603): PackageManager:AppInstalled:PackageVersion=2.5.250042.00;DV;1,PackageName=com.amazon.whisperlink.core.android;DV;1:NR
12-28 04:45:15.051 I/LoggerMetricsFactoryImpl( 2603): PackageManager:AppInstalled:PackageVersion=2.5.250042.00;DV;1,PackageName=com.amazon.whisperplay.service.install;DV;1:NR
12-28 04:45:15.068 I/LoggerMetricsFactoryImpl( 2603): PackageManager:AppInstalled:PackageVersion=1.9.14.3_1009210;DV;1,PackageName=amazon.jackson19;DV;1:NR
12-28 04:45:15.217 I/LoggerMetricsFactoryImpl( 2603): PackageManager:AppInstalled:PackageVersion=1.0.x.x_999910;DV;1,PackageName=com.amazon.bluestone.keyboard;DV;1:NR
12-28 04:45:15.294 I/LoggerMetricsFactoryImpl( 2603): PackageManager:AppInstalled:PackageVersion=1.0.200092.0;DV;1,PackageName=com.amazon.afe.app;DV;1:NR
12-28 04:45:15.466 I/LoggerMetricsFactoryImpl( 2603): PackageManager:AppInstalled:PackageVersion=2.0.120.0_1429210;DV;1,PackageName=com.amazon.alarms;DV;1:NR
12-28 04:45:15.494 I/LoggerMetricsFactoryImpl( 2603): PackageManager:AppInstalled:PackageVersion=1.0.200048.0_1017210;DV;1,PackageName=com.amazon.alexa.beaconbroadcaster;DV;1:NR
12-28 04:45:15.564 I/LoggerMetricsFactoryImpl( 2603): PackageManager:AppInstalled:PackageVersion=1.0.200047.0_204045710;DV;1,PackageName=com.amazon.alexa.youtube.app;DV;1:NR
12-28 04:45:15.649 I/LoggerMetricsFactoryImpl( 2603): PackageManager:AppInstalled:PackageVersion=1.0.200253.0_228710;DV;1,PackageName=com.amazon.ava.shopping.android;DV;1:NR
12-28 04:45:15.778 I/LoggerMetricsFactoryImpl( 2603): PackageManager:AppInstalled:PackageVersion=Echo.225.34010;DV;1,PackageName=com.amazon.avod;DV;1:NR
12-28 04:45:15.921 I/LoggerMetricsFactoryImpl( 2603): PackageManager:AppInstalled:PackageVersion=1.0.200917.0_1816910;DV;1,PackageName=com.amazon.bishop;DV;1:NR
12-28 04:45:16.000 I/LoggerMetricsFactoryImpl( 2603): PackageManager:AppInstalled:PackageVersion=1.0.200270.0-dvr_26251110;DV;1,PackageName=com.amazon.bluejay;DV;1:NR
12-28 04:45:16.073 I/LoggerMetricsFactoryImpl( 2603): PackageManager:AppInstalled:PackageVersion=1.0.200474.0-knight_26314010;DV;1,PackageName=com.amazon.cardinal;DV;1:NR
12-28 04:45:16.223 I/LoggerMetricsFactoryImpl( 2603): PackageManager:AppInstalled:PackageVersion=1.0.201035.0-knight_1264410;DV;1,PackageName=com.amazon.clockfaceselector;DV;1:NR
12-28 04:45:16.300 I/LoggerMetricsFactoryImpl( 2603): PackageManager:AppInstalled:PackageVersion=1.0.200193.0_165610;DV;1,PackageName=com.amazon.comms.knightcontacts;DV;1:NR
12-28 04:45:16.376 I/LoggerMetricsFactoryImpl( 2603): PackageManager:AppInstalled:PackageVersion=1.0.200007.0_47110;DV;1,PackageName=com.amazon.comms.knightmessaging;DV;1:NR
12-28 04:45:16.532 I/LoggerMetricsFactoryImpl( 2603): PackageManager:AppInstalled:PackageVersion=1.0.200155.0-ship_926910;DV;1,PackageName=com.amazon.comms.knighttachyon;DV;1:NR
12-28 04:45:16.548 I/LoggerMetricsFactoryImpl( 2603): PackageManager:AppInstalled:PackageVersion=1.1.54.5-25458910;DV;1,PackageName=com.amazon.tcomm.client;DV;1:NR
12-28 04:45:16.559 I/LoggerMetricsFactoryImpl( 2603): PackageManager:AppInstalled:PackageVersion=1.0.200004.0_1192310;DV;1,PackageName=com.amazon.communication.discovery;DV;1:NR
12-28 04:45:16.636 I/LoggerMetricsFactoryImpl( 2603): PackageManager:AppInstalled:PackageVersion=5.3.200036.0-CSApp-knight_531011010;DV;1,PackageName=com.amazon.csapp;DV;1:NR
12-28 04:45:16.658 I/LoggerMetricsFactoryImpl( 2603): PackageManager:AppInstalled:PackageVersion=5.4.0-262;DV;1,PackageName=com.amazon.device.bluetoothdfu;DV;1:NR
12-28 04:45:16.677 I/LoggerMetricsFactoryImpl( 2603): PackageManager:AppInstalled:PackageVersion=5.0.5.0_1630810;DV;1,PackageName=com.amazon.device.sync;DV;1:NR
12-28 04:45:16.695 I/LoggerMetricsFactoryImpl( 2603): PackageManager:AppInstalled:PackageVersion=5.0.15.0_18210;DV;1,PackageName=com.amazon.device.sync.sdk.internal;DV;1:NR
12-28 04:45:16.824 I/LoggerMetricsFactoryImpl( 2603): PackageManager:AppInstalled:PackageVersion=1.0.200791.0-knight_1127610;DV;1,PackageName=com.amazon.displayclockface;DV;1:NR
12-28 04:45:16.833 I/LoggerMetricsFactoryImpl( 2603): PackageManager:AppInstalled:PackageVersion=1.0.10.269_1063110;DV;1,PackageName=com.amazon.dp.logger;DV;1:NR
12-28 04:45:16.916 I/LoggerMetricsFactoryImpl( 2603): PackageManager:AppInstalled:PackageVersion=1.0.200201.0_1431810;DV;1,PackageName=com.amazon.gambit;DV;1:NR
12-28 04:45:16.932 I/LoggerMetricsFactoryImpl( 2603): PackageManager:AppInstalled:PackageVersion=1.0.200004.0_1000910;DV;1,PackageName=com.amazon.gloria.graphiq;DV;1:NR
12-28 04:45:17.008 I/LoggerMetricsFactoryImpl( 2603): PackageManager:AppInstalled:PackageVersion=1.0.200015.0_1009710;DV;1,PackageName=com.amazon.gloria.smarthome;DV;1:NR
12-28 04:45:17.137 I/LoggerMetricsFactoryImpl( 2603): PackageManager:AppInstalled:PackageVersion=1.0.200188.0_277010;DV;1,PackageName=com.amazon.glorialist;DV;1:NR
12-28 04:45:17.155 I/LoggerMetricsFactoryImpl( 2603): PackageManager:AppInstalled:PackageVersion=1.0.200001.0_100001310;DV;1,PackageName=com.amazon.identity.auth.device.authorization;DV;1:NR
12-28 04:45:17.185 I/LoggerMetricsFactoryImpl( 2603): PackageManager:AppInstalled:PackageVersion=1.0.200034.0_130227010;DV;1,PackageName=com.amazon.imp;DV;1:NR
12-28 04:45:17.277 I/LoggerMetricsFactoryImpl( 2603): PackageManager:AppInstalled:PackageVersion=1.0.200166.0_10206210;DV;1,PackageName=com.amazon.kindle.otter.oobe;DV;1:NR
12-28 04:45:17.356 I/LoggerMetricsFactoryImpl( 2603): PackageManager:AppInstalled:PackageVersion=1.0.200005.0_3369810;DV;1,PackageName=com.amazon.kindle.otter.settings;DV;1:NR
12-28 04:45:17.422 I/LoggerMetricsFactoryImpl( 2603): PackageManager:AppInstalled:PackageVersion=1.0.205.0-RdmDeviceAdmin_11000110;DV;1,PackageName=com.amazon.kindle.rdmdeviceadmin;DV;1:NR
12-28 04:45:17.481 I/LoggerMetricsFactoryImpl( 2603): PackageManager:AppInstalled:PackageVersion=Full-1803171100-release;DV;1,PackageName=com.amazon.kindleautomatictimezone;DV;1:NR
12-28 04:45:17.601 I/LoggerMetricsFactoryImpl( 2603): PackageManager:AppInstalled:PackageVersion=1.0.200114.0_209510;DV;1,PackageName=com.amazon.knight.blink;DV;1:NR
12-28 04:45:17.729 I/LoggerMetricsFactoryImpl( 2603): PackageManager:AppInstalled:PackageVersion=1.0.200173.0_1215710;DV;1,PackageName=com.amazon.knight.calendar;DV;1:NR
12-28 04:45:17.747 I/LoggerMetricsFactoryImpl( 2603): PackageManager:AppInstalled:PackageVersion=1.0.200199.0-knight_1308310;DV;1,PackageName=com.amazon.media.session.monitor;DV;1:NR
12-28 04:45:17.877 I/LoggerMetricsFactoryImpl( 2603): PackageManager:AppInstalled:PackageVersion=0.0.200057.0-FireflyAppKnight_1142710;DV;1,PackageName=com.amazon.mw;DV;1:NR
12-28 04:45:17.896 I/LoggerMetricsFactoryImpl( 2603): PackageManager:AppInstalled:PackageVersion=1.0.200001.0-Narcissus_1001510;DV;1,PackageName=com.amazon.narcissus;DV;1:NR
12-28 04:45:17.993 I/LoggerMetricsFactoryImpl( 2603): PackageManager:AppInstalled:PackageVersion=1.0.201436.0-knight_1757510;DV;1,PackageName=com.amazon.paladin;DV;1:NR
12-28 04:45:18.002 I/LoggerMetricsFactoryImpl( 2603): PackageManager:AppInstalled:PackageVersion=5.1.1-104.6.0.9_user_609654720;DV;1,PackageName=com.amazon.platformsettings;DV;1:NR
12-28 04:45:18.021 I/LoggerMetricsFactoryImpl( 2603): PackageManager:AppInstalled:PackageVersion=1.0.49.0_10116010;DV;1,PackageName=com.amazon.securitysyncclient;DV;1:NR
12-28 04:45:18.070 I/LoggerMetricsFactoryImpl( 2603): PackageManager:AppInstalled:PackageVersion=1.0.200201.0_1168410;DV;1,PackageName=com.amazon.swags;DV;1:NR
12-28 04:45:18.091 I/LoggerMetricsFactoryImpl( 2603): PackageManager:AppInstalled:PackageVersion=1.1.42.5-25458910;DV;1,PackageName=com.amazon.tcomm;DV;1:NR
12-28 04:45:18.156 I/LoggerMetricsFactoryImpl( 2603): PackageManager:AppInstalled:PackageVersion=1.0.200049.0_1153310;DV;1,PackageName=com.amazon.todos;DV;1:NR
12-28 04:45:18.175 I/LoggerMetricsFactoryImpl( 2603): PackageManager:AppInstalled:PackageVersion=1.0;DV;1,PackageName=com.amazon.virtual.dash.knight.app;DV;1:NR
12-28 04:45:18.195 I/LoggerMetricsFactoryImpl( 2603): PackageManager:AppInstalled:PackageVersion=1.0;DV;1,PackageName=com.amazon.whisperjoin.middleware;DV;1:NR
12-28 04:45:18.283 I/LoggerMetricsFactoryImpl( 2603): PackageManager:AppInstalled:PackageVersion=1.5.200190.0_1260810;DV;1,PackageName=com.amazon.zordon;DV;1:NR
12-28 04:45:18.325 I/LoggerMetricsFactoryImpl( 2603): PackageManager:AppInstalled:PackageVersion=5.1.1-104.6.0.9_user_609654720;DV;1,PackageName=amazon.speech.davs.davsclientservice;DV;1:NR
12-28 04:45:18.427 I/LoggerMetricsFactoryImpl( 2603): PackageManager:AppInstalled:PackageVersion=2.2.33;DV;1,PackageName=com.amazon.logan;DV;1:NR
12-28 04:45:18.438 I/LoggerMetricsFactoryImpl( 2603): PackageManager:AppInstalled:PackageVersion=5.1.1-104.6.0.9_user_609654720;DV;1,PackageName=com.amazon.android.marketplace;DV;1:NR
12-28 04:45:18.450 I/LoggerMetricsFactoryImpl( 2603): PackageManager:AppInstalled:PackageVersion=5.1.1-104.6.0.9_user_609654720;DV;1,PackageName=com.amazon.shpm;DV;1:NR
12-28 04:45:18.477 I/LoggerMetricsFactoryImpl( 2603): PackageManager:AppInstalled:PackageVersion=5.1.1-104.6.0.9_user_609654720;DV;1,PackageName=amazon.speech.wakewordservice;DV;1:NR
12-28 04:45:18.531 I/LoggerMetricsFactoryImpl( 2603): PackageManager:AppInstalled:PackageVersion=59.amazon-webview-v59-3071.3071.125.359;DV;1,PackageName=com.amazon.webview.chromium;DV;1:NR
12-28 04:45:18.604 I/LoggerMetricsFactoryImpl( 2603): PackageManager:AppInstalled:PackageVersion=5.1.1-104.6.0.9_user_609654720;DV;1,PackageName=com.android.bluetooth;DV;1:NR
12-28 04:45:18.664 I/LoggerMetricsFactoryImpl( 2603): PackageManager:AppInstalled:PackageVersion=5.1.1-104.6.0.9_user_609654720;DV;1,PackageName=com.android.certinstaller;DV;1:NR
12-28 04:45:18.697 I/LoggerMetricsFactoryImpl( 2603): PackageManager:AppInstalled:PackageVersion=5.1.1-104.6.0.9_user_609654720;DV;1,PackageName=com.android.documentsui;DV;1:NR
12-28 04:45:18.706 I/LoggerMetricsFactoryImpl( 2603): PackageManager:AppInstalled:PackageVersion=5.1.1-104.6.0.9_user_609654720;DV;1,PackageName=com.android.htmlviewer;DV;1:NR
12-28 04:45:18.717 I/LoggerMetricsFactoryImpl( 2603): PackageManager:AppInstalled:PackageVersion=5.1.1-104.6.0.9_user_609654720;DV;1,PackageName=com.android.keychain;DV;1:NR
12-28 04:45:18.791 I/LoggerMetricsFactoryImpl( 2603): PackageManager:AppInstalled:PackageVersion=1.0;DV;1,PackageName=com.amazon.knight.btavrcp;DV;1:NR
12-28 04:45:18.863 I/LoggerMetricsFactoryImpl( 2603): PackageManager:AppInstalled:PackageVersion=5.1.1-104.6.0.9_user_609654720;DV;1,PackageName=com.android.captiveportallogin;DV;1:NR
12-28 04:45:18.936 I/LoggerMetricsFactoryImpl( 2603): PackageManager:AppInstalled:PackageVersion=5.1.1-104.6.0.9_user_609654720;DV;1,PackageName=com.amazon.knightwebview;DV;1:NR
12-28 04:45:18.944 I/LoggerMetricsFactoryImpl( 2603): PackageManager:AppInstalled:PackageVersion=5.1.1-104.6.0.9_user_609654720;DV;1,PackageName=com.android.pacprocessor;DV;1:NR
12-28 04:45:18.952 I/LoggerMetricsFactoryImpl( 2603): PackageManager:AppInstalled:PackageVersion=5.1.1-104.6.0.9_user_609654720;DV;1,PackageName=com.amazon.android.activity.monitoring;DV;1:NR
12-28 04:45:18.962 I/LoggerMetricsFactoryImpl( 2603): PackageManager:AppInstalled:PackageVersion=1.0;DV;1,PackageName=com.svox.pico;DV;1:NR
12-28 04:45:18.971 I/LoggerMetricsFactoryImpl( 2603): PackageManager:AppInstalled:PackageVersion=5.1.1-104.6.0.9_user_609654720;DV;1,PackageName=com.android.providers.userdictionary;DV;1:NR
12-28 04:45:18.997 I/LoggerMetricsFactoryImpl( 2603): PackageManager:AppInstalled:PackageVersion=5.1.1-104.6.0.9_user_609654720;DV;1,PackageName=amazon.speech.audiostreamproviderservice;DV;1:NR
12-28 04:45:19.006 I/LoggerMetricsFactoryImpl( 2603): PackageManager:AppInstalled:PackageVersion=5.1.1-104.6.0.9_user_609654720;DV;1,PackageName=com.amazon.platform.fdrw;DV;1:NR
12-28 04:45:19.035 I/LoggerMetricsFactoryImpl( 2603): PackageManager:AppInstalled:PackageVersion=1.0;DV;1,PackageName=com.amazon.whad;DV;1:NR
12-28 04:45:19.063 I/LoggerMetricsFactoryImpl( 2603): PackageManager:AppInstalled:PackageVersion=5.1.1-104.6.0.9_user_609654720;DV;1,PackageName=amazon.speech.wakeword.datacollectservice;DV;1:NR
12-28 04:45:19.129 I/LoggerMetricsFactoryImpl( 2603): PackageManager:AppInstalled:PackageVersion=2.0.002 (104.5.8.4_user_584373220-70);DV;1,PackageName=com.android.camera2;DV;1:NR
12-28 04:45:19.208 I/LoggerMetricsFactoryImpl( 2603): PackageManager:AppInstalled:PackageVersion=2.1;DV;1,PackageName=org.mozilla.connect.firefox;DV;1:NR
12-28 04:45:19.307 I/LoggerMetricsFactoryImpl( 2603): PackageManager:AppInstalled:PackageVersion=2.1;DV;1,PackageName=org.mozilla.tv.firefox.debug;DV;1:NR
05-14 14:14:24.862 I/LoggerMetricsFactoryImpl( 2603): AmazonWifiService:WifiMetricsHeartbeat:heartbeat=17810.0;CT;1:NR
05-14 14:14:25.036 I/location( 2603): location_manager:passive:request_location_updates=1.0;CT;1:NR
05-14 14:14:25.036 I/location( 2603): location_manager:passive:interval=0.0;TI;1:NR
05-14 14:14:25.036 I/location( 2603): location_manager:passive:displacement=0.0;TI;1:NR
05-14 14:14:25.036 I/location( 2603): location_manager:passive:request_location_updates_app=android;DV;1:NR
05-14 14:14:25.723 I/location( 2603): location_manager:passive:request_location_updates=1.0;CT;1:NR
05-14 14:14:25.723 I/location( 2603): location_manager:passive:interval=0.0;TI;1:NR
05-14 14:14:25.723 I/location( 2603): location_manager:passive:displacement=20000.0;TI;1:NR
05-14 14:14:25.723 I/location( 2603): location_manager:passive:request_location_updates_app=android;DV;1:NR
05-14 14:14:27.709 I/LoggerMetricsFactoryImpl( 2603): WifiConfigStore:saveNetwork:wifi-profile-updated=1.0;CT;1:NR
05-14 14:14:27.841 I/wpa_supplicant( 2817): wifi:wpa_supplicant:ss_ch_1_ic_13=1;CT;1,ss_ch_1_ac_1=1;CT;1:NR
05-14 14:14:27.841 I/wpa_supplicant( 2817): wifi:wpa_supplicant:ss_ch_2_ic_0=1;CT;1,ss_ch_2_ac_39=1;CT;1:NR
05-14 14:14:27.841 I/wpa_supplicant( 2817): wifi:wpa_supplicant:ss_ch_3_ic_0=1;CT;1,ss_ch_3_ac_39=1;CT;1:NR
05-14 14:14:27.841 I/wpa_supplicant( 2817): wifi:wpa_supplicant:ss_ch_4_ic_0=1;CT;1,ss_ch_4_ac_39=1;CT;1:NR
05-14 14:14:27.841 I/wpa_supplicant( 2817): wifi:wpa_supplicant:ss_ch_5_ic_1=1;CT;1,ss_ch_5_ac_38=1;CT;1:NR
05-14 14:14:27.841 I/wpa_supplicant( 2817): wifi:wpa_supplicant:ss_ch_6_ic_25=1;CT;1,ss_ch_6_ac_2=1;CT;1:NR
05-14 14:14:27.841 I/wpa_supplicant( 2817): wifi:wpa_supplicant:ss_ch_7_ic_0=1;CT;1,ss_ch_7_ac_37=1;CT;1:NR
05-14 14:14:27.842 I/wpa_supplicant( 2817): wifi:wpa_supplicant:ss_ch_8_ic_0=1;CT;1,ss_ch_8_ac_37=1;CT;1:NR
05-14 14:14:27.842 I/wpa_supplicant( 2817): wifi:wpa_supplicant:ss_ch_9_ic_0=1;CT;1,ss_ch_9_ac_37=1;CT;1:NR
05-14 14:14:27.842 I/wpa_supplicant( 2817): wifi:wpa_supplicant:ss_ch_10_ic_1=1;CT;1,ss_ch_10_ac_35=1;CT;1:NR
05-14 14:14:27.842 I/wpa_supplicant( 2817): wifi:wpa_supplicant:ss_ch_11_ic_10=1;CT;1,ss_ch_11_ac_1=1;CT;1:NR
05-14 14:14:27.842 I/wpa_supplicant( 2817): wifi:wpa_supplicant:ss_ch_12_ic_0=1;CT;1,ss_ch_12_ac_11=1;CT;1:NR
05-14 14:14:27.842 I/wpa_supplicant( 2817): wifi:wpa_supplicant:ss_ch_13_ic_0=1;CT;1,ss_ch_13_ac_11=1;CT;1:NR
05-14 14:14:27.842 I/wpa_supplicant( 2817): wifi:wpa_supplicant:ss_ch_14_ic_0=1;CT;1,ss_ch_14_ac_0=1;CT;1:NR
05-14 14:14:27.843 I/wpa_supplicant( 2817): wifi:attempting-bssid:frequency=5805;DV;1,key_mgmt=WPA2-PSK+WPA-PSK;DV;1,RSSI=-57;DV;1,timestamp=1526332467843;DV;1:NR
05-14 14:14:27.843 I/wpa_supplicant( 2817): wifi:wpa_supplicant:attempt_freq_5805=1;CT;1:NR
05-14 14:14:27.843 I/wpa_supplicant( 2817): wifi:wpa_supplicant:attempt_rssi_4_bar=1;CT;1,attempt_rssi=43;CT;1:NR
05-14 14:14:27.861 I/LoggerMetricsFactoryImpl( 2603): SupplicantStateTracker:wifi-connect-attempt:attempt=1.0;CT;1:NR
05-14 14:14:27.972 I/wpa_supplicant( 2817): wifi:wpa_supplicant:freq_5805=1;CT;1:NR
05-14 14:14:27.972 I/wpa_supplicant( 2817): wifi:wpa_supplicant:rssi_4_bar=1;CT;1,rssi=43;CT;1:NR
05-14 14:14:27.972 I/wpa_supplicant( 2817): wifi:wpa_supplicant:wpa_ie=0005617465616d01088c129824b048606c0301a1071055532024042434041e640c1e9505240020010023020c0030140100000fac040100000fac040100000fac0228002d1aef0917ffff0000000000000000000000000000000000000000003d16a10f16000000000000000000000000000000000000007f080400080000400040bf0c9159820feaff0000eaff0000c0050000000000c303013c3cdd180050f2020101800003a4000027a4000042435e0062322f00;DV;1:NR
05-14 14:14:27.972 I/wpa_supplicant( 2817): wifi:wpa_supplicant:AP_BSSID=703a0e;DV;1:NR
05-14 14:14:28.316 I/LoggerMetricsFactoryImpl( 2603): SupplicantStateTracker:wifi-connect-success:success=1.0;CT;1:NR
05-14 14:14:28.317 I/LoggerMetricsFactoryImpl( 2603): SupplicantStateTracker:wifi-connect-time:duration=455.0;TI;1:NR
--------- beginning of vitals
05-14 14:14:28.317 I/Vlog    ( 2603): SupplicantStateTracker:wifi:fgtracking=false;DV;1,key=wifi-connect-time;DV;1,Timer=455.0;TI;1,unit=milliseconds;DV;1:HI
--------- beginning of system
05-14 14:14:28.855 D/VendorDisplayManagerGlobalCallback( 4057): callGetInstance: nil
05-14 14:14:28.878 I/FrameworkJumpTable( 3319): Successfully loaded all classes
05-14 14:14:28.895 I/LoggerMetricsFactoryImpl( 2603): DhcpStateMachine:wifi-dhcp-success:success=1.0;CT;1:NR
05-14 14:14:28.895 I/LoggerMetricsFactoryImpl( 2603): DhcpStateMachine:wifi-start-dhcp-time:start_time=404.0;TI;1:NR
05-14 14:14:28.896 I/FrameworkJumpTable( 3319): Successfully loaded all methods
05-14 14:14:28.901 I/FrameworkJumpTable( 3319): Successfully loaded all fields
05-14 14:14:28.904 D/ConnectivityService( 2603): NetworkAgentInfo [WIFI () - 100] EVENT_NETWORK_INFO_CHANGED, going from CONNECTING to CONNECTED
05-14 14:14:28.906 D/ConnectivityService( 2603): Adding iface wlan0 to network 100
05-14 14:14:28.938 E/ConnectivityService( 2603): Unexpected mtu value: 0, wlan0
05-14 14:14:28.941 D/ConnectivityService( 2603): Setting Dns servers for network 100 to [/10.251.75.120, /8.8.8.8]
05-14 14:14:28.948 D/ConnectivityService( 2603): notifyType IP_CHANGED for NetworkAgentInfo [WIFI () - 100]
05-14 14:14:28.950 D/ConnectivityService( 2603): notifyType PRECHECK for NetworkAgentInfo [WIFI () - 100]
05-14 14:14:28.955 D/ConnectivityService( 2603): rematching NetworkAgentInfo [WIFI () - 100]
05-14 14:14:28.955 D/ConnectivityService( 2603):    accepting network in place of null
05-14 14:14:28.955 E/ConnectivityService( 2603): makeDefault() Switching to new default network: NetworkAgentInfo{ ni{[type: WIFI[], state: CONNECTED/CONNECTED, reason: (unspecified), extra: ateam, roaming: false, failover: false, isAvailable: true, isConnectedToProvisioningNetwork: false]}  network{100}  lp{{InterfaceName: wlan0 LinkAddresses: [10.251.120.228/24,]  Routes: [10.251.120.0/24 -> 0.0.0.0 wlan0,0.0.0.0/0 -> 10.251.120.1 wlan0,fe80::/64 -> :: wlan0,] DnsAddresses: [10.251.75.120,8.8.8.8,] Domains: sfo1.mozilla.com MTU: 0 TcpBufferSizes: 524288,1048576,2097152,262144,524288,1048576}}  nc{[ Transports: WIFI Capabilities: INTERNET&NOT_RESTRICTED&TRUSTED&NOT_VPN LinkUpBandwidth>=1048576Kbps LinkDnBandwidth>=1048576Kbps]}  Score{20}  everValidated{false}  lastValidated{false}  created{true}  explicitlySelected{false} }
05-14 14:14:28.956 D/ConnectivityService( 2603): Setting tx/rx TCP buffers to 524288,1048576,2097152,262144,524288,1048576
05-14 14:14:28.960 D/ConnectivityService( 2603): notifyType AVAILABLE for NetworkAgentInfo [WIFI () - 100]
05-14 14:14:28.961 D/CSLegacyTypeTracker( 2603): Sending connected broadcast for type 1 NetworkAgentInfo [WIFI () - 100] isDefaultNetwork=true
05-14 14:14:28.961 D/ConnectivityService( 2603): sendStickyBroadcast: action=android.net.conn.CONNECTIVITY_CHANGE_IMMEDIATE
05-14 14:14:28.961 D/ConnectivityService( 2603): sendStickyBroadcast: action=android.net.conn.CONNECTIVITY_CHANGE
05-14 14:14:28.977 D/ECS_ECService( 3178): onServiceConnected!
05-14 14:14:28.986 D/AmazonLibraryRegistry( 2603): Could not find library amazon.speech.simjobschedulerapi
05-14 14:14:29.038 I/LoggerMetricsFactoryImpl( 2603): WifiDiags:runHttpConnTest:HttpTestLatency=20.0;CT;1:NR
05-14 14:14:29.039 I/LoggerMetricsFactoryImpl( 2603): WifiDiags:runHttpConnTest:HttpTestLatency_www.example.com=20.0;CT;1:NR
05-14 14:14:29.051 I/HDS_HDClientService( 3798): Client registered: Proxy, Total clients: 1
05-14 14:14:29.054 I/LoggerMetricsFactoryImpl( 2603): WifiDiags:runHttpConnTest:HttpTestLatency=13.0;CT;1:NR
05-14 14:14:29.055 I/LoggerMetricsFactoryImpl( 2603): WifiDiags:runHttpConnTest:HttpTestLatency_www.example.net=13.0;CT;1:NR
05-14 14:14:29.066 I/LoggerMetricsFactoryImpl( 2603): WifiDiags:runHttpConnTest:HttpTestLatency=10.0;CT;1:NR
05-14 14:14:29.066 I/LoggerMetricsFactoryImpl( 2603): WifiDiags:runHttpConnTest:HttpTestLatency_www.example.org=10.0;CT;1:NR
05-14 14:27:33.420 W/ContextImpl( 2603): Calling a method in the system process without a qualified user: android.app.ContextImpl.sendBroadcast:1420 com.android.server.AlarmManagerService$AlarmThread.run:1818 <bottom of call stack> <bottom of call stack> <bottom of call stack> 
05-14 14:27:33.468 D/ECS_CloudPresenceNotifier( 3178): Ignoring event due to quiet mode: TIME_CHANGED
05-14 14:27:33.468 I/ECS_ECService( 3178): Received event: TIME_CHANGED
05-14 14:27:33.468 I/ECS_ECStateMachine( 3178): Received event: TIME_CHANGED
05-14 14:27:33.469 D/ECS_ECStateMachine( 3178): now:java.util.GregorianCalendar[time=?,areFieldsSet=false,lenient=true,zone=America/Los_Angeles,firstDayOfWeek=1,minimalDaysInFirstWeek=1,ERA=1,YEAR=2018,MONTH=4,WEEK_OF_YEAR=20,WEEK_OF_MONTH=3,DAY_OF_MONTH=14,DAY_OF_YEAR=134,DAY_OF_WEEK=2,DAY_OF_WEEK_IN_MONTH=2,AM_PM=1,HOUR=2,HOUR_OF_DAY=14,MINUTE=27,SECOND=33,MILLISECOND=468,ZONE_OFFSET=-28800000,DST_OFFSET=3600000] start:java.util.GregorianCalendar[time=?,areFieldsSet=false,lenient=true,zone=America/Los_Angeles,firstDayOfWeek=1,minimalDaysInFirstWeek=1,ERA=1,YEAR=2018,MONTH=4,WEEK_OF_YEAR=20,WEEK_OF_MONTH=3,DAY_OF_MONTH=14,DAY_OF_YEAR=134,DAY_OF_WEEK=2,DAY_OF_WEEK_IN_MONTH=2,AM_PM=1,HOUR=2,HOUR_OF_DAY=22,MINUTE=0,SECOND=33,MILLISECOND=468,ZONE_OFFSET=-28800000,DST_OFFSET=3600000] end:java.util.GregorianCalendar[time=?,areFieldsSet=false,lenient=true,zone=America/Los_Angeles,firstDayOfWeek=1,minimalDaysInFirstWeek=1,ERA=1,YEAR=2018,MONTH=4,WEEK_OF_YEAR=20,WEEK_OF_MONTH=3,DAY_OF_MONTH=14,DAY_OF_YEAR=134,DAY_OF_WEEK=2,DAY_OF_WEEK_IN_MONTH=2,AM_PM=1,HOUR=2,HOUR_OF_DAY=7,MINUTE=0,SECOND=33,MILLISECOND=468,ZONE_OFFSET=-28800000,DST_OFFSET=3600000]
05-14 14:27:33.469 I/ECS_ECStateMachine( 3178): after start: false before end: false
05-14 14:27:33.469 D/ECS_CloudPresenceNotifier( 3178): Ignoring event due to quiet mode: NIGHT_TIME_ENDED
05-14 14:27:33.469 I/ECS_ECService( 3178): Received event: NIGHT_TIME_ENDED
05-14 14:27:33.469 I/ECS_ECStateMachine( 3178): Received event: NIGHT_TIME_ENDED
05-14 14:27:33.469 I/ECS_ECStateMachine( 3178): Boot has not completed. Ignore creating night time alarm.
05-14 14:27:33.469 D/ECS_ECStateMachine( 3178): Notifying night time current state: false
05-14 14:27:33.472 D/ConnectivityService( 2603): setProvNotificationVisibleIntent: E visible=false networkType=0 extraInfo=null
05-14 14:27:33.472 D/ConnectivityService( 2603): Validated NetworkAgentInfo [WIFI () - 100]
05-14 14:27:33.472 D/ConnectivityService( 2603): rematching NetworkAgentInfo [WIFI () - 100]
05-14 14:27:33.473 D/ConnectivityService( 2603): Network NetworkAgentInfo [WIFI () - 100] was already satisfying request 1. No change.
05-14 14:27:33.473 D/ConnectivityService( 2603): notifyType AVAILABLE for NetworkAgentInfo [WIFI () - 100]
05-14 14:27:33.473 D/ConnectivityService( 2603): sendStickyBroadcast: action=android.net.conn.INET_CONDITION_ACTION
05-14 14:27:33.481 I/ECS_ArcusManager( 3178): Found an Arcus sync job. Not scheduling one
05-14 14:27:33.506 W/ContextImpl( 2603): Calling a method in the system process without a qualified user: android.app.ContextImpl.startService:1785 com.amazon.fireos.service.timeservice.updater.TimeUpdater.legacyOobeTimesetService:58 com.amazon.fireos.service.timeservice.updater.TrustedTimeUpdater.sendCustomFosTimeNotifications:92 com.amazon.fireos.service.timeservice.updater.TrustedTimeUpdater.onTimeSetSuccessfully:77 com.amazon.fireos.service.timeservice.updater.TrustedTimeUpdater.updateTime:54 
05-14 14:27:33.506 W/ActivityManager( 2603): Unable to start service Intent { act=com.amazon.kindle.otter.oobe.TIMESET_RECEIVER_SERVICE pkg=com.amazon.kindle.otter.oobe } U=0: not found
05-14 14:27:33.573 I/LoggerMetricsFactoryImpl( 2603): WifiDiags:logPacketStats:RxBytes=4679.0;CT;1:NR
05-14 14:27:33.573 I/LoggerMetricsFactoryImpl( 2603): WifiDiags:logPacketStats:TxBytes=4344.0;CT;1:NR
05-14 14:27:33.574 I/LoggerMetricsFactoryImpl( 2603): WifiDiags:logPacketStats:RxPackets=37.0;CT;1:NR
05-14 14:27:33.574 I/LoggerMetricsFactoryImpl( 2603): WifiDiags:logPacketStats:TxPackets=48.0;CT;1:NR
05-14 14:27:33.577 I/LoggerMetricsFactoryImpl( 2603): WifiDiags:ConnectionState:UNKNOWN_DurationPerDay=4738.0;TI;1:NR
05-14 14:27:33.577 I/LoggerMetricsFactoryImpl( 2603): WifiDiags:ConnectionState:HEALTHY_DurationPerDay=161.0;TI;1:NR
05-14 14:27:33.577 I/LoggerMetricsFactoryImpl( 2603): WifiDiags:ConnectionState:DOWN_DurationPerDay=0.0;TI;1:NR
05-14 14:27:33.577 I/LoggerMetricsFactoryImpl( 2603): WifiDiags:ConnectionState:DISCONNECTED_DurationPerDay=0.0;TI;1:NR
05-14 14:27:33.577 I/LoggerMetricsFactoryImpl( 2603): WifiDiags:ConnectionState:LOCAL_DurationPerDay=0.0;TI;1:NR
05-14 14:27:33.589 D/HDS_CVPresenceDetector( 3798): InitializeConfigFiles took 624 ms
05-14 14:27:33.590 D/HDS_CVPresenceDetector( 3798): Config Files are initialized continuing.
05-14 14:27:33.720 I/ActivityManager( 2603): Start proc 4172:com.amazon.comms.knighttachyon/u0a22048 for content provider com.amazon.comms.knighttachyon/com.amazon.comms.devicecalling.provider.CallingContentProvider
05-14 14:27:33.794 D/VendorDisplayManagerGlobalCallback( 4172): callGetInstance: nil
05-14 14:27:33.897 D/ConnectivityService( 2603): Setting Dns servers for network 100 to [/10.251.75.120, /8.8.8.8]
05-14 14:27:33.920 I/ActivityManager( 2603): Start proc 4211:com.amazon.wifilocker/u0a22005 for broadcast com.amazon.wifilocker/.receivers.WifiChangeReceiver
05-14 14:27:33.937 D/ConnectivityService( 2603): notifyType IP_CHANGED for NetworkAgentInfo [WIFI () - 100]
05-14 14:27:33.941 D/ConnectivityService( 2603): Setting Dns servers for network 100 to [/10.251.75.120, /8.8.8.8]
05-14 14:27:33.948 D/ConnectivityService( 2603): notifyType IP_CHANGED for NetworkAgentInfo [WIFI () - 100]
05-14 14:27:33.953 D/ConnectivityService( 2603): Setting Dns servers for network 100 to [/10.251.75.120, /8.8.8.8]
05-14 14:27:33.970 D/WifiService( 2603): New client listening to asynchronous messages
05-14 14:27:34.121 D/VendorDisplayManagerGlobalCallback( 4211): callGetInstance: nil
05-14 14:27:34.503 D/ActivityManager( 2603): single user service: com.amazon.imp
05-14 14:27:34.532 D/ActivityManager( 2603): app = com.amazon.imp, has single user service, setting process record.
05-14 14:27:34.562 D/ConnectivityService( 2603): listenForNetwork for NetworkRequest [ id=3, legacyType=-1, [] ]
05-14 14:27:34.563 D/ConnectivityService( 2603): handleRegisterNetworkRequest checking NetworkAgentInfo [WIFI () - 100]
05-14 14:27:34.563 D/ConnectivityService( 2603): apparently satisfied.  currentScore=60
05-14 14:27:34.878 W/HDS_CVPresenceDetector( 3798): Executor is null. Calling onResume first before initializing the detector.
05-14 14:27:34.881 W/HDS_CVPresenceDetector( 3798): Ignoring call to initialize, since initialization is in progress
05-14 14:27:34.937 I/HDS_HDService( 3798): HDS State changed to: DISABLED
05-14 14:27:34.984 E/ActivityThread( 2750): Failed to find provider info for com.android.contacts
05-14 14:27:35.066 D/ActivityManager( 2603): single user service: system
05-14 14:27:35.067 D/ActivityManager( 2603): app = system, has single user service, setting process record.
05-14 14:27:35.100 D/ECS_CloudPresenceNotifier( 3178): Ignoring event due to quiet mode: DND_MODE_OFF
05-14 14:27:35.100 I/ECS_ECService( 3178): Received event: DND_MODE_OFF
05-14 14:27:35.100 I/ECS_ECStateMachine( 3178): Received event: DND_MODE_OFF
05-14 14:27:35.100 I/ECS_ECStateMachine( 3178): ECS state changed from AWAKE to AWAKE with shouldEnableHDS: true
05-14 14:27:35.120 D/ECS_ECStateMachine( 3178): refreshed screen off timeout to: 300000
05-14 14:27:35.227 I/ActivityManager( 2603): Start proc 4332:com.amazon.alarms/u0a22040 for content provider com.amazon.alarms/amazon.alexa.alerts.provider.TimedEventProvider
05-14 14:27:35.231 D/ConnectivityService( 2603): Setting Dns servers for network 100 to [/10.251.75.120, /8.8.8.8]
05-14 14:27:35.242 D/ConnectivityService( 2603): notifyType IP_CHANGED for NetworkAgentInfo [WIFI () - 100]
05-14 14:27:35.262 D/ConnectivityService( 2603): Setting Dns servers for network 100 to [/10.251.75.120, /8.8.8.8]
05-14 14:27:35.280 D/VendorDisplayManagerGlobalCallback( 4332): callGetInstance: nil
05-14 14:27:35.291 D/ConnectivityService( 2603): notifyType IP_CHANGED for NetworkAgentInfo [WIFI () - 100]
05-14 14:27:35.357 I/ActivityManager( 2603): Start proc 4355:com.amazon.identity.auth.device.authorization/u0a22057 for service com.amazon.identity.auth.device.authorization/.AmazonCredentialManagerService
05-14 14:27:35.421 D/VendorDisplayManagerGlobalCallback( 4355): callGetInstance: nil
05-14 14:27:35.451 V/WindowManager( 2603): Based on layer: Adding window Window{3e5fd49f u0 com.amazon.paladin/com.amazon.paladin.PanelsHorizontalPagingActivity} at 1 of 6
05-14 14:27:35.850 I/ECS_ECDeviceModeEventProvider( 3178): Received broadcast intent: amazon.intent.action.DO_NOT_DISTURB_MODE_OFF
05-14 14:27:35.850 D/ECS_CloudPresenceNotifier( 3178): Ignoring event due to quiet mode: DND_MODE_OFF
05-14 14:27:35.850 I/ECS_ECService( 3178): Received event: DND_MODE_OFF
05-14 14:27:35.850 I/ECS_ECStateMachine( 3178): Received event: DND_MODE_OFF
05-14 14:27:35.850 I/ECS_ECStateMachine( 3178): ECS state changed from AWAKE to AWAKE with shouldEnableHDS: true
05-14 14:27:35.850 D/ECS_ECStateMachine( 3178): refreshed screen off timeout to: 300000
05-14 14:27:35.916 I/LoggerMetricsFactoryImpl( 2603): PhoneWindowManager:ActivityChanged:com.amazon.paladin=1.0;CT;1:NR
05-14 14:27:36.177 D/WifiService( 2603): acquireWifiLockLocked: WifiLock{HTTPMetricsTransport type=3 binder=android.os.BinderProxy@112186ba}
05-14 14:27:36.434 D/ActivityManager( 2603): single user service: com.amazon.imp
05-14 14:27:36.438 D/ActivityManager( 2603): app = com.amazon.imp, has single user service, setting process record.
05-14 14:27:36.475 V/WindowManager( 2603): Adding window Window{308daf27 u0 com.amazon.paladin/com.amazon.paladin.PanelsHorizontalPagingActivity} at 1 of 7 (before Window{3e5fd49f u0 com.amazon.paladin/com.amazon.paladin.PanelsHorizontalPagingActivity})
05-14 14:27:36.582 I/LoggerMetricsFactoryImpl( 2603): PhoneWindowManager:ActivityChanged:com.amazon.paladin=1.0;CT;1:NR
05-14 14:27:36.597 I/ActivityManager( 2603): Start proc 4451:com.android.providers.downloads/u0a22013 for broadcast com.android.providers.downloads/.DownloadReceiver
05-14 14:27:36.612 E/ActivityThread( 3319): Activity com.amazon.paladin.PanelsHorizontalPagingActivity has leaked ServiceConnection com.amazon.selector.clock.background.RemoteBackgroundPhotoServiceClient$1@260b9192 that was originally bound here
05-14 14:27:36.612 E/ActivityThread( 3319): android.app.ServiceConnectionLeaked: Activity com.amazon.paladin.PanelsHorizontalPagingActivity has leaked ServiceConnection com.amazon.selector.clock.background.RemoteBackgroundPhotoServiceClient$1@260b9192 that was originally bound here
05-14 14:27:36.612 E/ActivityThread( 3319): 	at android.app.LoadedApk$ServiceDispatcher.<init>(LoadedApk.java:1113)
05-14 14:27:36.612 E/ActivityThread( 3319): 	at android.app.LoadedApk.getServiceDispatcher(LoadedApk.java:1007)
05-14 14:27:36.612 E/ActivityThread( 3319): 	at android.app.ContextImpl.bindServiceCommon(ContextImpl.java:1867)
05-14 14:27:36.612 E/ActivityThread( 3319): 	at android.app.ContextImpl.bindService(ContextImpl.java:1850)
05-14 14:27:36.612 E/ActivityThread( 3319): 	at android.content.ContextWrapper.bindService(ContextWrapper.java:564)
05-14 14:27:36.612 E/ActivityThread( 3319): 	at com.amazon.selector.clock.background.RemoteBackgroundPhotoServiceClient.start(RemoteBackgroundPhotoServiceClient.java:97)
05-14 14:27:36.612 E/ActivityThread( 3319): 	at com.amazon.paladin.wallpaper.WallpaperController.<init>(WallpaperController.java:192)
05-14 14:27:36.612 E/ActivityThread( 3319): 	at com.amazon.paladin.wallpaper.WallpaperController.<init>(WallpaperController.java:135)
05-14 14:27:36.612 E/ActivityThread( 3319): 	at com.amazon.paladin.PanelsHorizontalPagingActivity.initializeWallpaperController(PanelsHorizontalPagingActivity.java:614)
05-14 14:27:36.612 E/ActivityThread( 3319): 	at com.amazon.paladin.PanelsHorizontalPagingActivity.onCreate(PanelsHorizontalPagingActivity.java:508)
05-14 14:27:36.612 E/ActivityThread( 3319): 	at android.app.Activity.performCreate(Activity.java:6010)
05-14 14:27:36.612 E/ActivityThread( 3319): 	at android.app.Instrumentation.callActivityOnCreate(Instrumentation.java:1122)
05-14 14:27:36.612 E/ActivityThread( 3319): 	at android.app.ActivityThread.performLaunchActivity(ActivityThread.java:2320)
05-14 14:27:36.612 E/ActivityThread( 3319): 	at android.app.ActivityThread.handleLaunchActivity(ActivityThread.java:2435)
05-14 14:27:36.612 E/ActivityThread( 3319): 	at android.app.ActivityThread.access$800(ActivityThread.java:160)
05-14 14:27:36.612 E/ActivityThread( 3319): 	at android.app.ActivityThread$H.handleMessage(ActivityThread.java:1321)
05-14 14:27:36.612 E/ActivityThread( 3319): 	at android.os.Handler.dispatchMessage(Handler.java:102)
05-14 14:27:36.612 E/ActivityThread( 3319): 	at android.os.Looper.loop(Looper.java:135)
05-14 14:27:36.612 E/ActivityThread( 3319): 	at android.app.ActivityThread.main(ActivityThread.java:5491)
05-14 14:27:36.612 E/ActivityThread( 3319): 	at java.lang.reflect.Method.invoke(Native Method)
05-14 14:27:36.612 E/ActivityThread( 3319): 	at java.lang.reflect.Method.invoke(Method.java:372)
05-14 14:27:36.612 E/ActivityThread( 3319): 	at com.android.internal.os.ZygoteInit$MethodAndArgsCaller.run(ZygoteInit.java:984)
05-14 14:27:36.612 E/ActivityThread( 3319): 	at com.android.internal.os.ZygoteInit.main(ZygoteInit.java:779)
05-14 14:27:36.674 D/VendorDisplayManagerGlobalCallback( 4451): callGetInstance: nil
05-14 14:27:36.852 D/AmazonLibraryRegistry( 2603): Could not find library com.amazon.kindle.cms.api
05-14 14:27:36.882 W/ActivityManager( 2603): Unable to start service Intent { cmp=com.android.systemui/.keyguard.KeyguardService } U=0: not found
05-14 14:27:36.936 I/Vlog    ( 2603): performance:cool_app_launch_time:fgtracking=false;DV;1,key=com.amazon.paladin;DV;1,Timer=6969.0;TI;1,unit=ms;DV;1,metadata=com.amazon.paladin/.PanelsHorizontalPagingActivity!{"d"#{"app_version"#"1757510"}$"m"#{"context"#"S1T0A1D0I0L1E0M99"$"prev"#"null"}};DV;1:HI
05-14 14:27:36.936 I/Vlog    ( 2603): performance:cool_activity_launch_time:fgtracking=false;DV;1,key=com.amazon.paladin;DV;1,Timer=6883.0;TI;1,unit=ms;DV;1,metadata=com.amazon.paladin/.PanelsHorizontalPagingActivity!{"d"#{"app_version"#"1757510"}$"m"#{"context"#"S1T0A1D0I0L1E0M99"$"prev"#"null"}};DV;1:HI
05-14 14:27:37.069 D/ActivityManager( 2603): single user service: com.amazon.device.settings
05-14 14:27:37.070 D/ActivityManager( 2603): app = com.amazon.device.settings, has single user service, setting process record.
05-14 14:27:37.105 I/ActivityManager( 2603): Start proc 4480:com.amazon.kindle.rdmdeviceadmin/u0a22060 for broadcast com.amazon.kindle.rdmdeviceadmin/com.amazon.remoteconfig.ConfigurationSyncReceiver
05-14 14:27:37.164 D/VendorDisplayManagerGlobalCallback( 4480): callGetInstance: nil
05-14 14:27:37.221 D/ActivityManager( 2603): single user service: com.amazon.tcomm
05-14 14:27:37.223 D/ActivityManager( 2603): app = com.amazon.tcomm, has single user service, setting process record.
05-14 14:27:37.285 W/KeyguardServiceDelegate( 2603): onScreenTurnedOn(): no keyguard service!
05-14 14:27:37.455 D/WifiService( 2603): acquireWifiLockLocked: WifiLock{TComm.DPGatewayService25986 type=1 binder=android.os.BinderProxy@1087fc64}
05-14 14:27:37.471 I/HDS_CVPresenceDetector( 3798): Initialized CVDetector with state: DISABLED, timestamp: 26070
05-14 14:27:37.698 I/ActivityManager( 2603): Start proc 4516:com.amazon.device.software.ota/u0a22011 for broadcast com.amazon.device.software.ota.override/.OTAOverrideTimeChangeReceiver
05-14 14:27:37.772 D/VendorDisplayManagerGlobalCallback( 4516): callGetInstance: nil
05-14 14:27:37.822 I/ActivityManager( 2603): Start proc 4541:com.android.settings/1000 for service com.android.settings/com.amazon.settings.bluetooth.KBluetoothController
05-14 14:27:37.874 D/VendorDisplayManagerGlobalCallback( 4541): callGetInstance: nil
05-14 14:27:37.895 D/AmazonLibraryRegistry( 2603): Could not find library com.amazon.readynow.api
05-14 14:27:38.033 I/ActivityManager( 2603): Start proc 4562:com.amazon.device.bluetoothdfu/u0a22051 for broadcast com.amazon.device.bluetoothdfu/com.amazon.identity.auth.device.storage.LambortishClock$ChangeTimestampsBroadcastReceiver
05-14 14:27:38.086 D/VendorDisplayManagerGlobalCallback( 4562): callGetInstance: nil
05-14 14:27:38.104 W/ResourcesManager( 4562): Asset path '/system/framework/android.amazon.res.jar' does not exist or contains no resources.
05-14 14:27:38.127 D/WifiService( 2603): releaseWifiLockLocked: WifiLock{HTTPMetricsTransport type=3 binder=android.os.BinderProxy@112186ba}
05-14 14:27:38.145 D/WifiService( 2603): acquireWifiLockLocked: WifiLock{HTTPMetricsTransport type=3 binder=android.os.BinderProxy@14c8132e}
05-14 14:27:38.162 D/ActivityManager( 2603): single user service: com.amazon.imp
05-14 14:27:38.162 D/ActivityManager( 2603): app = com.amazon.imp, has single user service, setting process record.
05-14 14:27:38.642 D/WifiService( 2603): releaseWifiLockLocked: WifiLock{HTTPMetricsTransport type=3 binder=android.os.BinderProxy@14c8132e}
05-14 14:27:38.652 D/WifiService( 2603): acquireWifiLockLocked: WifiLock{HTTPMetricsTransport type=3 binder=android.os.BinderProxy@6712db}
05-14 14:27:38.689 D/ActivityManager( 2603): single user service: com.amazon.imp
05-14 14:27:38.690 D/ActivityManager( 2603): app = com.amazon.imp, has single user service, setting process record.
05-14 14:27:38.947 D/ActivityManager( 2603): single user service: com.amazon.client.metrics
05-14 14:27:38.948 D/ActivityManager( 2603): app = com.amazon.client.metrics, has single user service, setting process record.
05-14 14:27:38.948 D/ActivityManager( 2603): single user service: com.amazon.device.software.ota
05-14 14:27:38.950 D/ActivityManager( 2603): app = com.amazon.device.software.ota, has single user service, setting process record.
05-14 14:27:38.995 W/ContextImpl( 4541): Calling a method in the system process without a qualified user: android.app.ContextImpl.bindService:1849 android.content.ContextWrapper.bindService:564 com.amazon.client.metrics.MetricsServiceConnection.getService:72 com.amazon.client.metrics.MetricsServiceWrapper.getBoundService:46 com.amazon.client.metrics.MetricsServiceWrapper.<init>:37 
05-14 14:27:39.006 W/ContextImpl( 4541): Calling a method in the system process without a qualified user: android.app.ContextImpl.bindService:1849 android.content.ContextWrapper.bindService:564 com.amazon.identity.auth.device.framework.BoundServiceManager.tryToBind:174 com.amazon.identity.auth.device.framework.BoundServiceManager.useService:120 com.amazon.identity.auth.device.framework.GenericIPCSender.call:285 
05-14 14:27:39.025 D/ActivityManager( 2603): single user service: com.amazon.tcomm
05-14 14:27:39.030 D/ActivityManager( 2603): app = com.amazon.tcomm, has single user service, setting process record.
05-14 14:27:39.060 D/WifiService( 2603): releaseWifiLockLocked: WifiLock{HTTPMetricsTransport type=3 binder=android.os.BinderProxy@6712db}
05-14 14:27:39.081 D/WifiService( 2603): acquireWifiLockLocked: WifiLock{HTTPMetricsTransport type=3 binder=android.os.BinderProxy@1a026216}
05-14 14:27:39.172 D/ActivityManager( 2603): single user service: com.amazon.client.metrics
05-14 14:27:39.174 D/ActivityManager( 2603): app = com.amazon.client.metrics, has single user service, setting process record.
05-14 14:27:39.181 D/ActivityManager( 2603): single user service: com.amazon.imp
