05-14 14:30:59.802 W/InputMethodManagerService( 2603): Got RemoteException sending setActive(false) notification to pid 6287 uid 10007
05-14 14:30:59.804 W/InputMethodManagerService( 2603): Settings not found for 'safe mode' for current user
05-14 14:30:59.838 I/LoggerMetricsFactoryImpl( 2603): PhoneWindowManager:ActivityChanged:com.amazon.paladin=1.0;CT;1:NR
05-14 14:30:59.839 I/Vlog    ( 2603): ScreenTime:PackageScreenTime:fgtracking=false;DV;1,key=org.mozilla.tv.firefox.debug;DV;1,Timer=0.004154166666666666;TI;1,unit=hours;DV;1,metadata=!{"d"#{"app_version"#"11"}};DV;1:HI
05-14 14:30:59.839 I/LoggerMetricsFactoryImpl( 2603): PhoneWindowManager:ScreenTime:org.mozilla.tv.firefox.debug=14955.0;TI;1,endTimeMs=1.526333459838E12;TI;1,startTimeMs=1.526333444883E12;TI;1:NR
05-14 14:30:59.840 I/Vlog    ( 2603): performance:warm_app_warm_transition_launch_time:fgtracking=false;DV;1,key=com.amazon.paladin;DV;1,Timer=159.0;TI;1,unit=ms;DV;1,metadata=com.amazon.paladin/.PanelsHorizontalPagingActivity!{"d"#{"app_version"#"1757510"}$"m"#{"context"#"S1T0A1D0I0L0E0M99"$"prev"#"org.mozilla.tv.firefox.debug/org.mozilla.focus.MainActivity"}};DV;1:HI
05-14 14:30:59.840 I/Vlog    ( 2603): performance:warm_activity_launch_time:fgtracking=false;DV;1,key=com.amazon.paladin;DV;1,Timer=159.0;TI;1,unit=ms;DV;1,metadata=com.amazon.paladin/.PanelsHorizontalPagingActivity!{"d"#{"app_version"#"1757510"}$"m"#{"context"#"S1T0A1D0I0L0E0M99"$"prev"#"org.mozilla.tv.firefox.debug/org.mozilla.focus.MainActivity"}};DV;1:HI
05-14 14:31:14.258 I/Vlog    ( 2118): logd:performance:fgtracking=false;DV;1,key=TotalMessages;DV;1,Counter=1302;CT;1,unit=count;DV;1:HI
05-14 14:31:14.258 I/Vlog    ( 2118): logd:performance:fgtracking=false;DV;1,key=DroppedMessages;DV;1,Counter=0;CT;1,unit=count;DV;1:HI
05-14 14:31:14.258 I/Vlog    ( 2118): logd:performance:fgtracking=false;DV;1,key=Throughput;DV;1,Counter=20.53;CT;1,unit=kbps;DV;1:HI
05-14 14:31:18.672 D/ECS_TimeoutManager( 3178): Don't time out. Top task should have been org.mozilla.tv.firefox.debug but was com.amazon.paladin
05-14 14:31:18.672 D/ECS_TimeoutManager( 3178): reset()
05-14 14:31:18.672 D/ECS_TimeoutManager/reset( 3178): com.amazon.paladin:32 
05-14 14:31:18.673 D/ECS_TimeoutManager( 3178): TimeoutPolicy found for packageName com.amazon.paladin: TimeoutPolicy<2147483647s,1>
05-14 14:31:18.673 D/ECS_TimeoutManager( 3178): resetHeartbeat com.amazon.paladin:TimeoutPolicy<2147483647s,1>
05-14 14:31:18.673 D/ECS_TimeoutManager( 3178): TimeoutManager is stopped
05-14 14:31:18.673 D/ECS_TimeoutManager( 3178): timer rescheduled
05-14 14:31:31.933 D/ActivityManager( 2603): single user service: com.amazon.imp
05-14 14:31:31.935 D/ActivityManager( 2603): app = com.amazon.imp, has single user service, setting process record.
05-14 14:31:32.814 I/WifiService( 2603): WifiService trying to set country code to US with persist set to true
05-14 14:31:32.819 I/LoggerMetricsFactoryImpl( 2603): acd_service:DcasAgent:cc_from_atz=1.0;CT;1,page-type=cc_from_atz;CK;1,hitType=acd_service_hit_typw;CK;1,team-name=acd_service;CK;1,site_variant=DcasAgent;CK;1,RequestId=7E24265733A4C7D8DC19;DV;1:NR
05-14 14:31:35.891 I/AudioIn ( 2223): AudioIn:StreamIn:MaxCaptureDelay=8000000;CT;1,MinCaptureDelay=8000000;CT;1,MeanCaptureDelay=8000000;CT;1:NR
05-14 14:32:13.179 W/ContextImpl( 4541): Calling a method in the system process without a qualified user: android.app.ContextImpl.bindService:1849 android.content.ContextWrapper.bindService:564 amazon.speech.simclient.SimClient.createClient:140 amazon.speech.simclient.SimClient.createClient:124 com.amazon.settings.alexa.AlexaSettingsUpdatedJobService.onCreate:55 
05-14 14:32:14.260 I/Vlog    ( 2118): logd:performance:fgtracking=false;DV;1,key=TotalMessages;DV;1,Counter=317;CT;1,unit=count;DV;1:HI
05-14 14:32:14.260 I/Vlog    ( 2118): logd:performance:fgtracking=false;DV;1,key=DroppedMessages;DV;1,Counter=0;CT;1,unit=count;DV;1:HI
05-14 14:32:14.260 I/Vlog    ( 2118): logd:performance:fgtracking=false;DV;1,key=Throughput;DV;1,Counter=3.99;CT;1,unit=kbps;DV;1:HI
05-14 14:32:15.528 I/Vitals  ( 2238): 1p_2p:bg_crash:KDMv3_Data=[['amazon.speech.davs.davsclientservice'!2!1!1!2.000000!262849bfefd8b6d67a97ed51eb884059f9efe6eb!{"d"#{"app_version"#"22"$"source"#"dropbox"}}!{"d"#{"software_version"#"104.6.0.9_user_609654720"}}]!['amazon.speech.davs.davsclientservice'!2!1!1!2.000000!262849bfefd8b6d67a97ed51eb884059f9efe6eb!{"d"#{"app_version"#"22"}}!{"d"#{"software_version"#"104.6.0.9_user_609654720"}}]];DV;1,KDMv3_Unit=count;DV;1:HI
05-14 14:32:15.529 I/Vitals  ( 2238): 1p_2p:bg_wtf:KDMv3_Data=[['com.amazon.knight.blink'!1!1!1!1.000000!2ad779f056184f72202e84d1dda48b898c8b737!{"d"#{"app_version"#"209510"$"source"#"dropbox"}}!{"d"#{"software_version"#"104.6.0.9_user_609654720"}}]!['com.amazon.knight.blink'!1!1!1!1.000000!2ad779f056184f72202e84d1dda48b898c8b737!{"d"#{"app_version"#"209510"}}!{"d"#{"software_version"#"104.6.0.9_user_609654720"}}]!['com.amazon.knight.blink'!1!1!1!1.000000!62e22e25f0a2d4d827b06401403f6aafdc881287!{"d"#{"app_version"#"209510"$"source"#"dropbox"}}!{"d"#{"software_version"#"104.6.0.9_user_609654720"}}]!['com.amazon.knight.blink'!1!1!1!1.000000!62e22e25f0a2d4d827b06401403f6aafdc881287!{"d"#{"app_version"#"209510"}}!{"d"#{"software_version"#"104.6.0.9_user_609654720"}}]];DV;1,KDMv3_Unit=count;DV;1:HI
05-14 14:32:15.529 I/Vitals  ( 2238): AmazonWebView:WebViewLoadEventCreated:KDMv3_Data=[[''!1.000000!1.000000!1.000000!1.000000!!{"d"#{"metadata"#""$"key"#"org.mozilla.tv.firefox.debug"}}!{"d"#{"software_version"#"104.6.0.9_user_609654720"}}]];DV;1,KDMv3_Unit=count;DV;1:HI
05-14 14:32:15.529 I/Vitals  ( 2238): Audio:intel_lpe:KDMv3_Data=[['capture_decreasing_hardware_counter'!0!0!0!1.000000!!!{"d"#{"software_version"#"104.6.0.9_user_609654720"}}]!['capture_decreasing_ring_buffer_counter'!0!0!0!1.000000!!!{"d"#{"software_version"#"104.6.0.9_user_609654720"}}]!['capture_overrun'!0!0!0!1.000000!!!{"d"#{"software_version"#"104.6.0.9_user_609654720"}}]!['playback_decreasing_hardware_counter'!0!0!0!1.000000!!!{"d"#{"software_version"#"104.6.0.9_user_609654720"}}]!['playback_decreasing_ring_buffer_counter'!0!0!0!1.000000!!!{"d"#{"software_version"#"104.6.0.9_user_609654720"}}]!['playback_overrun'!0!0!0!1.000000!!!{"d"#{"software_version"#"104.6.0.9_user_609654720"}}]];DV;1,KDMv3_Unit=count;DV;1:HI
05-14 14:32:15.529 I/Vitals  ( 2238): CPU:cpufreq_residency:KDMv3_Data=[['current_cpu_frequency'!1920000!1920000!1920000!1.000000!!!{"d"#{"software_version"#"104.6.0.9_user_609654720"}}]!['freq_residency_1040000'!0!0!0!1.000000!!!{"d"#{"software_version"#"104.6.0.9_user_609654720"}}]!['freq_residency_1120000'!0!0!0!1.000000!!!{"d"#{"software_version"#"104.6.0.9_user_609654720"}}]!['freq_residency_1200000'!0!0!0!1.000000!!!{"d"#{"software_version"#"104.6.0.9_user_609654720"}}]!['freq_residency_1280000'!0!0!0!1.000000!!!{"d"#{"software_version"#"104.6.0.9_user_609654720"}}]!['freq_residency_1360000'!0!0!0!1.000000!!!{"d"#{"software_version"#"104.6.0.9_user_609654720"}}]!['freq_residency_1440000'!2!2!2!1.000000!!!{"d"#{"software_version"#"104.6.0.9_user_609654720"}}]!['freq_residency_480000'!0!0!0!1.000000!!!{"d"#{"software_version"#"104.6.0.9_user_609654720"}}]!['freq_residency_560000'!0!0!0!1.000000!!!{"d"#{"software_version"#"104.6.0.9_user_609654720"}}]!['freq_residency_640000'!0!0!0!1.000000!!!{"d"#{"software_version"#"104.6.0.9_user_609654720"}}]!['freq_residency_720000'!0!0!0!1.000000!!!{"d"#{"software_version"#"104.6.0.9_user_609654720"}}]!['freq_residency_800000'!0!0!0!1.000000!!!{"d"#{"software_version"#"104.6.0.9_user_609654720"}}]!['freq_residency_880000'!0!0!0!1.000000!!!{"d"#{"software_version"#"104.6.0.9_user_609654720"}}]!['freq_residency_960000'!0!0!0!1.000000!!!{"d"#{"software_version"#"104.6.0.9_user_609654720"}}]];DV;1,KDMv3_Unit=count;DV;1:HI
05-14 14:32:15.529 I/Vitals  ( 2238): I2C6:semaphore:KDMv3_Data=[['i2c6_semaphore_abort'!0!0!0!1.000000!!!{"d"#{"software_version"#"104.6.0.9_user_609654720"}}]!['i2c6_semaphore_acquire'!3!3!3!1.000000!!!{"d"#{"software_version"#"104.6.0.9_user_609654720"}}]!['i2c6_semaphore_request'!3!3!3!1.000000!!!{"d"#{"software_version"#"104.6.0.9_user_609654720"}}]!['i2c6_semaphore_timeout'!0!0!0!1.000000!!!{"d"#{"software_version"#"104.6.0.9_user_609654720"}}]];DV;1,KDMv3_Unit=count;DV;1:HI
05-14 14:32:15.529 I/Vitals  ( 2238): ISP:AtomISP:KDMv3_Data=[['ISP_watchdog_count'!0!0!0!1.000000!!!{"d"#{"software_version"#"104.6.0.9_user_609654720"}}]];DV;1,KDMv3_Unit=count;DV;1:HI
05-14 14:32:15.529 I/Vitals  ( 2238): LifeCycleReason:LCR:KDMv3_Data=[['Life_Cycle_Reason_Not_Available'!1!1!1!1.000000!Life_Cycle_Reason_Not_Available!{"d"#{"app_version"#"unknown"$"source"#"dropbox"}}!{"d"#{"software_version"#"104.6.0.9_user_609654720"}}]];DV;1,KDMv3_Unit=count;DV;1:HI
05-14 14:32:15.529 I/Vitals  ( 2238): LifeCycleReason:LCR_abnormal:KDMv3_Data=[['Life_Cycle_Reason_Not_Available'!1!1!1!1.000000!Life_Cycle_Reason_Not_Available!!{"d"#{"software_version"#"104.6.0.9_user_609654720"}}]];DV;1,KDMv3_Unit=count;DV;1:HI
05-14 14:32:15.529 I/Vitals  ( 2238): Sched:sched_latency:KDMv3_Data=[['AudioIn_exec_hist.HIST_0_10US.'!149!149!149!1.000000!!!{"d"#{"software_version"#"104.6.0.9_user_609654720"}}]!['AudioIn_exec_hist.HIST_100US_1MS.'!2043!2043!2043!1.000000!!!{"d"#{"software_version"#"104.6.0.9_user_609654720"}}]!['AudioIn_exec_hist.HIST_10MS_100MS.'!0!0!0!1.000000!!!{"d"#{"software_version"#"104.6.0.9_user_609654720"}}]!['AudioIn_exec_hist.HIST_10US_100US.'!272!272!272!1.000000!!!{"d"#{"software_version"#"104.6.0.9_user_609654720"}}]!['AudioIn_exec_hist.HIST_1MS_10MS.'!57!57!57!1.000000!!!{"d"#{"software_version"#"104.6.0.9_user_609654720"}}]!['AudioIn_exec_hist.HIST_MORE_100MS.'!0!0!0!1.000000!!!{"d"#{"software_version"#"104.6.0.9_user_609654720"}}]!['AudioIn_run_delay_hist.HIST_0_10US.'!1721!1721!1721!1.000000!!!{"d"#{"software_version"#"104.6.0.9_user_609654720"}}]!['AudioIn_run_delay_hist.HIST_100US_1MS.'!8!8!8!1.000000!!!{"d"#{"software_version"#"104.6.0.9_user_609654720"}}]!['AudioIn_run_delay_hist.HIST_10MS_100MS.'!0!0!0!1.000000!!!{"d"#{"software_version"#"104.6.0.9_user_609654720"}}]!['AudioIn_run_delay_hist.HIST_10US_100US.'!185!185!185!1.000000!!!{"d"#{"software_version"#"104.6.0.9_user_609654720"}}]!['AudioIn_run_delay_hist.HIST_1MS_10MS.'!1!1!1!1.000000!!!{"d"#{"software_version"#"104.6.0.9_user_609654720"}}]!['AudioIn_run_delay_hist.HIST_MORE_100MS.'!0!0!0!1.000000!!!{"d"#{"software_version"#"104.6.0.9_user_609654720"}}]!['AudioOut_exec_hist.HIST_0_10US.'!423!423!423!1.000000!!!{"d"#{"software_version"#"104.6.0.9_user_609654720"}}]!['AudioOut_exec_hist.HIST_100US_1MS.'!118!118!118!1.000000!!!{"d"#{"software_version"#"104.6.0.9_user_609654720"}}]!['AudioOut_exec_hist.HIST_10MS_100MS.'!0!0!0!1.000000!!!{"d"#{"software_version"#"104.6.0.9_user_609654720"}}]!['AudioOut_exec_hist.HIST_10US_100US.'!3825!3825!3825!1.000000!!!{"d"#{"software_version"#"104.6.0.9_user_609654720"}}]!['AudioOut_exec_hist.HIST_1MS_10MS.'!0!0!0!1.000000!!!{"d"#{"software_version"#"104.6.0.9_user_609654720"}}]!['AudioOut_exec_hist.HIST_MORE_100MS.'!0!0!0!1.000000!!!{"d"#{"software_version"#"104.6.0.9_user_609654720"}}]!['AudioOut_run_delay_hist.HIST_0_10US.'!7396!7396!7396!1.000000!!!{"d"#{"software_version"#"104.6.0.9_user_609654720"}}]!['AudioOut_run_delay_hist.HIST_100US_1MS.'!5!5!5!1.000000!!!{"d"#{"software_version"#"104.6.0.9_user_609654720"}}]!['AudioOut_run_delay_hist.HIST_10MS_100MS.'!0!0!0!1.000000!!!{"d"#{"software_version"#"104.6.0.9_user_609654720"}}]!['AudioOut_run_delay_hist.HIST_10US_100US.'!92!92!92!1.000000!!!{"d"#{"software_version"#"104.6.0.9_user_609654720"}}]!['AudioOut_run_delay_hist.HIST_1MS_10MS.'!0!0!0!1.000000!!!{"d"#{"software_version"#"104.6.0.9_user_609654720"}}]!['AudioOut_run_delay_hist.HIST_MORE_100MS.'!0!0!0!1.000000!!!{"d"#{"software_version"#"104.6.0.9_user_609654720"}}]!['irq.29_exec_hist.HIST_0_10US.'!630!630!630!1.000000!!!{"d"#{"software_version"#"104.6.0.9_user_609654720"}}]!['irq.29_exec_hist.HIST_100US_1MS.'!32!32!32!1.000000!!!{"d"#{"software_version"#"104.6.0.9_user_609654720"}}]!['irq.29_exec_hist.HIST_10MS_100MS.'!0!0!0!1.000000!!!{"d"#{"software_version"#"104.6.0.9_user_609654720"}}]!['irq.29_exec_hist.HIST_10US_100US.'!1159!1159!1159!1.000000!!!{"d"#{"software_version"#"104.6.0.9_user_609654720"}}]!['irq.29_exec_hist.HIST_1MS_10MS.'!0!0!0!1.000000!!!{"d"#{"software_version"#"104.6.0.9_user_609654720"}}]!['irq.29_exec_hist.HIST_MORE_100MS.'!0!0!0!1.000000!!!{"d"#{"software_version"#"104.6.0.9_user_609654720"}}]!['irq.29_run_delay_hist.HIST_0_10US.'!1846!1846!1846!1.000000!!!{"d"#{"software_version"#"104.6.0.9_user_609654720"}}]!['irq.29_run_delay_hist.HIST_100US_1MS.'!0!0!0!1.000000!!!{"d"#{"software_version"#"104.6.0.9_user_609654720"}}]!['irq.29_run_delay_hist.HIST_10MS_100MS.'!0!0!0!1.000000!!!{"d"#{"software_version"#"104.6.0.9_user_609654720"}}]!['irq.29_run_delay_hist.HIST_10US_100US.'!20!20!20!1.000000!!!{"d"#{"software_version"#"104.6.0.9_user_609654720"}}]!['irq.29_run_delay_hist.HIST_1MS_10MS.'!0!0!0!1.000000!!!{"d"#{"software_version"#"104.6.0.9_user_609654720"}}]];DV;1,KDMv3_Unit=count;DV;1:HI
05-14 14:32:15.529 I/Vitals  ( 2238): Sched:sched_latency:KDMv3_Data=[['irq.29_run_delay_hist.HIST_MORE_100MS.'!0!0!0!1.000000!!!{"d"#{"software_version"#"104.6.0.9_user_609654720"}}]];DV;1,KDMv3_Unit=count;DV;1:HI
05-14 14:32:15.530 I/Vitals  ( 2238): ScreenTime:PackageScreenTime:KDMv3_Data=[['com.amazon.displayclockface'!0.001285!0.001285!0.001285!1.000000!!{"d"#{"app_version"#"1127610"}}!{"d"#{"software_version"#"104.6.0.9_user_609654720"}}]!['com.amazon.paladin'!0.050937!0.001654!0.049283!2.000000!!{"d"#{"app_version"#"1757510"}}!{"d"#{"software_version"#"104.6.0.9_user_609654720"}}]!['org.mozilla.tv.firefox.debug'!0.004154!0.004154!0.004154!1.000000!!{"d"#{"app_version"#"11"}}!{"d"#{"software_version"#"104.6.0.9_user_609654720"}}]];DV;1,KDMv3_Unit=hours;DV;1:HI
05-14 14:32:15.530 I/Vitals  ( 2238): SupplicantStateTracker:wifi:KDMv3_Data=[['wifi-connect-time'!455.000000!455.000000!455.000000!1.000000!!!{"d"#{"software_version"#"104.6.0.9_user_609654720"}}]];DV;1,KDMv3_Unit=milliseconds;DV;1:HI
05-14 14:32:15.530 I/Vitals  ( 2238): Thermal:bottom_vs_temp:KDMv3_Data=[['temp_above_60000'!0!0!0!1.000000!!!{"d"#{"software_version"#"104.6.0.9_user_609654720"}}]];DV;1,KDMv3_Unit=count;DV;1:HI
05-14 14:32:15.530 I/Vitals  ( 2238): Thermal:glass_camera_vs_temp:KDMv3_Data=[['temp_above_40000'!0!0!0!1.000000!!!{"d"#{"software_version"#"104.6.0.9_user_609654720"}}]!['temp_above_40500'!0!0!0!1.000000!!!{"d"#{"software_version"#"104.6.0.9_user_609654720"}}]!['temp_above_45000'!0!0!0!1.000000!!!{"d"#{"software_version"#"104.6.0.9_user_609654720"}}]!['temp_above_47000'!0!0!0!1.000000!!!{"d"#{"software_version"#"104.6.0.9_user_609654720"}}]!['temp_above_54000'!0!0!0!1.000000!!!{"d"#{"software_version"#"104.6.0.9_user_609654720"}}]!['temp_above_55000'!0!0!0!1.000000!!!{"d"#{"software_version"#"104.6.0.9_user_609654720"}}]!['temp_above_55900'!0!0!0!1.000000!!!{"d"#{"software_version"#"104.6.0.9_user_609654720"}}]];DV;1,KDMv3_Unit=count;DV;1:HI
05-14 14:32:15.530 I/Vitals  ( 2238): Thermal:max_temperature:KDMv3_Data=[['bottom_vs_temp'!17600!17600!17600!1.000000!!!{"d"#{"software_version"#"104.6.0.9_user_609654720"}}]!['coretemp0'!90000!90000!90000!1.000000!!!{"d"#{"software_version"#"104.6.0.9_user_609654720"}}]!['coretemp1'!90000!90000!90000!1.000000!!!{"d"#{"software_version"#"104.6.0.9_user_609654720"}}]!['coretemp2'!90000!90000!90000!1.000000!!!{"d"#{"software_version"#"104.6.0.9_user_609654720"}}]!['coretemp3'!90000!90000!90000!1.000000!!!{"d"#{"software_version"#"104.6.0.9_user_609654720"}}]!['glass_camera_vs_temp'!29240!29240!29240!1.000000!!!{"d"#{"software_version"#"104.6.0.9_user_609654720"}}]!['soc_dts0_temp'!46000!46000!46000!1.000000!!!{"d"#{"software_version"#"104.6.0.9_user_609654720"}}]!['soc_dts1_temp'!45000!45000!45000!1.000000!!!{"d"#{"software_version"#"104.6.0.9_user_609654720"}}]!['tmp103_70_temp'!36000!36000!36000!1.000000!!!{"d"#{"software_version"#"104.6.0.9_user_609654720"}}]!['tmp103_71_temp'!26000!26000!26000!1.000000!!!{"d"#{"software_version"#"104.6.0.9_user_609654720"}}]!['tmp103_72_temp'!28000!28000!28000!1.000000!!!{"d"#{"software_version"#"104.6.0.9_user_609654720"}}]];DV;1,KDMv3_Unit=count;DV;1:HI
05-14 14:32:15.530 I/Vitals  ( 2238): Thermal:temperature:KDMv3_Data=[['bottom_vs_temp'!17600!17600!17600!1.000000!!!{"d"#{"software_version"#"104.6.0.9_user_609654720"}}]!['coretemp0'!60000!60000!60000!1.000000!!!{"d"#{"software_version"#"104.6.0.9_user_609654720"}}]!['coretemp1'!60000!60000!60000!1.000000!!!{"d"#{"software_version"#"104.6.0.9_user_609654720"}}]!['coretemp2'!61000!61000!61000!1.000000!!!{"d"#{"software_version"#"104.6.0.9_user_609654720"}}]!['coretemp3'!59000!59000!59000!1.000000!!!{"d"#{"software_version"#"104.6.0.9_user_609654720"}}]!['glass_camera_vs_temp'!29240!29240!29240!1.000000!!!{"d"#{"software_version"#"104.6.0.9_user_609654720"}}]!['soc_dts0_temp'!51000!51000!51000!1.000000!!!{"d"#{"software_version"#"104.6.0.9_user_609654720"}}]!['soc_dts1_temp'!52000!52000!52000!1.000000!!!{"d"#{"software_version"#"104.6.0.9_user_609654720"}}]!['tmp103_70_temp'!37000!37000!37000!1.000000!!!{"d"#{"software_version"#"104.6.0.9_user_609654720"}}]!['tmp103_71_temp'!26000!26000!26000!1.000000!!!{"d"#{"software_version"#"104.6.0.9_user_609654720"}}]!['tmp103_72_temp'!28000!28000!28000!1.000000!!!{"d"#{"software_version"#"104.6.0.9_user_609654720"}}]];DV;1,KDMv3_Unit=count;DV;1:HI
05-14 14:32:15.530 I/Vitals  ( 2238): dev_health:emmc:KDMv3_Data=[['est_life_time_type_a'!1!1!1!1.000000!!!{"d"#{"software_version"#"104.6.0.9_user_609654720"}}]!['est_life_time_type_b'!1!1!1!1.000000!!!{"d"#{"software_version"#"104.6.0.9_user_609654720"}}]!['pre_eol_info'!1!1!1!1.000000!!!{"d"#{"software_version"#"104.6.0.9_user_609654720"}}]];DV;1,KDMv3_Unit=count;DV;1:HI
05-14 14:32:15.530 I/Vitals  ( 2238): dropbox:SYSTEM_BOOT:KDMv3_Data=[[''!1!1!1!1.000000!unknown!{"d"#{"app_version"#"unknown"$"source"#"dropbox"}}!{"d"#{"software_version"#"104.6.0.9_user_609654720"}}]];DV;1,KDMv3_Unit=count;DV;1:HI
05-14 14:32:15.530 I/Vitals  ( 2238): logd:performance:KDMv3_Data=[['DroppedMessages'!0!0!0!12.000000!!!{"d"#{"software_version"#"104.6.0.9_user_609654720"}}]!['Throughput'!58!0!20!12.000000!!!{"d"#{"software_version"#"104.6.0.9_user_609654720"}}]!['TotalMessages'!15481!170!11374!12.000000!!!{"d"#{"software_version"#"104.6.0.9_user_609654720"}}]];DV;1,KDMv3_Unit=count;DV;1:HI
05-14 14:32:15.530 I/Vitals  ( 2238): performance:DelayedFirstFrames:KDMv3_Data=[['com.amazon.paladin'!2!2!2!1.000000!com.amazon.paladin/.PanelsHorizontalPagingActivity!{"d"#{"app_version"#"1757510"}$"m"#{"context"#"S1T0A1D0I0L0E0M99"$"prev"#"org.mozilla.tv.firefox.debug/.MainActivity"}}!{"d"#{"software_version"#"104.6.0.9_user_609654720"}}]!['org.mozilla.tv.firefox.debug'!1!1!1!1.000000!org.mozilla.tv.firefox.debug/org.mozilla.focus.MainActivity!{"d"#{"app_version"#"11"}$"m"#{"context"#"S1T0A1D0I0L0E0M99"$"prev"#"org.mozilla.tv.firefox.debug/.MainActivity"}}!{"d"#{"software_version"#"104.6.0.9_user_609654720"}}]];DV;1,KDMv3_Unit=count;DV;1:HI
05-14 14:32:15.530 I/Vitals  ( 2238): performance:FirstFramesTotal:KDMv3_Data=[['com.amazon.paladin'!7!7!7!1.000000!com.amazon.paladin/.PanelsHorizontalPagingActivity!{"d"#{"app_version"#"1757510"}$"m"#{"context"#"S1T0A1D0I0L0E0M99"$"prev"#"org.mozilla.tv.firefox.debug/.MainActivity"}}!{"d"#{"software_version"#"104.6.0.9_user_609654720"}}]!['com.amazon.paladin'!2!2!2!1.000000!com.amazon.paladin/.PanelsHorizontalPagingActivity!{"d"#{"app_version"#"1757510"}$"m"#{"context"#"S1T0A1D0I0L0E0M99"$"prev"#"org.mozilla.tv.firefox.debug/org.mozilla.focus.MainActivity"}}!{"d"#{"software_version"#"104.6.0.9_user_609654720"}}]!['org.mozilla.tv.firefox.debug'!1!1!1!1.000000!org.mozilla.tv.firefox.debug/org.mozilla.focus.MainActivity!{"d"#{"app_version"#"11"}$"m"#{"context"#"S1T0A1D0I0L0E0M99"$"prev"#"org.mozilla.tv.firefox.debug/.MainActivity"}}!{"d"#{"software_version"#"104.6.0.9_user_609654720"}}]];DV;1,KDMv3_Unit=count;DV;1:HI
05-14 14:32:15.530 I/Vitals  ( 2238): performance:FrameDropTotal:KDMv3_Data=[['com.amazon.paladin'!74!74!74!1.000000!com.amazon.paladin/.PanelsHorizontalPagingActivity!{"d"#{"app_version"#"1757510"}$"m"#{"context"#"S1T0A1D0I0L0E0M99"$"prev"#"org.mozilla.tv.firefox.debug/.MainActivity"}}!{"d"#{"software_version"#"104.6.0.9_user_609654720"}}]!['org.mozilla.tv.firefox.debug'!28!28!28!1.000000!org.mozilla.tv.firefox.debug/org.mozilla.focus.MainActivity!{"d"#{"app_version"#"11"}$"m"#{"context"#"S1T0A1D0I0L0E0M99"$"prev"#"org.mozilla.tv.firefox.debug/.MainActivity"}}!{"d"#{"software_version"#"104.6.0.9_user_609654720"}}]!['org.mozilla.tv.firefox.debug'!22!22!22!1.000000!org.mozilla.tv.firefox.debug/org.mozilla.focus.MainActivity!{"d"#{"app_version"#"11"}$"m"#{"context"#"S1T0A1D0I0L0E0M99"$"prev"#"org.mozilla.tv.firefox.debug/org.mozilla.focus.MainActivity"}}!{"d"#{"software_version"#"104.6.0.9_user_609654720"}}]];DV;1,KDMv3_Unit=count;DV;1:HI
05-14 14:32:15.530 I/Vitals  ( 2238): performance:FramesTotal:KDMv3_Data=[['com.amazon.paladin'!266!266!266!1.000000!com.amazon.paladin/.PanelsHorizontalPagingActivity!{"d"#{"app_version"#"1757510"}$"m"#{"context"#"S1T0A1D0I0L0E0M99"$"prev"#"org.mozilla.tv.firefox.debug/.MainActivity"}}!{"d"#{"software_version"#"104.6.0.9_user_609654720"}}]!['org.mozilla.tv.firefox.debug'!1!1!1!1.000000!org.mozilla.tv.firefox.debug/org.mozilla.focus.MainActivity!{"d"#{"app_version"#"11"}$"m"#{"context"#"S1T0A1D0I0L0E0M99"$"prev"#"org.mozilla.tv.firefox.debug/.MainActivity"}}!{"d"#{"software_version"#"104.6.0.9_user_609654720"}}]!['org.mozilla.tv.firefox.debug'!6!6!6!1.000000!org.mozilla.tv.firefox.debug/org.mozilla.focus.MainActivity!{"d"#{"app_version"#"11"}$"m"#{"context"#"S1T0A1D0I0L0E0M99"$"prev"#"org.mozilla.tv.firefox.debug/org.mozilla.focus.MainActivity"}}!{"d"#{"software_version"#"104.6.0.9_user_609654720"}}]];DV;1,KDMv3_Unit=count;DV;1:HI
05-14 14:32:15.530 I/Vitals  ( 2238): performance:SkippedVsyncsBucket1:KDMv3_Data=[['com.amazon.paladin'!4!4!4!1.000000!com.amazon.paladin/.PanelsHorizontalPagingActivity!{"d"#{"app_version"#"1757510"}$"m"#{"context"#"S1T0A1D0I0L0E0M99"$"prev"#"org.mozilla.tv.firefox.debug/.MainActivity"}}!{"d"#{"software_version"#"104.6.0.9_user_609654720"}}]!['org.mozilla.tv.firefox.debug'!1!1!1!1.000000!org.mozilla.tv.firefox.debug/org.mozilla.focus.MainActivity!{"d"#{"app_version"#"11"}$"m"#{"context"#"S1T0A1D0I0L0E0M99"$"prev"#"org.mozilla.tv.firefox.debug/org.mozilla.focus.MainActivity"}}!{"d"#{"software_version"#"104.6.0.9_user_609654720"}}]];DV;1,KDMv3_Unit=count;DV;1:HI
05-14 14:32:15.530 I/Vitals  ( 2238): performance:SkippedVsyncsBucket2:KDMv3_Data=[['com.amazon.paladin'!1!1!1!1.000000!com.amazon.paladin/.PanelsHorizontalPagingActivity!{"d"#{"app_version"#"1757510"}$"m"#{"context"#"S1T0A1D0I0L0E0M99"$"prev"#"org.mozilla.tv.firefox.debug/.MainActivity"}}!{"d"#{"software_version"#"104.6.0.9_user_609654720"}}]!['org.mozilla.tv.firefox.debug'!1!1!1!1.000000!org.mozilla.tv.firefox.debug/org.mozilla.focus.MainActivity!{"d"#{"app_version"#"11"}$"m"#{"context"#"S1T0A1D0I0L0E0M99"$"prev"#"org.mozilla.tv.firefox.debug/org.mozilla.focus.MainActivity"}}!{"d"#{"software_version"#"104.6.0.9_user_609654720"}}]];DV;1,KDMv3_Unit=count;DV;1:HI
05-14 14:32:15.530 I/Vitals  ( 2238): performance:SkippedVsyncsBucket25:KDMv3_Data=[['com.amazon.paladin'!1!1!1!1.000000!com.amazon.paladin/.PanelsHorizontalPagingActivity!{"d"#{"app_version"#"1757510"}$"m"#{"context"#"S1T0A1D0I0L0E0M99"$"prev"#"org.mozilla.tv.firefox.debug/.MainActivity"}}!{"d"#{"software_version"#"104.6.0.9_user_609654720"}}]!['org.mozilla.tv.firefox.debug'!1!1!1!1.000000!org.mozilla.tv.firefox.debug/org.mozilla.focus.MainActivity!{"d"#{"app_version"#"11"}$"m"#{"context"#"S1T0A1D0I0L0E0M99"$"prev"#"org.mozilla.tv.firefox.debug/.MainActivity"}}!{"d"#{"software_version"#"104.6.0.9_user_609654720"}}]];DV;1,KDMv3_Unit=count;DV;1:HI
05-14 14:32:15.530 I/Vitals  ( 2238): performance:SkippedVsyncsBucket3:KDMv3_Data=[['com.amazon.paladin'!2!2!2!1.000000!com.amazon.paladin/.PanelsHorizontalPagingActivity!{"d"#{"app_version"#"1757510"}$"m"#{"context"#"S1T0A1D0I0L0E0M99"$"prev"#"org.mozilla.tv.firefox.debug/.MainActivity"}}!{"d"#{"software_version"#"104.6.0.9_user_609654720"}}]!['org.mozilla.tv.firefox.debug'!1!1!1!1.000000!org.mozilla.tv.firefox.debug/org.mozilla.focus.MainActivity!{"d"#{"app_version"#"11"}$"m"#{"context"#"S1T0A1D0I0L0E0M99"$"prev"#"org.mozilla.tv.firefox.debug/org.mozilla.focus.MainActivity"}}!{"d"#{"software_version"#"104.6.0.9_user_609654720"}}]];DV;1,KDMv3_Unit=count;DV;1:HI
05-14 14:32:15.531 I/Vitals  ( 2238): performance:SkippedVsyncsBucket5:KDMv3_Data=[['com.amazon.paladin'!2!2!2!1.000000!com.amazon.paladin/.PanelsHorizontalPagingActivity!{"d"#{"app_version"#"1757510"}$"m"#{"context"#"S1T0A1D0I0L0E0M99"$"prev"#"org.mozilla.tv.firefox.debug/.MainActivity"}}!{"d"#{"software_version"#"104.6.0.9_user_609654720"}}]!['org.mozilla.tv.firefox.debug'!2!2!2!1.000000!org.mozilla.tv.firefox.debug/org.mozilla.focus.MainActivity!{"d"#{"app_version"#"11"}$"m"#{"context"#"S1T0A1D0I0L0E0M99"$"prev"#"org.mozilla.tv.firefox.debug/org.mozilla.focus.MainActivity"}}!{"d"#{"software_version"#"104.6.0.9_user_609654720"}}]];DV;1,KDMv3_Unit=count;DV;1:HI
05-14 14:32:15.532 I/Vitals  ( 2238): performance:cool_activity_launch_time:KDMv3_Data=[['com.amazon.paladin'!6883.000000!6883.000000!6883.000000!1.000000!com.amazon.paladin/.PanelsHorizontalPagingActivity!{"d"#{"app_version"#"1757510"}$"m"#{"context"#"S1T0A1D0I0L1E0M99"$"prev"#"null"}}!{"d"#{"software_version"#"104.6.0.9_user_609654720"}}]!['org.mozilla.tv.firefox.debug'!5246.000000!5246.000000!5246.000000!1.000000!org.mozilla.tv.firefox.debug/org.mozilla.focus.MainActivity!{"d"#{"app_version"#"11"}$"m"#{"context"#"S1T0A1D0I0L1E0M99"$"prev"#"org.mozilla.tv.firefox.debug/.MainActivity"}}!{"d"#{"software_version"#"104.6.0.9_user_609654720"}}]];DV;1,KDMv3_Unit=ms;DV;1:HI
05-14 14:32:15.532 I/Vitals  ( 2238): performance:cool_app_launch_time:KDMv3_Data=[['com.amazon.paladin'!6969.000000!6969.000000!6969.000000!1.000000!com.amazon.paladin/.PanelsHorizontalPagingActivity!{"d"#{"app_version"#"1757510"}$"m"#{"context"#"S1T0A1D0I0L1E0M99"$"prev"#"null"}}!{"d"#{"software_version"#"104.6.0.9_user_609654720"}}]!['org.mozilla.tv.firefox.debug'!5343.000000!5343.000000!5343.000000!1.000000!org.mozilla.tv.firefox.debug/org.mozilla.focus.MainActivity!{"d"#{"app_version"#"11"}$"m"#{"context"#"S1T0A1D0I0L1E0M99"$"prev"#"org.mozilla.tv.firefox.debug/.MainActivity"}}!{"d"#{"software_version"#"104.6.0.9_user_609654720"}}]];DV;1,KDMv3_Unit=ms;DV;1:HI
05-14 14:32:15.532 I/Vitals  ( 2238): performance:warm_activity_launch_time:KDMv3_Data=[['com.amazon.paladin'!159.000000!159.000000!159.000000!1.000000!com.amazon.paladin/.PanelsHorizontalPagingActivity!{"d"#{"app_version"#"1757510"}$"m"#{"context"#"S1T0A1D0I0L0E0M99"$"prev"#"org.mozilla.tv.firefox.debug/org.mozilla.focus.MainActivity"}}!{"d"#{"software_version"#"104.6.0.9_user_609654720"}}]];DV;1,KDMv3_Unit=ms;DV;1:HI
05-14 14:32:15.532 I/Vitals  ( 2238): performance:warm_app_warm_transition_launch_time:KDMv3_Data=[['com.amazon.paladin'!159.000000!159.000000!159.000000!1.000000!com.amazon.paladin/.PanelsHorizontalPagingActivity!{"d"#{"app_version"#"1757510"}$"m"#{"context"#"S1T0A1D0I0L0E0M99"$"prev"#"org.mozilla.tv.firefox.debug/org.mozilla.focus.MainActivity"}}!{"d"#{"software_version"#"104.6.0.9_user_609654720"}}]];DV;1,KDMv3_Unit=ms;DV;1:HI
05-14 14:32:33.696 I/LoggerMetricsFactoryImpl( 2603): WifiDiags:runHttpConnTest:HttpTestLatency=8.0;CT;1:NR
05-14 14:32:33.696 I/LoggerMetricsFactoryImpl( 2603): WifiDiags:runHttpConnTest:HttpTestLatency_www.example.com=8.0;CT;1:NR
05-14 14:32:33.706 I/LoggerMetricsFactoryImpl( 2603): WifiDiags:runHttpConnTest:HttpTestLatency=8.0;CT;1:NR
05-14 14:32:33.707 I/LoggerMetricsFactoryImpl( 2603): WifiDiags:runHttpConnTest:HttpTestLatency_www.example.net=8.0;CT;1:NR
05-14 14:32:33.717 I/LoggerMetricsFactoryImpl( 2603): WifiDiags:runHttpConnTest:HttpTestLatency=7.0;CT;1:NR
05-14 14:32:33.717 I/LoggerMetricsFactoryImpl( 2603): WifiDiags:runHttpConnTest:HttpTestLatency_www.example.org=7.0;CT;1:NR
05-14 14:32:35.777 D/WifiService( 2603): acquireWifiLockLocked: WifiLock{HTTPMetricsTransport type=3 binder=android.os.BinderProxy@163a9984}
05-14 14:32:35.794 D/ActivityManager( 2603): single user service: com.amazon.imp
05-14 14:32:35.795 D/ActivityManager( 2603): app = com.amazon.imp, has single user service, setting process record.
05-14 14:32:36.368 D/WifiService( 2603): releaseWifiLockLocked: WifiLock{HTTPMetricsTransport type=3 binder=android.os.BinderProxy@163a9984}
05-14 14:32:55.899 I/AudioIn ( 2223): AudioIn:StreamIn:MaxCaptureDelay=8000000;CT;1,MinCaptureDelay=8000000;CT;1,MeanCaptureDelay=8000000;CT;1:NR
05-14 14:33:05.891 I/ECS_ECWakeWordEventProvider( 3178): WakeWord Detected.
05-14 14:33:05.892 I/ECS_ECService( 3178): Received event: WAKE_WORD
05-14 14:33:05.892 I/ECS_ECStateMachine( 3178): Received event: WAKE_WORD
05-14 14:33:05.892 D/ECS_TimeoutManager( 3178): reset()
05-14 14:33:05.893 D/ECS_TimeoutManager/reset( 3178): com.amazon.paladin:32 
05-14 14:33:05.893 D/ECS_TimeoutManager( 3178): TimeoutPolicy found for packageName com.amazon.paladin: TimeoutPolicy<2147483647s,1>
05-14 14:33:05.893 D/ECS_TimeoutManager( 3178): resetHeartbeat com.amazon.paladin:TimeoutPolicy<2147483647s,1>
05-14 14:33:05.893 D/ECS_TimeoutManager( 3178): TimeoutManager is stopped
05-14 14:33:05.893 D/ECS_TimeoutManager( 3178): timer rescheduled
05-14 14:33:05.894 I/ECS_ECStateMachine( 3178): ECS state changed from AWAKE to AWAKE with shouldEnableHDS: true
05-14 14:33:05.894 I/ECS_ECService( 3178): Received event: CLOUD_PRESENCE_INTERACTION
05-14 14:33:05.894 I/ECS_ECStateMachine( 3178): Received event: CLOUD_PRESENCE_INTERACTION
05-14 14:33:14.300 I/Vlog    ( 2118): logd:performance:fgtracking=false;DV;1,key=TotalMessages;DV;1,Counter=340;CT;1,unit=count;DV;1:HI
05-14 14:33:14.300 I/Vlog    ( 2118): logd:performance:fgtracking=false;DV;1,key=DroppedMessages;DV;1,Counter=0;CT;1,unit=count;DV;1:HI
05-14 14:33:14.300 I/Vlog    ( 2118): logd:performance:fgtracking=false;DV;1,key=Throughput;DV;1,Counter=6.95;CT;1,unit=kbps;DV;1:HI
05-14 14:34:14.341 I/Vlog    ( 2118): logd:performance:fgtracking=false;DV;1,key=TotalMessages;DV;1,Counter=186;CT;1,unit=count;DV;1:HI
05-14 14:34:14.341 I/Vlog    ( 2118): logd:performance:fgtracking=false;DV;1,key=DroppedMessages;DV;1,Counter=0;CT;1,unit=count;DV;1:HI
05-14 14:34:14.341 I/Vlog    ( 2118): logd:performance:fgtracking=false;DV;1,key=Throughput;DV;1,Counter=2.02;CT;1,unit=kbps;DV;1:HI
05-14 14:34:15.907 I/AudioIn ( 2223): AudioIn:StreamIn:MaxCaptureDelay=8000000;CT;1,MinCaptureDelay=8000000;CT;1,MeanCaptureDelay=8000000;CT;1:NR
05-14 14:35:14.346 I/Vlog    ( 2118): logd:performance:fgtracking=false;DV;1,key=TotalMessages;DV;1,Counter=204;CT;1,unit=count;DV;1:HI
05-14 14:35:14.346 I/Vlog    ( 2118): logd:performance:fgtracking=false;DV;1,key=DroppedMessages;DV;1,Counter=0;CT;1,unit=count;DV;1:HI
05-14 14:35:14.346 I/Vlog    ( 2118): logd:performance:fgtracking=false;DV;1,key=Throughput;DV;1,Counter=2.72;CT;1,unit=kbps;DV;1:HI
05-14 14:35:35.916 I/AudioIn ( 2223): AudioIn:StreamIn:MaxCaptureDelay=8000000;CT;1,MinCaptureDelay=8000000;CT;1,MeanCaptureDelay=8000000;CT;1:NR
05-14 14:36:14.386 I/Vlog    ( 2118): logd:performance:fgtracking=false;DV;1,key=TotalMessages;DV;1,Counter=166;CT;1,unit=count;DV;1:HI
05-14 14:36:14.386 I/Vlog    ( 2118): logd:performance:fgtracking=false;DV;1,key=DroppedMessages;DV;1,Counter=0;CT;1,unit=count;DV;1:HI
05-14 14:36:14.386 I/Vlog    ( 2118): logd:performance:fgtracking=false;DV;1,key=Throughput;DV;1,Counter=1.87;CT;1,unit=kbps;DV;1:HI
05-14 14:36:55.923 I/AudioIn ( 2223): AudioIn:StreamIn:MaxCaptureDelay=8000000;CT;1,MinCaptureDelay=8000000;CT;1,MeanCaptureDelay=8000000;CT;1:NR
05-14 14:37:14.421 I/Vlog    ( 2118): logd:performance:fgtracking=false;DV;1,key=TotalMessages;DV;1,Counter=146;CT;1,unit=count;DV;1:HI
05-14 14:37:14.421 I/Vlog    ( 2118): logd:performance:fgtracking=false;DV;1,key=DroppedMessages;DV;1,Counter=0;CT;1,unit=count;DV;1:HI
05-14 14:37:14.421 I/Vlog    ( 2118): logd:performance:fgtracking=false;DV;1,key=Throughput;DV;1,Counter=1.68;CT;1,unit=kbps;DV;1:HI
05-14 14:37:18.631 W/ContextImpl( 4541): Calling a method in the system process without a qualified user: android.app.ContextImpl.bindService:1849 android.content.ContextWrapper.bindService:564 amazon.speech.simclient.SimClient.createClient:140 amazon.speech.simclient.SimClient.createClient:124 com.amazon.settings.alexa.AlexaSettingsUpdatedJobService.onCreate:55 
05-14 14:37:34.005 I/LoggerMetricsFactoryImpl( 2603): WifiDiags:runHttpConnTest:HttpTestLatency=9.0;CT;1:NR
05-14 14:37:34.006 I/LoggerMetricsFactoryImpl( 2603): WifiDiags:runHttpConnTest:HttpTestLatency_www.example.com=9.0;CT;1:NR
05-14 14:37:34.014 I/LoggerMetricsFactoryImpl( 2603): WifiDiags:runHttpConnTest:HttpTestLatency=7.0;CT;1:NR
05-14 14:37:34.015 I/LoggerMetricsFactoryImpl( 2603): WifiDiags:runHttpConnTest:HttpTestLatency_www.example.net=7.0;CT;1:NR
05-14 14:37:34.027 I/LoggerMetricsFactoryImpl( 2603): WifiDiags:runHttpConnTest:HttpTestLatency=11.0;CT;1:NR
05-14 14:37:34.028 I/LoggerMetricsFactoryImpl( 2603): WifiDiags:runHttpConnTest:HttpTestLatency_www.example.org=11.0;CT;1:NR
05-14 14:37:48.718 D/ECS_CloudPresenceNotifier( 3178): No buffered activity; not sending event to cloud
05-14 14:38:05.913 I/ECS_ECStateMachine( 3178): WakeLock list:{3178=[36035]}
05-14 14:38:05.913 I/ECS_ECStateMachine( 3178): ECS state changed from AWAKE to SLEEPY with shouldEnableHDS: true
05-14 14:38:05.913 I/ECS_ECStateMachine( 3178): HDS state should be changed to: DETECT_ABSENCE
05-14 14:38:05.919 I/HDS_CameraDataProvider( 3798): Received event: START_CAMERA_PROVIDER, CameraProviderState: READY
05-14 14:38:05.919 I/HDS_CameraDataProvider( 3798): Not quitting the handler thread in startHandlerThread
05-14 14:38:05.919 I/HDS_HDCameraAvailabilityCallback( 3798): Camera 0 has become available!
05-14 14:38:05.922 I/HDS_CameraDataProvider( 3798): Received event: ON_CAMERA_AVAILABLE, CameraProviderState: STARTING
05-14 14:38:05.922 I/HDS_CameraDataProvider( 3798): opening camera...
05-14 14:38:05.925 D/HDS_CameraDataProvider( 3798): Attempting to change state to: DETECT_ABSENCE
05-14 14:38:06.055 I/HDS_HDCameraStateCallback( 3798): Camera opened successfully.
05-14 14:38:06.055 I/HDS_CameraDataProvider( 3798): Received event: ON_HDS_STATE_CHANGE, CameraProviderState: OPENING
05-14 14:38:06.056 I/HDS_HDService( 3798): HDS State changed to: DETECT_ABSENCE
05-14 14:38:06.056 I/HDS_CameraDataProvider( 3798): Received event: CAMERA_OPEN_SUCCESS, CameraProviderState: OPENING
05-14 14:38:06.069 I/HDS_CameraDataProvider( 3798): Received event: CAPTURE_SESSION_CONFIGURED, CameraProviderState: OPENED
05-14 14:38:06.072 I/HDS_CameraDataProvider( 3798): Received event: CAPTURE_SESSION_READY, CameraProviderState: RUNNING
05-14 14:38:06.491 I/HDS_CameraDataProvider( 3798): Received event: ON_IMAGE_AVAILABLE, CameraProviderState: RUNNING
05-14 14:38:06.495 I/HDS_CameraDataProvider( 3798): Received event: ON_IMAGE_METADATA, CameraProviderState: RUNNING
05-14 14:38:06.669 I/ECS_ECService( 3178): Received event: PRESENCE
05-14 14:38:06.669 I/ECS_ECStateMachine( 3178): Received event: PRESENCE
05-14 14:38:06.671 I/ECS_ECStateMachine( 3178): ECS state changed from SLEEPY to AWAKE with shouldEnableHDS: true
05-14 14:38:06.671 I/ECS_ECStateMachine( 3178): HDS state should be changed to: DISABLED
05-14 14:38:06.671 I/ECS_ECService( 3178): Received event: CLOUD_PRESENCE_CV
05-14 14:38:06.671 I/ECS_ECStateMachine( 3178): Received event: CLOUD_PRESENCE_CV
05-14 14:38:06.674 I/HDS_CameraDataProvider( 3798): Received event: STOP_CAMERA_PROVIDER, CameraProviderState: RUNNING
05-14 14:38:06.674 I/HDS_CameraDataProvider( 3798): stop()
05-14 14:38:07.265 I/HDS_CameraDataProvider( 3798): Received event: ON_IMAGE_AVAILABLE, CameraProviderState: READY
05-14 14:38:07.266 I/HDS_CameraDataProvider( 3798): Ignoring the image available when camera was in state: READY
05-14 14:38:07.266 I/HDS_HDService( 3798): HDS State changed to: DISABLED
05-14 14:38:14.462 I/Vlog    ( 2118): logd:performance:fgtracking=false;DV;1,key=TotalMessages;DV;1,Counter=458;CT;1,unit=count;DV;1:HI
05-14 14:38:14.462 I/Vlog    ( 2118): logd:performance:fgtracking=false;DV;1,key=DroppedMessages;DV;1,Counter=0;CT;1,unit=count;DV;1:HI
05-14 14:38:14.462 I/Vlog    ( 2118): logd:performance:fgtracking=false;DV;1,key=Throughput;DV;1,Counter=5.63;CT;1,unit=kbps;DV;1:HI
05-14 14:38:15.931 I/AudioIn ( 2223): AudioIn:StreamIn:MaxCaptureDelay=8000000;CT;1,MinCaptureDelay=8000000;CT;1,MeanCaptureDelay=8000000;CT;1:NR
05-14 14:39:14.502 I/Vlog    ( 2118): logd:performance:fgtracking=false;DV;1,key=TotalMessages;DV;1,Counter=172;CT;1,unit=count;DV;1:HI
05-14 14:39:14.502 I/Vlog    ( 2118): logd:performance:fgtracking=false;DV;1,key=DroppedMessages;DV;1,Counter=0;CT;1,unit=count;DV;1:HI
05-14 14:39:14.502 I/Vlog    ( 2118): logd:performance:fgtracking=false;DV;1,key=Throughput;DV;1,Counter=2.46;CT;1,unit=kbps;DV;1:HI
05-14 14:39:35.939 I/AudioIn ( 2223): AudioIn:StreamIn:MaxCaptureDelay=8000000;CT;1,MinCaptureDelay=8000000;CT;1,MeanCaptureDelay=8000000;CT;1:NR
05-14 14:40:14.542 I/Vlog    ( 2118): logd:performance:fgtracking=false;DV;1,key=TotalMessages;DV;1,Counter=189;CT;1,unit=count;DV;1:HI
05-14 14:40:14.542 I/Vlog    ( 2118): logd:performance:fgtracking=false;DV;1,key=DroppedMessages;DV;1,Counter=0;CT;1,unit=count;DV;1:HI
05-14 14:40:14.542 I/Vlog    ( 2118): logd:performance:fgtracking=false;DV;1,key=Throughput;DV;1,Counter=2.22;CT;1,unit=kbps;DV;1:HI
05-14 14:40:55.947 I/AudioIn ( 2223): AudioIn:StreamIn:MaxCaptureDelay=8000000;CT;1,MinCaptureDelay=8000000;CT;1,MeanCaptureDelay=8000000;CT;1:NR
05-14 14:41:14.582 I/Vlog    ( 2118): logd:performance:fgtracking=false;DV;1,key=TotalMessages;DV;1,Counter=158;CT;1,unit=count;DV;1:HI
05-14 14:41:14.582 I/Vlog    ( 2118): logd:performance:fgtracking=false;DV;1,key=DroppedMessages;DV;1,Counter=0;CT;1,unit=count;DV;1:HI
05-14 14:41:14.582 I/Vlog    ( 2118): logd:performance:fgtracking=false;DV;1,key=Throughput;DV;1,Counter=1.79;CT;1,unit=kbps;DV;1:HI
05-14 14:42:14.622 I/Vlog    ( 2118): logd:performance:fgtracking=false;DV;1,key=TotalMessages;DV;1,Counter=178;CT;1,unit=count;DV;1:HI
05-14 14:42:14.622 I/Vlog    ( 2118): logd:performance:fgtracking=false;DV;1,key=DroppedMessages;DV;1,Counter=0;CT;1,unit=count;DV;1:HI
05-14 14:42:14.622 I/Vlog    ( 2118): logd:performance:fgtracking=false;DV;1,key=Throughput;DV;1,Counter=1.96;CT;1,unit=kbps;DV;1:HI
05-14 14:42:15.955 I/AudioIn ( 2223): AudioIn:StreamIn:MaxCaptureDelay=8000000;CT;1,MinCaptureDelay=8000000;CT;1,MeanCaptureDelay=8000000;CT;1:NR
05-14 14:42:34.312 I/LoggerMetricsFactoryImpl( 2603): WifiDiags:runHttpConnTest:HttpTestLatency=7.0;CT;1:NR
05-14 14:42:34.312 I/LoggerMetricsFactoryImpl( 2603): WifiDiags:runHttpConnTest:HttpTestLatency_www.example.com=7.0;CT;1:NR
05-14 14:42:34.321 I/LoggerMetricsFactoryImpl( 2603): WifiDiags:runHttpConnTest:HttpTestLatency=7.0;CT;1:NR
05-14 14:42:34.322 I/LoggerMetricsFactoryImpl( 2603): WifiDiags:runHttpConnTest:HttpTestLatency_www.example.net=7.0;CT;1:NR
05-14 14:42:34.331 I/LoggerMetricsFactoryImpl( 2603): WifiDiags:runHttpConnTest:HttpTestLatency=7.0;CT;1:NR
05-14 14:42:34.331 I/LoggerMetricsFactoryImpl( 2603): WifiDiags:runHttpConnTest:HttpTestLatency_www.example.org=7.0;CT;1:NR
05-14 14:42:48.935 D/ECS_CloudPresenceNotifier( 3178): No buffered activity; not sending event to cloud
05-14 14:43:06.740 I/ECS_ECStateMachine( 3178): WakeLock list:{3178=[36035]}
05-14 14:43:06.740 I/ECS_ECStateMachine( 3178): ECS state changed from AWAKE to SLEEPY with shouldEnableHDS: true
05-14 14:43:06.740 I/ECS_ECStateMachine( 3178): HDS state should be changed to: DETECT_ABSENCE
05-14 14:43:06.741 I/HDS_CameraDataProvider( 3798): Received event: START_CAMERA_PROVIDER, CameraProviderState: READY
05-14 14:43:06.741 I/HDS_CameraDataProvider( 3798): Not quitting the handler thread in startHandlerThread
05-14 14:43:06.742 I/HDS_HDCameraAvailabilityCallback( 3798): Camera 0 has become available!
05-14 14:43:06.746 I/HDS_CameraDataProvider( 3798): Received event: ON_CAMERA_AVAILABLE, CameraProviderState: STARTING
05-14 14:43:06.746 I/HDS_CameraDataProvider( 3798): opening camera...
05-14 14:43:06.752 D/HDS_CameraDataProvider( 3798): Attempting to change state to: DETECT_ABSENCE
05-14 14:43:06.882 I/HDS_HDCameraStateCallback( 3798): Camera opened successfully.
05-14 14:43:06.883 I/HDS_CameraDataProvider( 3798): Received event: ON_HDS_STATE_CHANGE, CameraProviderState: OPENING
05-14 14:43:06.883 I/HDS_CameraDataProvider( 3798): Received event: CAMERA_OPEN_SUCCESS, CameraProviderState: OPENING
05-14 14:43:06.886 I/HDS_HDService( 3798): HDS State changed to: DETECT_ABSENCE
05-14 14:43:06.897 I/HDS_CameraDataProvider( 3798): Received event: CAPTURE_SESSION_CONFIGURED, CameraProviderState: OPENED
05-14 14:43:06.902 I/HDS_CameraDataProvider( 3798): Received event: CAPTURE_SESSION_READY, CameraProviderState: RUNNING
05-14 14:43:07.325 I/HDS_CameraDataProvider( 3798): Received event: ON_IMAGE_METADATA, CameraProviderState: RUNNING
05-14 14:43:07.325 I/HDS_CameraDataProvider( 3798): Received event: ON_IMAGE_AVAILABLE, CameraProviderState: RUNNING
05-14 14:43:07.559 I/ECS_ECService( 3178): Received event: PRESENCE
05-14 14:43:07.559 I/ECS_ECStateMachine( 3178): Received event: PRESENCE
05-14 14:43:07.560 I/ECS_ECStateMachine( 3178): ECS state changed from SLEEPY to AWAKE with shouldEnableHDS: true
05-14 14:43:07.560 I/ECS_ECStateMachine( 3178): HDS state should be changed to: DISABLED
05-14 14:43:07.560 I/ECS_ECService( 3178): Received event: CLOUD_PRESENCE_CV
05-14 14:43:07.561 I/ECS_ECStateMachine( 3178): Received event: CLOUD_PRESENCE_CV
05-14 14:43:07.562 I/HDS_CameraDataProvider( 3798): Received event: STOP_CAMERA_PROVIDER, CameraProviderState: RUNNING
05-14 14:43:07.562 I/HDS_CameraDataProvider( 3798): stop()
05-14 14:43:08.182 I/HDS_HDService( 3798): HDS State changed to: DISABLED
05-14 14:43:14.624 I/Vlog    ( 2118): logd:performance:fgtracking=false;DV;1,key=TotalMessages;DV;1,Counter=424;CT;1,unit=count;DV;1:HI
05-14 14:43:14.624 I/Vlog    ( 2118): logd:performance:fgtracking=false;DV;1,key=DroppedMessages;DV;1,Counter=0;CT;1,unit=count;DV;1:HI
05-14 14:43:14.624 I/Vlog    ( 2118): logd:performance:fgtracking=false;DV;1,key=Throughput;DV;1,Counter=5.03;CT;1,unit=kbps;DV;1:HI
05-14 14:43:20.232 D/PackageManager( 2603): /data/app/vmdl1337350822.tmp already staged; skipping copy
05-14 14:43:20.753 D/PackageManager( 2603): Renaming /data/app/vmdl1337350822.tmp to /data/app/org.mozilla.tv.firefox.beta-1
05-14 14:43:20.755 I/LoggerMetricsFactoryImpl( 2603): SideloadedPackage:SideloadingCount_5.1.1:org.mozilla.tv.firefox.beta=1.0;CT;1:NR
05-14 14:43:20.755 I/LoggerMetricsFactoryImpl( 2603): SideloadingOnDevice:SideloadingCount_5.1.1:knight=1.0;CT;1:NR
05-14 14:43:20.755 I/LoggerMetricsFactoryImpl( 2603): SideloadingOnDevice:SideloadedPackage:knight=org.mozilla.tv.firefox.beta;DV;1:NR
05-14 14:43:20.755 D/PackageManager( 2603): Sideloading logging is not enabled on the device
05-14 14:43:20.788 D/PackageManager( 2603): Resolved nativeLibraryRoot for org.mozilla.tv.firefox.beta to root=/data/app/org.mozilla.tv.firefox.beta-1/lib, isa=true
05-14 14:43:20.889 I/LoggerMetricsFactoryImpl( 2603): PackageManager:AppInstalled:PackageVersion=2.1;DV;1,PackageName=org.mozilla.tv.firefox.beta;DV;1:NR
05-14 14:43:20.889 E/PackageWhitelisterManagerCallback( 2603): Preload App configuration file /system/etc/fdrw_preload_apps.conf not found
05-14 14:43:20.998 W/InputMethodManagerService( 2603): Settings not found for 'safe mode' for current user
05-14 14:43:21.037 W/VoiceInteractionManagerService( 2603): no available voice recognition services found for user 0
05-14 14:43:21.128 I/com.android.server.pm.ExternalInstallPackageManagerCallback( 2603): Installation succeeded for app org.mozilla.tv.firefox.beta on internal storage. Return code:1
--------- beginning of main
05-14 14:43:21.383 I/PerfBoost( 6894): perfboost_init: done
05-14 14:43:21.409 D/AndroidRuntime( 6894): Calling main entry com.android.commands.am.Am
05-14 14:43:21.413 D/ActivityManager( 6894): default service binder = android.os.BinderProxy@15d86baa
05-14 14:43:21.413 D/ActivityManager( 6894): default service = android.app.ActivityManagerProxy@2d6fd39b
05-14 14:43:21.416 I/ActivityManager( 2603): START u0 {act=android.intent.action.MAIN cat=[android.intent.category.LAUNCHER] flg=0x10000000 cmp=org.mozilla.tv.firefox.beta/org.mozilla.focus.MainActivity} from uid 2000 on display 0
05-14 14:43:21.419 I/PerfBoost( 2603): perfboost_set_cpu_boost: curr_min_freq = 1200000, duration = 200
05-14 14:43:21.419 D/PerfBoost( 2603): setup_timer: timer = (0, 200000000)
05-14 14:43:21.425 W/ActivityManager( 2603): Input dispatching paused for current ActivityRecord: ActivityRecord{3ae0c1cd u0 org.mozilla.tv.firefox.beta/org.mozilla.focus.MainActivity t34}
05-14 14:43:21.425 V/WindowManager( 2603): addAppToken: AppWindowToken{2c5ae593 token=Token{3e4d2a82 ActivityRecord{3ae0c1cd u0 org.mozilla.tv.firefox.beta/org.mozilla.focus.MainActivity t34}}} to stack=1 task=34 at 0
05-14 14:43:21.428 D/AndroidRuntime( 6894): Shutting down VM
05-14 14:43:21.429 E/IPCThreadState( 6894): talkWithDriver returned result (-9)
05-14 14:43:21.429 E/IPCThreadState( 6894): talkWithDriver returned result (-9)
05-14 14:43:21.460 W/art     ( 2244): PreZygoteFork called when we already have a zygote space.
05-14 14:43:21.468 I/ActivityManager( 2603): Start proc 6907:org.mozilla.tv.firefox.beta/u0a17 for activity org.mozilla.tv.firefox.beta/org.mozilla.focus.MainActivity
05-14 14:43:21.468 I/art     ( 6907): Late-enabling -Xcheck:jni
05-14 14:43:21.491 D/ActivityManager( 6907): default service binder = android.os.BinderProxy@295fc6c7
05-14 14:43:21.491 D/ActivityManager( 6907): default service = android.app.ActivityManagerProxy@114274f4
05-14 14:43:21.493 I/art     ( 6907): Debugger is no longer active
05-14 14:43:21.500 D/VendorDisplayManagerGlobalCallback( 6907): callGetInstance: nil
05-14 14:43:21.621 D/PerfBoost( 2603): cancel_perfboost: Min freq set to 1200000
05-14 14:43:21.851 I/ContextImpl( 6907): com.amazon.client.metrics.api registered service at i = 70
05-14 14:43:21.864 D/ProfileManager( 6907): Create ProfileManager instance
05-14 14:43:21.889 W/ActivityManager( 2603): getRunningAppProcesses: caller 10017 does not hold REAL_GET_TASKS; limiting output
05-14 14:43:21.890 I/InstantRun( 6907): starting instant run server: is main process
05-14 14:43:22.109 I/FrameworkJumpTable( 6907): Successfully loaded all classes
05-14 14:43:22.119 I/FrameworkJumpTable( 6907): Successfully loaded all methods
05-14 14:43:22.120 I/FrameworkJumpTable( 6907): Successfully loaded all fields
05-14 14:43:22.148 W/art     ( 6907): Before Android 4.1, method android.graphics.PorterDuffColorFilter android.support.graphics.drawable.VectorDrawableCompat.updateTintFilter(android.graphics.PorterDuffColorFilter, android.content.res.ColorStateList, android.graphics.PorterDuff$Mode) would have incorrectly overridden the package-private method in android.graphics.drawable.Drawable
05-14 14:43:22.194 W/System.err( 6907): SLF4J: Failed to load class "org.slf4j.impl.StaticLoggerBinder".
05-14 14:43:22.194 W/System.err( 6907): SLF4J: Defaulting to no-operation (NOP) logger implementation
05-14 14:43:22.194 W/System.err( 6907): SLF4J: See http://www.slf4j.org/codes.html#StaticLoggerBinder for further details.
05-14 14:43:22.195 D/io.sentry.android.AndroidSentryClientFactory( 6907): Construction of Android Sentry.
05-14 14:43:22.211 D/io.sentry.android.AndroidSentryClientFactory( 6907): Sentry init with ctx='org.mozilla.focus.FocusApplication@1b0ca5ea' and dsn='Dsn{uri=noop://localhost}'
05-14 14:43:22.211 W/io.sentry.android.AndroidSentryClientFactory( 6907): *** Couldn't find a suitable DSN, Sentry operations will do nothing! See documentation: https://docs.sentry.io/clients/java/modules/android/ ***
05-14 14:43:22.299 D/io.sentry.android.AndroidSentryClientFactory( 6907): Using buffer dir: /data/data/org.mozilla.tv.firefox.beta/cache/sentry-buffered-events
05-14 14:43:22.456 I/ActivityManager( 2603): START u0 {cmp=org.mozilla.tv.firefox.beta/org.mozilla.focus.OnboardingActivity} from uid 10017 on display 0
05-14 14:43:22.458 I/art     ( 6907): Background sticky concurrent mark sweep GC freed 5684(691KB) AllocSpace objects, 3(48KB) LOS objects, 14% free, 6MB/7MB, paused 6.984ms total 51.738ms
05-14 14:43:22.458 W/ActivityManager( 2603): Input dispatching paused for current ActivityRecord: ActivityRecord{3fb7740b u0 org.mozilla.tv.firefox.beta/org.mozilla.focus.OnboardingActivity t34}
05-14 14:43:22.458 V/WindowManager( 2603): addAppToken: AppWindowToken{16df4d01 token=Token{11f9f2e8 ActivityRecord{3fb7740b u0 org.mozilla.tv.firefox.beta/org.mozilla.focus.OnboardingActivity t34}}} to stack=1 task=34 at 1
05-14 14:43:22.471 I/ECS_TimeoutManager( 3178): Task stack changed
05-14 14:43:22.471 D/ECS_TimeoutManager( 3178): reset()
05-14 14:43:22.471 D/ECS_TimeoutManager/reset( 3178): org.mozilla.tv.firefox.beta:34 com.amazon.paladin:32 
05-14 14:43:22.472 D/ECS_TimeoutManager( 3178): getDefaultPackageTimeoutPolicy org.mozilla.tv.firefox.beta
05-14 14:43:22.477 D/ECS_TimeoutManager( 3178): falling back to default within metadata
05-14 14:43:22.477 D/ECS_TimeoutManager( 3178): org.mozilla.tv.firefox.beta TimeoutPolicy<30s,0>
05-14 14:43:22.477 D/ECS_TimeoutManager( 3178): TimeoutPolicy not found for packageName org.mozilla.tv.firefox.beta. Defaulting to: TimeoutPolicy<30s,0>
05-14 14:43:22.477 D/ECS_TimeoutManager( 3178): resetHeartbeat org.mozilla.tv.firefox.beta:TimeoutPolicy<30s,0>
05-14 14:43:22.477 D/ECS_TimeoutManager( 3178): TimeoutManager is stopped
