05-14 14:27:47.541 I/HDS_CameraDataProvider( 3798): Starting the capture session in handleStateChange
05-14 14:27:47.712 I/HDS_HDService( 3798): HDS State changed to: DETECT_PRESENCE
05-14 14:27:47.743 I/ECS_ECService( 3178): Received event: MOTION
05-14 14:27:47.743 I/ECS_ECStateMachine( 3178): Received event: MOTION
05-14 14:27:47.745 I/ECS_ECService( 3178): Received event: MOTION
05-14 14:27:47.745 I/ECS_ECStateMachine( 3178): Received event: MOTION
05-14 14:27:47.806 I/HDS_CameraDataProvider( 3798): Received event: CAPTURE_SESSION_READY, CameraProviderState: RUNNING
05-14 14:27:47.842 W/InputMethodManagerService( 2603): Settings not found for 'safe mode' for current user
05-14 14:27:47.903 I/HDS_CameraDataProvider( 3798): Received event: CAPTURE_SESSION_CONFIGURED, CameraProviderState: RUNNING
05-14 14:27:47.928 I/HDS_CameraDataProvider( 3798): Received event: CAPTURE_SESSION_READY, CameraProviderState: RUNNING
05-14 14:27:47.934 I/HDS_CameraDataProvider( 3798): Received event: CAPTURE_SESSION_CLOSED, CameraProviderState: RUNNING
05-14 14:27:48.218 I/ECS_ECService( 3178): Received event: PRESENCE
05-14 14:27:48.218 I/ECS_ECStateMachine( 3178): Received event: PRESENCE
05-14 14:27:48.221 D/ECS_ECStateMachine( 3178): notifyUserPresence true presence_reason_cv
05-14 14:27:48.222 I/ECS_ECStateMachine( 3178): ECS state changed from WAKING to AWAKE with shouldEnableHDS: true
05-14 14:27:48.222 I/ECS_ECStateMachine( 3178): HDS state should be changed to: DISABLED
05-14 14:27:48.403 I/ECS_ECService( 3178): Received event: CLOUD_PRESENCE_CV
05-14 14:27:48.403 I/ECS_ECStateMachine( 3178): Received event: CLOUD_PRESENCE_CV
05-14 14:27:48.412 I/HDS_CameraDataProvider( 3798): Received event: STOP_CAMERA_PROVIDER, CameraProviderState: RUNNING
05-14 14:27:48.412 I/HDS_CameraDataProvider( 3798): stop()
05-14 14:27:48.496 I/ActivityManager( 2603): Start proc 5674:com.amazon.platformsettings/u0a22067 for broadcast com.amazon.platformsettings/.BootCompleteReceiver
05-14 14:27:48.544 D/VendorDisplayManagerGlobalCallback( 5674): callGetInstance: nil
05-14 14:27:48.604 D/ActivityManager( 2603): single user service: com.amazon.platformsettings
05-14 14:27:48.607 D/ActivityManager( 2603): app = com.amazon.platformsettings, has single user service, setting process record.
05-14 14:27:48.642 I/ActivityManager( 2603): Start proc 5692:com.amazon.securitysyncclient/u0a22068 for broadcast com.amazon.securitysyncclient/.BootCompleteReceiver
05-14 14:27:48.718 D/VendorDisplayManagerGlobalCallback( 5692): callGetInstance: nil
05-14 14:27:48.914 I/ActivityManager( 2603): Start proc 5713:com.amazon.zordon/u0a22071 for broadcast com.amazon.zordon/.receiver.BootReceiver
05-14 14:27:48.975 D/VendorDisplayManagerGlobalCallback( 5713): callGetInstance: nil
05-14 14:27:49.174 W/MetricsUtilImpl( 5713): Tried to remove timer but 'SIMClientAPI.SIMClient.SimServiceReconnectTime' does not exist.
05-14 14:27:49.174 W/MetricsUtilImpl( 5713): Tried to remove timer but 'SIMClientAPI.SIMClient.SimClientConnectTime' does not exist.
05-14 14:27:49.247 D/NsdService( 2603): New client listening to asynchronous messages
05-14 14:27:49.247 D/NsdService( 2603): New client, channel: com.android.internal.util.AsyncChannel@451a9d7 messenger: android.os.Messenger@2bcf02c4
05-14 14:27:49.360 I/HDS_CameraDataProvider( 3798): Received event: ON_IMAGE_METADATA, CameraProviderState: READY
05-14 14:27:49.362 I/HDS_HDService( 3798): HDS State changed to: DISABLED
05-14 14:27:49.451 W/ContextImpl( 4541): Calling a method in the system process without a qualified user: android.app.ContextImpl.startService:1785 android.content.ContextWrapper.startService:541 com.amazon.settings.device.SettingsInitializationHelperService.performInitialization:137 com.amazon.settings.device.SettingsInitializationHelperService.handleBootComplete:117 com.amazon.settings.device.SettingsInitializationHelperService.onHandleIntent:90 
05-14 14:27:49.511 W/ContextImpl( 4541): Calling a method in the system process without a qualified user: android.app.ContextImpl.startService:1785 android.content.ContextWrapper.startService:541 com.android.settings.bluetooth.BluetoothDeviceContextManager.startService:320 com.android.settings.bluetooth.BluetoothDeviceContextManager.sendDeviceContext:283 com.android.settings.bluetooth.BluetoothDeviceContextManager.onHandleIntentInternal:117 
05-14 14:27:49.515 W/ContextImpl( 4541): Calling a method in the system process without a qualified user: android.app.ContextImpl.startService:1785 android.content.ContextWrapper.startService:541 com.android.settings.bluetooth.BluetoothDeviceContextManager.startService:320 com.android.settings.bluetooth.BluetoothDeviceContextManager.sendDeviceContext:290 com.android.settings.bluetooth.BluetoothDeviceContextManager.onHandleIntentInternal:117 
05-14 14:27:49.518 W/ContextImpl( 4541): Calling a method in the system process without a qualified user: android.app.ContextImpl.bindService:1849 android.content.ContextWrapper.bindService:564 amazon.speech.simclient.SimClient.createClient:140 amazon.speech.simclient.SimClient.createClient:124 com.amazon.settings.device.SettingsInitializationHelperService.handleBootComplete:120 
05-14 14:27:49.523 W/ContextImpl( 4541): Calling a method in the system process without a qualified user: android.app.ContextImpl.bindService:1849 android.content.ContextWrapper.bindService:564 amazon.speech.simclient.SimClient.createClient:140 amazon.speech.simclient.SimClient.createClient:124 com.amazon.settings.utils.SimIntentService.onHandleIntent:158 
05-14 14:27:49.545 W/ContextImpl( 4541): Calling a method in the system process without a qualified user: android.app.ContextImpl.bindService:1849 android.content.ContextWrapper.bindService:564 amazon.speech.simclient.SimClient.createClient:140 amazon.speech.simclient.SimClient.createClient:124 com.amazon.settings.utils.SimIntentService.onHandleIntent:158 
05-14 14:27:49.581 W/MetricsUtilImpl( 5713): Tried to stop a timer name='SIMClientAPI.SIMClient.SimServiceReconnectTime' on an MetricsEvent that doesn't exist.
--------- beginning of crash
05-14 14:27:49.589 E/AndroidRuntime( 3879): FATAL EXCEPTION: main
05-14 14:27:49.589 E/AndroidRuntime( 3879): Process: amazon.speech.davs.davsclientservice, PID: 3879
05-14 14:27:49.589 E/AndroidRuntime( 3879): java.lang.RuntimeException: Unable to create service amazon.speech.davs.davsclientservice.GenericDavsService: java.lang.NullPointerException: Attempt to invoke virtual method 'java.lang.String java.io.File.getAbsolutePath()' on a null object reference
05-14 14:27:49.589 E/AndroidRuntime( 3879): 	at android.app.ActivityThread.handleCreateService(ActivityThread.java:2832)
05-14 14:27:49.589 E/AndroidRuntime( 3879): 	at android.app.ActivityThread.access$1800(ActivityThread.java:160)
05-14 14:27:49.589 E/AndroidRuntime( 3879): 	at android.app.ActivityThread$H.handleMessage(ActivityThread.java:1404)
05-14 14:27:49.589 E/AndroidRuntime( 3879): 	at android.os.Handler.dispatchMessage(Handler.java:102)
05-14 14:27:49.589 E/AndroidRuntime( 3879): 	at android.os.Looper.loop(Looper.java:135)
05-14 14:27:49.589 E/AndroidRuntime( 3879): 	at android.app.ActivityThread.main(ActivityThread.java:5491)
05-14 14:27:49.589 E/AndroidRuntime( 3879): 	at java.lang.reflect.Method.invoke(Native Method)
05-14 14:27:49.589 E/AndroidRuntime( 3879): 	at java.lang.reflect.Method.invoke(Method.java:372)
05-14 14:27:49.589 E/AndroidRuntime( 3879): 	at com.android.internal.os.ZygoteInit$MethodAndArgsCaller.run(ZygoteInit.java:984)
05-14 14:27:49.589 E/AndroidRuntime( 3879): 	at com.android.internal.os.ZygoteInit.main(ZygoteInit.java:779)
05-14 14:27:49.589 E/AndroidRuntime( 3879): Caused by: java.lang.NullPointerException: Attempt to invoke virtual method 'java.lang.String java.io.File.getAbsolutePath()' on a null object reference
05-14 14:27:49.589 E/AndroidRuntime( 3879): 	at amazon.speech.davs.genericdavsserver.DavClientImpl.<init>(DavClientImpl.java:41)
05-14 14:27:49.589 E/AndroidRuntime( 3879): 	at amazon.speech.davs.davsclientservice.GenericDavsService.onCreate(GenericDavsService.java:52)
05-14 14:27:49.589 E/AndroidRuntime( 3879): 	at android.app.ActivityThread.handleCreateService(ActivityThread.java:2822)
05-14 14:27:49.589 E/AndroidRuntime( 3879): 	... 9 more
05-14 14:27:49.589 I/AndroidRuntime( 3879): To Report FATAL to activityManagerService
05-14 14:27:49.597 W/ContextImpl( 2603): Calling a method in the system process without a qualified user: android.app.ContextImpl.startService:1785 android.content.ContextWrapper.startService:541 android.content.ContextWrapper.startService:541 com.amazon.android.marketplace.MarketplaceServiceReceiver.onReceive:38 android.app.ActivityThread.handleReceiver:2663 
05-14 14:27:49.598 D/ActivityManager( 2603): single user service: system
05-14 14:27:49.598 D/ActivityManager( 2603): app = system, has single user service, setting process record.
05-14 14:27:49.611 W/ContextImpl( 4541): Calling a method in the system process without a qualified user: android.app.ContextImpl.startService:1785 android.content.ContextWrapper.startService:541 com.amazon.settings.utils.DeviceContextUpdater.sendDeviceContextToSim:84 com.amazon.settings.utils.DeviceContextUpdater$1.doInBackground:238 com.amazon.settings.utils.DeviceContextUpdater$1.doInBackground:235 
05-14 14:27:49.631 I/ActivityManager( 2603): Start proc 5768:amazon.speech.wakeword.datacollectservice/u0a16 for broadcast amazon.speech.wakeword.datacollectservice/.BootCompleteReceiver
05-14 14:27:49.645 W/ContextImpl( 4541): Calling a method in the system process without a qualified user: android.app.ContextImpl.bindService:1849 android.content.ContextWrapper.bindService:564 amazon.speech.simclient.SimClient.createClient:140 amazon.speech.simclient.SimClient.createClient:124 com.amazon.settings.utils.SimIntentService.onHandleIntent:158 
05-14 14:27:49.651 I/AndroidRuntime( 3879): Finished reporting FATAL to activityManagerService
05-14 14:27:49.655 I/ActivityManager( 2603): addErrorToDropBox inserted hashcode=262849bfefd8b6d67a97ed51eb884059f9efe6eb for eventType crash.
05-14 14:27:49.658 I/Vlog    ( 2603): 1p_2p:bg_crash:fgtracking=false;DV;1,key=amazon.speech.davs.davsclientservice;DV;1,Counter=1.0;CT;1,unit=count;DV;1,metadata=262849bfefd8b6d67a97ed51eb884059f9efe6eb!{"d"#{"app_version"#"22"}};DV;1:HI
05-14 14:27:49.667 I/Vlog    ( 2603): 1p_2p:bg_crash:fgtracking=false;DV;1,key=amazon.speech.davs.davsclientservice;DV;1,Counter=1.0;CT;1,unit=count;DV;1,metadata=262849bfefd8b6d67a97ed51eb884059f9efe6eb!{"d"#{"app_version"#"22"$"source"#"dropbox"}};DV;1:HI
05-14 14:27:49.691 I/ActivityManager( 2603): Process amazon.speech.davs.davsclientservice (pid 3879) has died
05-14 14:27:49.692 D/ActivityManager( 2603): cleanUpApplicationRecord -- 3879
05-14 14:27:49.693 W/ActivityManager( 2603): Scheduling restart of crashed service amazon.speech.davs.davsclientservice/.GenericDavsService in 1000ms
05-14 14:27:49.693 W/ActivityManager( 2603): Scheduling restart of crashed service amazon.speech.davs.davsclientservice/.DavsClientService in 11000ms
05-14 14:27:49.700 I/CrashDescriptorUtil( 2603): addErrorToCommonLog Hash already present in file
05-14 14:27:49.749 D/VendorDisplayManagerGlobalCallback( 5768): callGetInstance: nil
05-14 14:27:49.765 I/ActivityManager( 2603): Start proc 5793:amazon.speech.davs.davsclientservice/u0a12 for service amazon.speech.davs.davsclientservice/.DavsClientService
05-14 14:27:49.803 D/VendorDisplayManagerGlobalCallback( 5793): callGetInstance: nil
05-14 14:27:49.910 W/ContextImpl( 4541): Calling a method in the system process without a qualified user: android.app.ContextImpl.startService:1785 android.content.ContextWrapper.startService:541 android.content.ContextWrapper.startService:541 com.amazon.settings.alexa.SettingsUpdatedBroadcastReceiver.startAlexaSettingsIntentService:66 com.amazon.settings.alexa.SettingsUpdatedBroadcastReceiver.onReceive:32 
05-14 14:27:49.915 W/ContextImpl( 4541): Calling a method in the system process without a qualified user: android.app.ContextImpl.startService:1785 android.content.ContextWrapper.startService:541 android.content.ContextWrapper.startService:541 com.amazon.settings.alexa.SettingsUpdatedBroadcastReceiver.startDeviceContextUpdaterService:80 com.amazon.settings.alexa.SettingsUpdatedBroadcastReceiver.onReceive:35 
05-14 14:27:50.054 E/AndroidRuntime( 5793): FATAL EXCEPTION: main
05-14 14:27:50.054 E/AndroidRuntime( 5793): Process: amazon.speech.davs.davsclientservice, PID: 5793
05-14 14:27:50.054 E/AndroidRuntime( 5793): java.lang.RuntimeException: Unable to create service amazon.speech.davs.davsclientservice.GenericDavsService: java.lang.NullPointerException: Attempt to invoke virtual method 'java.lang.String java.io.File.getAbsolutePath()' on a null object reference
05-14 14:27:50.054 E/AndroidRuntime( 5793): 	at android.app.ActivityThread.handleCreateService(ActivityThread.java:2832)
05-14 14:27:50.054 E/AndroidRuntime( 5793): 	at android.app.ActivityThread.access$1800(ActivityThread.java:160)
05-14 14:27:50.054 E/AndroidRuntime( 5793): 	at android.app.ActivityThread$H.handleMessage(ActivityThread.java:1404)
05-14 14:27:50.054 E/AndroidRuntime( 5793): 	at android.os.Handler.dispatchMessage(Handler.java:102)
05-14 14:27:50.054 E/AndroidRuntime( 5793): 	at android.os.Looper.loop(Looper.java:135)
05-14 14:27:50.054 E/AndroidRuntime( 5793): 	at android.app.ActivityThread.main(ActivityThread.java:5491)
05-14 14:27:50.054 E/AndroidRuntime( 5793): 	at java.lang.reflect.Method.invoke(Native Method)
05-14 14:27:50.054 E/AndroidRuntime( 5793): 	at java.lang.reflect.Method.invoke(Method.java:372)
05-14 14:27:50.054 E/AndroidRuntime( 5793): 	at com.android.internal.os.ZygoteInit$MethodAndArgsCaller.run(ZygoteInit.java:984)
05-14 14:27:50.054 E/AndroidRuntime( 5793): 	at com.android.internal.os.ZygoteInit.main(ZygoteInit.java:779)
05-14 14:27:50.054 E/AndroidRuntime( 5793): Caused by: java.lang.NullPointerException: Attempt to invoke virtual method 'java.lang.String java.io.File.getAbsolutePath()' on a null object reference
05-14 14:27:50.054 E/AndroidRuntime( 5793): 	at amazon.speech.davs.genericdavsserver.DavClientImpl.<init>(DavClientImpl.java:41)
05-14 14:27:50.054 E/AndroidRuntime( 5793): 	at amazon.speech.davs.davsclientservice.GenericDavsService.onCreate(GenericDavsService.java:52)
05-14 14:27:50.054 E/AndroidRuntime( 5793): 	at android.app.ActivityThread.handleCreateService(ActivityThread.java:2822)
05-14 14:27:50.054 E/AndroidRuntime( 5793): 	... 9 more
05-14 14:27:50.054 I/AndroidRuntime( 5793): To Report FATAL to activityManagerService
05-14 14:27:50.070 W/ContextImpl( 4541): Calling a method in the system process without a qualified user: android.app.ContextImpl.bindService:1849 android.content.ContextWrapper.bindService:564 amazon.speech.simclient.SimClient.createClient:140 amazon.speech.simclient.SimClient.createClient:124 com.amazon.settings.alexa.AlexaSettingsUpdatedJobService.onCreate:55 
05-14 14:27:50.103 I/AndroidRuntime( 5793): Finished reporting FATAL to activityManagerService
05-14 14:27:50.109 I/ActivityManager( 2603): addErrorToDropBox inserted hashcode=262849bfefd8b6d67a97ed51eb884059f9efe6eb for eventType crash.
05-14 14:27:50.111 I/Vlog    ( 2603): 1p_2p:bg_crash:fgtracking=false;DV;1,key=amazon.speech.davs.davsclientservice;DV;1,Counter=1.0;CT;1,unit=count;DV;1,metadata=262849bfefd8b6d67a97ed51eb884059f9efe6eb!{"d"#{"app_version"#"22"}};DV;1:HI
05-14 14:27:50.113 I/Vlog    ( 2603): 1p_2p:bg_crash:fgtracking=false;DV;1,key=amazon.speech.davs.davsclientservice;DV;1,Counter=1.0;CT;1,unit=count;DV;1,metadata=262849bfefd8b6d67a97ed51eb884059f9efe6eb!{"d"#{"app_version"#"22"$"source"#"dropbox"}};DV;1:HI
05-14 14:27:50.185 I/ActivityManager( 2603): Process amazon.speech.davs.davsclientservice (pid 5793) has died
05-14 14:27:50.185 D/ActivityManager( 2603): cleanUpApplicationRecord -- 5793
05-14 14:27:50.185 W/ActivityManager( 2603): Service crashed 2 times, stopping: ServiceRecord{28f1b7bf u0 amazon.speech.davs.davsclientservice/.GenericDavsService}
05-14 14:27:50.185 W/ActivityManager( 2603): Service crashed 2 times, stopping: ServiceRecord{26275127 u0 amazon.speech.davs.davsclientservice/.DavsClientService}
05-14 14:27:50.202 I/ActivityManager( 2603): Start proc 5841:amazon.speech.davs.davsclientservice/u0a12 for service amazon.speech.davs.davsclientservice/.DavsClientService
05-14 14:27:50.234 D/VendorDisplayManagerGlobalCallback( 5841): callGetInstance: nil
05-14 14:27:50.382 I/CrashDescriptorUtil( 2603): addErrorToCommonLog Hash already present in file
05-14 14:27:50.397 W/ContextImpl( 4541): Calling a method in the system process without a qualified user: android.app.ContextImpl.startService:1785 android.content.ContextWrapper.startService:541 com.amazon.settings.utils.DeviceContextUpdater.sendDeviceContextToSim:84 com.amazon.settings.utils.DeviceContextUpdater$1.doInBackground:238 com.amazon.settings.utils.DeviceContextUpdater$1.doInBackground:235 
05-14 14:27:50.402 W/ContextImpl( 4541): Calling a method in the system process without a qualified user: android.app.ContextImpl.bindService:1849 android.content.ContextWrapper.bindService:564 amazon.speech.simclient.SimClient.createClient:140 amazon.speech.simclient.SimClient.createClient:124 com.amazon.settings.utils.SimIntentService.onHandleIntent:158 
05-14 14:27:51.415 W/ContextImpl( 4541): Calling a method in the system process without a qualified user: android.app.ContextImpl.bindService:1849 android.content.ContextWrapper.bindService:564 amazon.speech.simclient.SimClient.createClient:140 amazon.speech.simclient.SimClient.createClient:124 com.amazon.settings.alexa.AlexaSettingsUpdatedJobService.onCreate:55 
05-14 14:27:53.432 W/ContextImpl( 4541): Calling a method in the system process without a qualified user: android.app.ContextImpl.bindService:1849 android.content.ContextWrapper.bindService:564 amazon.speech.simclient.SimClient.createClient:140 amazon.speech.simclient.SimClient.createClient:124 com.amazon.settings.alexa.AlexaSettingsUpdatedJobService.onCreate:55 
05-14 14:27:57.447 W/ContextImpl( 4541): Calling a method in the system process without a qualified user: android.app.ContextImpl.bindService:1849 android.content.ContextWrapper.bindService:564 amazon.speech.simclient.SimClient.createClient:140 amazon.speech.simclient.SimClient.createClient:124 com.amazon.settings.alexa.AlexaSettingsUpdatedJobService.onCreate:55 
05-14 14:27:59.489 I/ActivityManager( 2603): Waited long enough for: ServiceRecord{397f5084 u0 com.amazon.whisperlink.core.android/.WhisperLinkCoreService}
05-14 14:27:59.774 I/ActivityManager( 2603): Waited long enough for: ServiceRecord{3c98c18f u0 com.amazon.alarms/amazon.alexa.alerts.service.VolumeChangeService}
05-14 14:28:01.355 I/ActivityManager( 2603): Waited long enough for: ServiceRecord{1fdd5fd6 u0 com.amazon.comms.knightcontacts/com.amazon.comms.contacts.app.receiver.ScreenEventsRegistrationService}
05-14 14:28:04.894 I/ActivityManager( 2603): Waited long enough for: ServiceRecord{4a17f3f u0 amazon.speech.wakeword.datacollectservice/.DataCollectService}
05-14 14:28:05.465 W/ContextImpl( 4541): Calling a method in the system process without a qualified user: android.app.ContextImpl.bindService:1849 android.content.ContextWrapper.bindService:564 amazon.speech.simclient.SimClient.createClient:140 amazon.speech.simclient.SimClient.createClient:124 com.amazon.settings.alexa.AlexaSettingsUpdatedJobService.onCreate:55 
05-14 14:28:12.604 I/ActivityManager( 2603): START u0 {flg=0x10000000 cmp=org.mozilla.tv.firefox.debug/.MainActivity} from uid 2000 on display 0
05-14 14:28:14.137 I/Vlog    ( 2118): logd:performance:fgtracking=false;DV;1,key=TotalMessages;DV;1,Counter=11374;CT;1,unit=count;DV;1:HI
05-14 14:28:14.137 I/Vlog    ( 2118): logd:performance:fgtracking=false;DV;1,key=DroppedMessages;DV;1,Counter=0;CT;1,unit=count;DV;1:HI
05-14 14:28:14.137 I/Vlog    ( 2118): logd:performance:fgtracking=false;DV;1,key=Throughput;DV;1,Counter=-0.01;CT;1,unit=kbps;DV;1:HI
05-14 14:28:20.571 D/ActivityManager( 2603): single user service: com.amazon.imp
05-14 14:28:20.574 D/ActivityManager( 2603): app = com.amazon.imp, has single user service, setting process record.
05-14 14:28:24.844 I/ActivityManager( 2603): START u0 {flg=0x10000000 cmp=org.mozilla.tv.firefox.debug/.MainActivity} from uid 2000 on display 0
05-14 14:28:29.130 W/ContextImpl( 4541): Calling a method in the system process without a qualified user: android.app.ContextImpl.bindService:1849 android.content.ContextWrapper.bindService:564 amazon.speech.simclient.SimClient.createClient:140 amazon.speech.simclient.SimClient.createClient:124 com.amazon.settings.alexa.AlexaSettingsUpdatedJobService.onCreate:55 
05-14 14:28:55.875 I/AudioIn ( 2223): AudioIn:StreamIn:MaxCaptureDelay=8000000;CT;1,MinCaptureDelay=8000000;CT;1,MeanCaptureDelay=8000000;CT;1:NR
05-14 14:29:01.145 W/ContextImpl( 4541): Calling a method in the system process without a qualified user: android.app.ContextImpl.bindService:1849 android.content.ContextWrapper.bindService:564 amazon.speech.simclient.SimClient.createClient:140 amazon.speech.simclient.SimClient.createClient:124 com.amazon.settings.alexa.AlexaSettingsUpdatedJobService.onCreate:55 
05-14 14:29:08.999 D/ActivityManager( 2603): single user service: com.amazon.imp
05-14 14:29:09.000 D/ActivityManager( 2603): app = com.amazon.imp, has single user service, setting process record.
05-14 14:29:14.178 I/Vlog    ( 2118): logd:performance:fgtracking=false;DV;1,key=TotalMessages;DV;1,Counter=327;CT;1,unit=count;DV;1:HI
05-14 14:29:14.178 I/Vlog    ( 2118): logd:performance:fgtracking=false;DV;1,key=DroppedMessages;DV;1,Counter=0;CT;1,unit=count;DV;1:HI
05-14 14:29:14.178 I/Vlog    ( 2118): logd:performance:fgtracking=false;DV;1,key=Throughput;DV;1,Counter=4.09;CT;1,unit=kbps;DV;1:HI
05-14 14:29:18.605 D/WifiService( 2603): acquireWifiLockLocked: WifiLock{TComm.DPGatewayProbingService26041 type=1 binder=android.os.BinderProxy@3f9e3465}
05-14 14:29:18.950 D/ActivityManager( 2603): single user service: com.amazon.imp
05-14 14:29:18.951 D/ActivityManager( 2603): app = com.amazon.imp, has single user service, setting process record.
05-14 14:30:02.897 D/ActivityManager( 2603): single user service: com.amazon.imp
05-14 14:30:02.898 D/ActivityManager( 2603): app = com.amazon.imp, has single user service, setting process record.
05-14 14:30:05.161 W/ContextImpl( 4541): Calling a method in the system process without a qualified user: android.app.ContextImpl.bindService:1849 android.content.ContextWrapper.bindService:564 amazon.speech.simclient.SimClient.createClient:140 amazon.speech.simclient.SimClient.createClient:124 com.amazon.settings.alexa.AlexaSettingsUpdatedJobService.onCreate:55 
05-14 14:30:14.218 I/Vlog    ( 2118): logd:performance:fgtracking=false;DV;1,key=TotalMessages;DV;1,Counter=385;CT;1,unit=count;DV;1:HI
05-14 14:30:14.218 I/Vlog    ( 2118): logd:performance:fgtracking=false;DV;1,key=DroppedMessages;DV;1,Counter=0;CT;1,unit=count;DV;1:HI
05-14 14:30:14.218 I/Vlog    ( 2118): logd:performance:fgtracking=false;DV;1,key=Throughput;DV;1,Counter=5.46;CT;1,unit=kbps;DV;1:HI
05-14 14:30:15.883 I/AudioIn ( 2223): AudioIn:StreamIn:MaxCaptureDelay=8000000;CT;1,MinCaptureDelay=8000000;CT;1,MeanCaptureDelay=8000000;CT;1:NR
05-14 14:30:18.432 D/ECS_CloudPresenceNotifier( 3178): No buffered activity; not sending event to cloud
05-14 14:30:23.738 I/ActivityManager( 2603): START u0 {flg=0x10000000 cmp=org.mozilla.tv.firefox.debug/.MainActivity} from uid 2000 on display 0
05-14 14:30:35.945 I/ECS_ECWakeWordEventProvider( 3178): WakeWord Detected.
05-14 14:30:35.945 I/ECS_ECService( 3178): Received event: WAKE_WORD
05-14 14:30:35.945 I/ECS_ECStateMachine( 3178): Received event: WAKE_WORD
05-14 14:30:35.945 D/ECS_TimeoutManager( 3178): reset()
05-14 14:30:35.949 D/ECS_TimeoutManager/reset( 3178): com.amazon.paladin:32 
05-14 14:30:35.950 D/ECS_TimeoutManager( 3178): TimeoutPolicy found for packageName com.amazon.paladin: TimeoutPolicy<2147483647s,1>
05-14 14:30:35.950 D/ECS_TimeoutManager( 3178): resetHeartbeat com.amazon.paladin:TimeoutPolicy<2147483647s,1>
05-14 14:30:35.950 D/ECS_TimeoutManager( 3178): TimeoutManager is stopped
05-14 14:30:35.950 D/ECS_TimeoutManager( 3178): timer rescheduled
05-14 14:30:35.950 I/ECS_ECStateMachine( 3178): ECS state changed from AWAKE to AWAKE with shouldEnableHDS: true
05-14 14:30:35.950 I/ECS_ECService( 3178): Received event: CLOUD_PRESENCE_INTERACTION
05-14 14:30:35.950 I/ECS_ECStateMachine( 3178): Received event: CLOUD_PRESENCE_INTERACTION
05-14 14:30:38.244 I/ActivityManager( 2603): Start proc 6211:com.android.defcontainer/u0a22006 for service com.android.defcontainer/.DefaultContainerService
05-14 14:30:38.265 D/VendorDisplayManagerGlobalCallback( 6211): callGetInstance: nil
05-14 14:30:38.325 D/PackageManager( 2603): /data/app/vmdl325489154.tmp already staged; skipping copy
05-14 14:30:38.954 D/PackageManager( 2603): Renaming /data/app/vmdl325489154.tmp to /data/app/org.mozilla.tv.firefox.debug-1
05-14 14:30:38.957 I/LoggerMetricsFactoryImpl( 2603): PackageManager:AppUninstall:PackageVersion=2.1;DV;1,PackageName=org.mozilla.tv.firefox.debug;DV;1:NR
05-14 14:30:38.957 I/ActivityManager( 2603): Force stopping org.mozilla.tv.firefox.debug appid=10007 user=-1: uninstall pkg
05-14 14:30:39.013 I/PackageManager( 2603): Package org.mozilla.tv.firefox.debug codePath changed from /data/app/org.mozilla.tv.firefox.debug-2 to /data/app/org.mozilla.tv.firefox.debug-1; Retaining data and using new
05-14 14:30:39.028 D/PackageManager( 2603): Resolved nativeLibraryRoot for org.mozilla.tv.firefox.debug to root=/data/app/org.mozilla.tv.firefox.debug-1/lib, isa=true
05-14 14:30:39.161 I/ActivityManager( 2603): Force stopping org.mozilla.tv.firefox.debug appid=10007 user=-1: update pkg
05-14 14:30:39.161 W/PackageManager( 2603): Code path for pkg : org.mozilla.tv.firefox.debug changing from /data/app/org.mozilla.tv.firefox.debug-2 to /data/app/org.mozilla.tv.firefox.debug-1
05-14 14:30:39.161 W/PackageManager( 2603): Resource path for pkg : org.mozilla.tv.firefox.debug changing from /data/app/org.mozilla.tv.firefox.debug-2 to /data/app/org.mozilla.tv.firefox.debug-1
05-14 14:30:39.161 I/LoggerMetricsFactoryImpl( 2603): PackageManager:AppInstalled:PackageVersion=2.1;DV;1,PackageName=org.mozilla.tv.firefox.debug;DV;1:NR
05-14 14:30:39.162 E/PackageWhitelisterManagerCallback( 2603): Preload App configuration file /system/etc/fdrw_preload_apps.conf not found
05-14 14:30:39.207 W/PackageManager( 2603): Not granting permission android.permission.DISABLE_KEYGUARD to package org.mozilla.tv.firefox.debug (protectionLevel=146 flags=0x483f46)
05-14 14:30:39.207 W/PackageManager( 2603): Not granting permission android.permission.CHANGE_CONFIGURATION to package org.mozilla.tv.firefox.debug (protectionLevel=50 flags=0x483f46)
05-14 14:30:39.251 I/ActivityManager( 2603): Force stopping org.mozilla.tv.firefox.debug appid=10007 user=0: pkg removed
05-14 14:30:39.261 D/JobSchedulerService( 2603): Receieved: android.intent.action.PACKAGE_REMOVED
05-14 14:30:39.264 D/ECS_TimeoutManager( 3178): Clearing timeout for org.mozilla.tv.firefox.debug due to android.intent.action.PACKAGE_REPLACED
05-14 14:30:39.266 W/InputMethodManagerService( 2603): Settings not found for 'safe mode' for current user
05-14 14:30:39.298 W/ContextImpl( 4764): Calling a method in the system process without a qualified user: android.app.ContextImpl.startService:1785 android.content.ContextWrapper.startService:541 android.content.ContextWrapper.startService:541 com.android.keychain.KeyChainBroadcastReceiver.onReceive:12 android.app.ActivityThread.handleReceiver:2663 
05-14 14:30:39.351 I/ActivityManager( 2603): Start proc 6235:com.svox.pico/u0a8 for broadcast com.svox.pico/.VoiceDataInstallerReceiver
05-14 14:30:39.405 D/VendorDisplayManagerGlobalCallback( 6235): callGetInstance: nil
05-14 14:30:39.405 W/VoiceInteractionManagerService( 2603): no available voice recognition services found for user 0
05-14 14:30:39.462 W/PackageManager( 2603): Couldn't remove dex file for package:  at location /data/app/org.mozilla.tv.firefox.debug-2/split_lib_dependencies_apk.apk, retcode=-1
05-14 14:30:39.462 W/PackageManager( 2603): Couldn't remove dex file for package:  at location /data/app/org.mozilla.tv.firefox.debug-2/split_lib_slice_0_apk.apk, retcode=-1
05-14 14:30:39.463 W/PackageManager( 2603): Couldn't remove dex file for package:  at location /data/app/org.mozilla.tv.firefox.debug-2/split_lib_slice_1_apk.apk, retcode=-1
05-14 14:30:39.463 W/PackageManager( 2603): Couldn't remove dex file for package:  at location /data/app/org.mozilla.tv.firefox.debug-2/split_lib_slice_2_apk.apk, retcode=-1
05-14 14:30:39.464 W/PackageManager( 2603): Couldn't remove dex file for package:  at location /data/app/org.mozilla.tv.firefox.debug-2/split_lib_slice_3_apk.apk, retcode=-1
05-14 14:30:39.464 W/PackageManager( 2603): Couldn't remove dex file for package:  at location /data/app/org.mozilla.tv.firefox.debug-2/split_lib_slice_4_apk.apk, retcode=-1
05-14 14:30:39.464 W/PackageManager( 2603): Couldn't remove dex file for package:  at location /data/app/org.mozilla.tv.firefox.debug-2/split_lib_slice_5_apk.apk, retcode=-1
05-14 14:30:39.465 W/PackageManager( 2603): Couldn't remove dex file for package:  at location /data/app/org.mozilla.tv.firefox.debug-2/split_lib_slice_6_apk.apk, retcode=-1
05-14 14:30:39.466 W/PackageManager( 2603): Couldn't remove dex file for package:  at location /data/app/org.mozilla.tv.firefox.debug-2/split_lib_slice_7_apk.apk, retcode=-1
05-14 14:30:39.466 W/PackageManager( 2603): Couldn't remove dex file for package:  at location /data/app/org.mozilla.tv.firefox.debug-2/split_lib_slice_8_apk.apk, retcode=-1
05-14 14:30:39.466 W/PackageManager( 2603): Couldn't remove dex file for package:  at location /data/app/org.mozilla.tv.firefox.debug-2/split_lib_slice_9_apk.apk, retcode=-1
05-14 14:30:39.478 I/ActivityManager( 2603): Start proc 6253:com.amazon.platform.fdrw/1000 for broadcast com.amazon.platform.fdrw/.PackageWhitelistingHandler
05-14 14:30:39.484 I/com.android.server.pm.ExternalInstallPackageManagerCallback( 2603): Installation succeeded for app org.mozilla.tv.firefox.debug on internal storage. Return code:1
05-14 14:30:39.522 D/VendorDisplayManagerGlobalCallback( 6253): callGetInstance: nil
05-14 14:30:39.844 I/ActivityManager( 2603): START u0 {act=android.intent.action.MAIN cat=[android.intent.category.LAUNCHER] flg=0x10000000 cmp=org.mozilla.tv.firefox.debug/org.mozilla.focus.MainActivity} from uid 2000 on display 0
05-14 14:30:39.857 W/ActivityManager( 2603): Input dispatching paused for current ActivityRecord: ActivityRecord{32a3f46e u0 org.mozilla.tv.firefox.debug/org.mozilla.focus.MainActivity t33}
05-14 14:30:39.857 V/WindowManager( 2603): addAppToken: AppWindowToken{3c1839c token=Token{3f5cc70f ActivityRecord{32a3f46e u0 org.mozilla.tv.firefox.debug/org.mozilla.focus.MainActivity t33}}} to stack=1 task=33 at 0
05-14 14:30:39.893 I/ActivityManager( 2603): Start proc 6287:org.mozilla.tv.firefox.debug/u0a7 for activity org.mozilla.tv.firefox.debug/org.mozilla.focus.MainActivity
05-14 14:30:39.945 D/VendorDisplayManagerGlobalCallback( 6287): callGetInstance: nil
05-14 14:30:40.410 W/ActivityManager( 2603): getRunningAppProcesses: caller 10007 does not hold REAL_GET_TASKS; limiting output
05-14 14:30:40.643 I/FrameworkJumpTable( 6287): Successfully loaded all classes
05-14 14:30:40.654 I/FrameworkJumpTable( 6287): Successfully loaded all methods
05-14 14:30:40.655 I/FrameworkJumpTable( 6287): Successfully loaded all fields
05-14 14:30:40.896 I/ECS_TimeoutManager( 3178): Task stack changed
05-14 14:30:40.896 D/ECS_TimeoutManager( 3178): reset()
05-14 14:30:40.897 D/ECS_TimeoutManager/reset( 3178): org.mozilla.tv.firefox.debug:33 com.amazon.paladin:32 
05-14 14:30:40.898 D/ECS_TimeoutManager( 3178): getDefaultPackageTimeoutPolicy org.mozilla.tv.firefox.debug
05-14 14:30:40.899 D/ECS_TimeoutManager( 3178): falling back to default within metadata
05-14 14:30:40.899 D/ECS_TimeoutManager( 3178): org.mozilla.tv.firefox.debug TimeoutPolicy<30s,0>
05-14 14:30:40.899 D/ECS_TimeoutManager( 3178): TimeoutPolicy not found for packageName org.mozilla.tv.firefox.debug. Defaulting to: TimeoutPolicy<30s,0>
05-14 14:30:40.899 D/ECS_TimeoutManager( 3178): resetHeartbeat org.mozilla.tv.firefox.debug:TimeoutPolicy<30s,0>
05-14 14:30:40.899 D/ECS_TimeoutManager( 3178): TimeoutManager is stopped
05-14 14:30:40.899 D/ECS_TimeoutManager( 3178): timer rescheduled
05-14 14:30:41.122 I/ActivityManager( 2603): Start proc 6319:com.amazon.webview.awvdeploymentservice:remote/u0a22034 for service com.amazon.webview.awvdeploymentservice/.service.AWVArcusService
05-14 14:30:41.173 I/ActivityManager( 2603): Start proc 6339:com.amazon.webview.awvdeploymentservice/u0a22034 for content provider com.amazon.webview.awvdeploymentservice/.service.AWVArcusContentProvider
05-14 14:30:41.178 D/VendorDisplayManagerGlobalCallback( 6319): callGetInstance: nil
05-14 14:30:41.199 D/VendorDisplayManagerGlobalCallback( 6339): callGetInstance: nil
05-14 14:30:41.275 I/ActivityManager( 2603): Start proc 6356:com.amazon.webview.metrics.service:AWVMetricsProcess/u0a22001 for service com.amazon.webview.metrics.service/.AWVMetricsService
05-14 14:30:41.320 D/VendorDisplayManagerGlobalCallback( 6356): callGetInstance: nil
05-14 14:30:43.062 I/ActivityManager( 2603): Start proc 6384:com.amazon.webview.chromium:sandboxed_process0/u0i0 for service com.amazon.webview.chromium/org.chromium.content.app.SandboxedProcessService0
05-14 14:30:43.083 D/VendorDisplayManagerGlobalCallback( 6384): callGetInstance: nil
05-14 14:30:43.574 D/ConnectivityService( 2603): listenForNetwork for NetworkRequest [ id=4, legacyType=-1, [ Capabilities: INTERNET&NOT_RESTRICTED&TRUSTED] ]
05-14 14:30:43.574 D/ConnectivityService( 2603): handleRegisterNetworkRequest checking NetworkAgentInfo [WIFI () - 100]
05-14 14:30:43.574 D/ConnectivityService( 2603): apparently satisfied.  currentScore=60
05-14 14:30:44.488 V/WindowManager( 2603): Adding window Window{35295318 u0 org.mozilla.tv.firefox.debug/org.mozilla.focus.MainActivity} at 2 of 7 (after Window{308daf27 u0 com.amazon.paladin/com.amazon.paladin.PanelsHorizontalPagingActivity EXITING})
05-14 14:30:44.513 I/Vlog    ( 6356): AmazonWebView:WebViewLoadEventCreated:fgtracking=false;DV;1,Timer=1.0;TI;1,unit=count;DV;1,metadata=!{"d"#{"metadata"#""$"key"#"org.mozilla.tv.firefox.debug"}};DV;1:HI
05-14 14:30:44.531 D/ConnectivityService( 2603): listenForNetwork for NetworkRequest [ id=5, legacyType=-1, [ Capabilities: INTERNET&NOT_RESTRICTED&TRUSTED] ]
05-14 14:30:44.531 D/ConnectivityService( 2603): handleRegisterNetworkRequest checking NetworkAgentInfo [WIFI () - 100]
05-14 14:30:44.531 D/ConnectivityService( 2603): apparently satisfied.  currentScore=60
05-14 14:30:44.883 I/LoggerMetricsFactoryImpl( 2603): PhoneWindowManager:ActivityChanged:org.mozilla.tv.firefox.debug=1.0;CT;1:NR
05-14 14:30:44.883 I/Vlog    ( 2603): ScreenTime:PackageScreenTime:fgtracking=false;DV;1,key=com.amazon.paladin;DV;1,Timer=0.04928305555555555;TI;1,unit=hours;DV;1,metadata=!{"d"#{"app_version"#"1757510"}};DV;1:HI
05-14 14:30:44.883 I/LoggerMetricsFactoryImpl( 2603): PhoneWindowManager:ScreenTime:com.amazon.paladin=177419.0;TI;1,endTimeMs=1.526333444883E12;TI;1,startTimeMs=1.526333267464E12;TI;1:NR
05-14 14:30:45.187 I/Vlog    ( 2603): performance:cool_app_launch_time:fgtracking=false;DV;1,key=org.mozilla.tv.firefox.debug;DV;1,Timer=5343.0;TI;1,unit=ms;DV;1,metadata=org.mozilla.tv.firefox.debug/org.mozilla.focus.MainActivity!{"d"#{"app_version"#"11"}$"m"#{"context"#"S1T0A1D0I0L1E0M99"$"prev"#"org.mozilla.tv.firefox.debug/.MainActivity"}};DV;1:HI
05-14 14:30:45.187 I/Vlog    ( 2603): performance:cool_activity_launch_time:fgtracking=false;DV;1,key=org.mozilla.tv.firefox.debug;DV;1,Timer=5246.0;TI;1,unit=ms;DV;1,metadata=org.mozilla.tv.firefox.debug/org.mozilla.focus.MainActivity!{"d"#{"app_version"#"11"}$"m"#{"context"#"S1T0A1D0I0L1E0M99"$"prev"#"org.mozilla.tv.firefox.debug/.MainActivity"}};DV;1:HI
05-14 14:30:45.195 I/Vlog    ( 2603): performance:SkippedVsyncsBucket1:fgtracking=false;DV;1,key=com.amazon.paladin;DV;1,Counter=4.0;CT;1,unit=count;DV;1,metadata=com.amazon.paladin/.PanelsHorizontalPagingActivity!{"d"#{"app_version"#"1757510"}$"m"#{"context"#"S1T0A1D0I0L0E0M99"$"prev"#"org.mozilla.tv.firefox.debug/.MainActivity"}};DV;1:HI
05-14 14:30:45.195 I/Vlog    ( 2603): performance:SkippedVsyncsBucket2:fgtracking=false;DV;1,key=com.amazon.paladin;DV;1,Counter=1.0;CT;1,unit=count;DV;1,metadata=com.amazon.paladin/.PanelsHorizontalPagingActivity!{"d"#{"app_version"#"1757510"}$"m"#{"context"#"S1T0A1D0I0L0E0M99"$"prev"#"org.mozilla.tv.firefox.debug/.MainActivity"}};DV;1:HI
05-14 14:30:45.195 I/Vlog    ( 2603): performance:SkippedVsyncsBucket3:fgtracking=false;DV;1,key=com.amazon.paladin;DV;1,Counter=2.0;CT;1,unit=count;DV;1,metadata=com.amazon.paladin/.PanelsHorizontalPagingActivity!{"d"#{"app_version"#"1757510"}$"m"#{"context"#"S1T0A1D0I0L0E0M99"$"prev"#"org.mozilla.tv.firefox.debug/.MainActivity"}};DV;1:HI
05-14 14:30:45.195 I/Vlog    ( 2603): performance:SkippedVsyncsBucket5:fgtracking=false;DV;1,key=com.amazon.paladin;DV;1,Counter=2.0;CT;1,unit=count;DV;1,metadata=com.amazon.paladin/.PanelsHorizontalPagingActivity!{"d"#{"app_version"#"1757510"}$"m"#{"context"#"S1T0A1D0I0L0E0M99"$"prev"#"org.mozilla.tv.firefox.debug/.MainActivity"}};DV;1:HI
05-14 14:30:45.195 I/Vlog    ( 2603): performance:SkippedVsyncsBucket25:fgtracking=false;DV;1,key=com.amazon.paladin;DV;1,Counter=1.0;CT;1,unit=count;DV;1,metadata=com.amazon.paladin/.PanelsHorizontalPagingActivity!{"d"#{"app_version"#"1757510"}$"m"#{"context"#"S1T0A1D0I0L0E0M99"$"prev"#"org.mozilla.tv.firefox.debug/.MainActivity"}};DV;1:HI
05-14 14:30:45.195 I/Vlog    ( 2603): performance:FrameDropTotal:fgtracking=false;DV;1,key=com.amazon.paladin;DV;1,Counter=74.0;CT;1,unit=count;DV;1,metadata=com.amazon.paladin/.PanelsHorizontalPagingActivity!{"d"#{"app_version"#"1757510"}$"m"#{"context"#"S1T0A1D0I0L0E0M99"$"prev"#"org.mozilla.tv.firefox.debug/.MainActivity"}};DV;1:HI
05-14 14:30:45.195 I/Vlog    ( 2603): performance:FramesTotal:fgtracking=false;DV;1,key=com.amazon.paladin;DV;1,Counter=266.0;CT;1,unit=count;DV;1,metadata=com.amazon.paladin/.PanelsHorizontalPagingActivity!{"d"#{"app_version"#"1757510"}$"m"#{"context"#"S1T0A1D0I0L0E0M99"$"prev"#"org.mozilla.tv.firefox.debug/.MainActivity"}};DV;1:HI
05-14 14:30:45.195 I/Vlog    ( 2603): performance:DelayedFirstFrames:fgtracking=false;DV;1,key=com.amazon.paladin;DV;1,Counter=2.0;CT;1,unit=count;DV;1,metadata=com.amazon.paladin/.PanelsHorizontalPagingActivity!{"d"#{"app_version"#"1757510"}$"m"#{"context"#"S1T0A1D0I0L0E0M99"$"prev"#"org.mozilla.tv.firefox.debug/.MainActivity"}};DV;1:HI
05-14 14:30:45.196 I/Vlog    ( 2603): performance:FirstFramesTotal:fgtracking=false;DV;1,key=com.amazon.paladin;DV;1,Counter=7.0;CT;1,unit=count;DV;1,metadata=com.amazon.paladin/.PanelsHorizontalPagingActivity!{"d"#{"app_version"#"1757510"}$"m"#{"context"#"S1T0A1D0I0L0E0M99"$"prev"#"org.mozilla.tv.firefox.debug/.MainActivity"}};DV;1:HI
05-14 14:30:45.196 I/Vlog    ( 2603): performance:SkippedVsyncsBucket25:fgtracking=false;DV;1,key=org.mozilla.tv.firefox.debug;DV;1,Counter=1.0;CT;1,unit=count;DV;1,metadata=org.mozilla.tv.firefox.debug/org.mozilla.focus.MainActivity!{"d"#{"app_version"#"11"}$"m"#{"context"#"S1T0A1D0I0L0E0M99"$"prev"#"org.mozilla.tv.firefox.debug/.MainActivity"}};DV;1:HI
05-14 14:30:45.196 I/Vlog    ( 2603): performance:FrameDropTotal:fgtracking=false;DV;1,key=org.mozilla.tv.firefox.debug;DV;1,Counter=28.0;CT;1,unit=count;DV;1,metadata=org.mozilla.tv.firefox.debug/org.mozilla.focus.MainActivity!{"d"#{"app_version"#"11"}$"m"#{"context"#"S1T0A1D0I0L0E0M99"$"prev"#"org.mozilla.tv.firefox.debug/.MainActivity"}};DV;1:HI
05-14 14:30:45.196 I/Vlog    ( 2603): performance:FramesTotal:fgtracking=false;DV;1,key=org.mozilla.tv.firefox.debug;DV;1,Counter=1.0;CT;1,unit=count;DV;1,metadata=org.mozilla.tv.firefox.debug/org.mozilla.focus.MainActivity!{"d"#{"app_version"#"11"}$"m"#{"context"#"S1T0A1D0I0L0E0M99"$"prev"#"org.mozilla.tv.firefox.debug/.MainActivity"}};DV;1:HI
05-14 14:30:45.196 I/Vlog    ( 2603): performance:DelayedFirstFrames:fgtracking=false;DV;1,key=org.mozilla.tv.firefox.debug;DV;1,Counter=1.0;CT;1,unit=count;DV;1,metadata=org.mozilla.tv.firefox.debug/org.mozilla.focus.MainActivity!{"d"#{"app_version"#"11"}$"m"#{"context"#"S1T0A1D0I0L0E0M99"$"prev"#"org.mozilla.tv.firefox.debug/.MainActivity"}};DV;1:HI
05-14 14:30:45.196 I/Vlog    ( 2603): performance:FirstFramesTotal:fgtracking=false;DV;1,key=org.mozilla.tv.firefox.debug;DV;1,Counter=1.0;CT;1,unit=count;DV;1,metadata=org.mozilla.tv.firefox.debug/org.mozilla.focus.MainActivity!{"d"#{"app_version"#"11"}$"m"#{"context"#"S1T0A1D0I0L0E0M99"$"prev"#"org.mozilla.tv.firefox.debug/.MainActivity"}};DV;1:HI
05-14 14:30:45.198 W/InputMethodManagerService( 2603): Settings not found for 'safe mode' for current user
05-14 14:30:45.351 W/InputMethodManagerService( 2603): Settings not found for 'safe mode' for current user
05-14 14:30:45.352 W/InputMethodManagerService( 2603): Settings not found for 'safe mode' for current user
05-14 14:30:45.617 W/InputMethodManagerService( 2603): Settings not found for 'safe mode' for current user
05-14 14:30:48.629 I/ECS_ECService( 3178): Received event: TOUCH_EVENT
05-14 14:30:48.629 I/ECS_ECStateMachine( 3178): Received event: TOUCH_EVENT
05-14 14:30:48.629 D/ECS_TimeoutManager( 3178): reset()
05-14 14:30:48.630 D/ECS_TimeoutManager/reset( 3178): org.mozilla.tv.firefox.debug:33 com.amazon.paladin:32 
05-14 14:30:48.630 D/ECS_TimeoutManager( 3178): TimeoutPolicy found for packageName org.mozilla.tv.firefox.debug: TimeoutPolicy<30s,0>
05-14 14:30:48.630 D/ECS_TimeoutManager( 3178): resetHeartbeat org.mozilla.tv.firefox.debug:TimeoutPolicy<30s,0>
05-14 14:30:48.631 D/ECS_TimeoutManager( 3178): TimeoutManager is stopped
05-14 14:30:48.631 D/ECS_TimeoutManager( 3178): timer rescheduled
05-14 14:30:48.632 I/ECS_ECStateMachine( 3178): ECS state changed from AWAKE to AWAKE with shouldEnableHDS: true
05-14 14:30:48.635 I/ECS_ECService( 3178): Received event: CLOUD_PRESENCE_INTERACTION
05-14 14:30:48.635 I/ECS_ECStateMachine( 3178): Received event: CLOUD_PRESENCE_INTERACTION
05-14 14:30:48.762 W/InputMethodManagerService( 2603): Settings not found for 'safe mode' for current user
05-14 14:30:48.775 W/InputMethodManagerService( 2603): Settings not found for 'safe mode' for current user
05-14 14:30:48.785 W/InputMethodManagerService( 2603): Settings not found for 'safe mode' for current user
05-14 14:30:59.495 I/ActivityManager( 2603): Force stopping org.mozilla.tv.firefox.debug appid=10007 user=0: from pid 6455
05-14 14:30:59.495 I/ActivityManager( 2603): Killing 6287:org.mozilla.tv.firefox.debug/u0a7 (adj 0): stop org.mozilla.tv.firefox.debug
05-14 14:30:59.542 D/ConnectivityService( 2603): ConnectivityService NetworkRequestInfo binderDied(NetworkRequest [ id=4, legacyType=-1, [ Capabilities: INTERNET&NOT_RESTRICTED&TRUSTED] ], android.os.BinderProxy@1ed0a7d5)
05-14 14:30:59.542 D/ConnectivityService( 2603): ConnectivityService NetworkRequestInfo binderDied(NetworkRequest [ id=5, legacyType=-1, [ Capabilities: INTERNET&NOT_RESTRICTED&TRUSTED] ], android.os.BinderProxy@15b88bea)
05-14 14:30:59.542 D/ConnectivityService( 2603): releasing NetworkRequest NetworkRequest [ id=4, legacyType=-1, [ Capabilities: INTERNET&NOT_RESTRICTED&TRUSTED] ]
05-14 14:30:59.542 I/WindowState( 2603): WIN DEATH: Window{35295318 u0 org.mozilla.tv.firefox.debug/org.mozilla.focus.MainActivity}
05-14 14:30:59.544 E/ConnectivityService( 2603): RemoteException caught trying to send a callback msg for NetworkRequest [ id=4, legacyType=-1, [ Capabilities: INTERNET&NOT_RESTRICTED&TRUSTED] ]
05-14 14:30:59.544 D/ConnectivityService( 2603): releasing NetworkRequest NetworkRequest [ id=5, legacyType=-1, [ Capabilities: INTERNET&NOT_RESTRICTED&TRUSTED] ]
05-14 14:30:59.545 E/ConnectivityService( 2603): RemoteException caught trying to send a callback msg for NetworkRequest [ id=5, legacyType=-1, [ Capabilities: INTERNET&NOT_RESTRICTED&TRUSTED] ]
05-14 14:30:59.611 D/ActivityManager( 2603): cleanUpApplicationRecord -- 6287
05-14 14:30:59.628 W/ActivityManager( 2603): Exception when unbinding service com.amazon.webview.chromium/org.chromium.content.app.SandboxedProcessService0
05-14 14:30:59.628 W/ActivityManager( 2603): android.os.DeadObjectException
05-14 14:30:59.628 W/ActivityManager( 2603): 	at android.os.BinderProxy.transactNative(Native Method)
05-14 14:30:59.628 W/ActivityManager( 2603): 	at android.os.BinderProxy.transact(Binder.java:496)
05-14 14:30:59.628 W/ActivityManager( 2603): 	at android.app.ApplicationThreadProxy.scheduleUnbindService(ApplicationThreadNative.java:921)
05-14 14:30:59.628 W/ActivityManager( 2603): 	at com.android.server.am.ActiveServices.removeConnectionLocked(ActiveServices.java:1918)
05-14 14:30:59.628 W/ActivityManager( 2603): 	at com.android.server.am.ActiveServices.killServicesLocked(ActiveServices.java:2264)
05-14 14:30:59.628 W/ActivityManager( 2603): 	at com.android.server.am.ActivityManagerService.cleanUpApplicationRecordLocked(ActivityManagerService.java:16039)
05-14 14:30:59.628 W/ActivityManager( 2603): 	at com.android.server.am.ActivityManagerService.handleAppDiedLocked(ActivityManagerService.java:4949)
05-14 14:30:59.628 W/ActivityManager( 2603): 	at com.android.server.am.ActivityManagerService.removeProcessLocked(ActivityManagerService.java:6348)
05-14 14:30:59.628 W/ActivityManager( 2603): 	at com.android.server.am.ActivityManagerService.killPackageProcessesLocked(ActivityManagerService.java:6153)
05-14 14:30:59.628 W/ActivityManager( 2603): 	at com.android.server.am.ActivityManagerService.forceStopPackageLocked(ActivityManagerService.java:6214)
05-14 14:30:59.628 W/ActivityManager( 2603): 	at com.android.server.am.ActivityManagerService.forceStopPackageLocked(ActivityManagerService.java:6058)
05-14 14:30:59.628 W/ActivityManager( 2603): 	at com.android.server.am.ActivityManagerService.forceStopPackage(ActivityManagerService.java:5864)
05-14 14:30:59.628 W/ActivityManager( 2603): 	at android.app.ActivityManagerNative.onTransact(ActivityManagerNative.java:1461)
05-14 14:30:59.628 W/ActivityManager( 2603): 	at com.android.server.am.ActivityManagerService.onTransact(ActivityManagerService.java:2438)
05-14 14:30:59.628 W/ActivityManager( 2603): 	at android.os.Binder.execTransact(Binder.java:446)
05-14 14:30:59.674 W/ActivityManager( 2603): Force removing ActivityRecord{32a3f46e u0 org.mozilla.tv.firefox.debug/org.mozilla.focus.MainActivity t33}: app died, no saved state
05-14 14:30:59.677 I/ActivityManager( 2603): Killing 6384:com.amazon.webview.chromium:sandboxed_process0/u0a22074i0 (adj 9): isolated not needed
05-14 14:30:59.685 I/Vlog    ( 2603): performance:SkippedVsyncsBucket1:fgtracking=false;DV;1,key=org.mozilla.tv.firefox.debug;DV;1,Counter=1.0;CT;1,unit=count;DV;1,metadata=org.mozilla.tv.firefox.debug/org.mozilla.focus.MainActivity!{"d"#{"app_version"#"11"}$"m"#{"context"#"S1T0A1D0I0L0E0M99"$"prev"#"org.mozilla.tv.firefox.debug/org.mozilla.focus.MainActivity"}};DV;1:HI
05-14 14:30:59.686 W/ActivityManager( 2603): Spurious death for ProcessRecord{26c8907 6287:org.mozilla.tv.firefox.debug/u0a7}, curProc for 6287: null
05-14 14:30:59.687 D/ActivityManager( 2603): cleanUpApplicationRecord -- 6384
05-14 14:30:59.688 I/Vlog    ( 2603): performance:SkippedVsyncsBucket2:fgtracking=false;DV;1,key=org.mozilla.tv.firefox.debug;DV;1,Counter=1.0;CT;1,unit=count;DV;1,metadata=org.mozilla.tv.firefox.debug/org.mozilla.focus.MainActivity!{"d"#{"app_version"#"11"}$"m"#{"context"#"S1T0A1D0I0L0E0M99"$"prev"#"org.mozilla.tv.firefox.debug/org.mozilla.focus.MainActivity"}};DV;1:HI
05-14 14:30:59.688 I/Vlog    ( 2603): performance:SkippedVsyncsBucket3:fgtracking=false;DV;1,key=org.mozilla.tv.firefox.debug;DV;1,Counter=1.0;CT;1,unit=count;DV;1,metadata=org.mozilla.tv.firefox.debug/org.mozilla.focus.MainActivity!{"d"#{"app_version"#"11"}$"m"#{"context"#"S1T0A1D0I0L0E0M99"$"prev"#"org.mozilla.tv.firefox.debug/org.mozilla.focus.MainActivity"}};DV;1:HI
05-14 14:30:59.688 I/Vlog    ( 2603): performance:SkippedVsyncsBucket5:fgtracking=false;DV;1,key=org.mozilla.tv.firefox.debug;DV;1,Counter=2.0;CT;1,unit=count;DV;1,metadata=org.mozilla.tv.firefox.debug/org.mozilla.focus.MainActivity!{"d"#{"app_version"#"11"}$"m"#{"context"#"S1T0A1D0I0L0E0M99"$"prev"#"org.mozilla.tv.firefox.debug/org.mozilla.focus.MainActivity"}};DV;1:HI
05-14 14:30:59.689 I/Vlog    ( 2603): performance:FrameDropTotal:fgtracking=false;DV;1,key=org.mozilla.tv.firefox.debug;DV;1,Counter=22.0;CT;1,unit=count;DV;1,metadata=org.mozilla.tv.firefox.debug/org.mozilla.focus.MainActivity!{"d"#{"app_version"#"11"}$"m"#{"context"#"S1T0A1D0I0L0E0M99"$"prev"#"org.mozilla.tv.firefox.debug/org.mozilla.focus.MainActivity"}};DV;1:HI
05-14 14:30:59.690 I/Vlog    ( 2603): performance:FramesTotal:fgtracking=false;DV;1,key=org.mozilla.tv.firefox.debug;DV;1,Counter=6.0;CT;1,unit=count;DV;1,metadata=org.mozilla.tv.firefox.debug/org.mozilla.focus.MainActivity!{"d"#{"app_version"#"11"}$"m"#{"context"#"S1T0A1D0I0L0E0M99"$"prev"#"org.mozilla.tv.firefox.debug/org.mozilla.focus.MainActivity"}};DV;1:HI
05-14 14:30:59.691 I/Vlog    ( 2603): performance:FirstFramesTotal:fgtracking=false;DV;1,key=com.amazon.paladin;DV;1,Counter=2.0;CT;1,unit=count;DV;1,metadata=com.amazon.paladin/.PanelsHorizontalPagingActivity!{"d"#{"app_version"#"1757510"}$"m"#{"context"#"S1T0A1D0I0L0E0M99"$"prev"#"org.mozilla.tv.firefox.debug/org.mozilla.focus.MainActivity"}};DV;1:HI
05-14 14:30:59.701 D/ECS_TimeoutManager( 3178): Clearing timeout for org.mozilla.tv.firefox.debug due to android.intent.action.PACKAGE_RESTARTED
